Archive member included to satisfy reference by file (symbol)

c:/program files (x86)/atmel/studio/7.0/toolchain/avr8/avr8-gnu-toolchain/bin/../lib/gcc/avr/5.4.0/../../../../avr/lib/avrxmega4\libm.a(addsf3.o)
                              main.o (__subsf3)
c:/program files (x86)/atmel/studio/7.0/toolchain/avr8/avr8-gnu-toolchain/bin/../lib/gcc/avr/5.4.0/../../../../avr/lib/avrxmega4\libm.a(addsf3x.o)
                              c:/program files (x86)/atmel/studio/7.0/toolchain/avr8/avr8-gnu-toolchain/bin/../lib/gcc/avr/5.4.0/../../../../avr/lib/avrxmega4\libm.a(addsf3.o) (__addsf3x)
c:/program files (x86)/atmel/studio/7.0/toolchain/avr8/avr8-gnu-toolchain/bin/../lib/gcc/avr/5.4.0/../../../../avr/lib/avrxmega4\libm.a(cmpsf2.o)
                              main.o (__eqsf2)
c:/program files (x86)/atmel/studio/7.0/toolchain/avr8/avr8-gnu-toolchain/bin/../lib/gcc/avr/5.4.0/../../../../avr/lib/avrxmega4\libm.a(divsf3.o)
                              main.o (__divsf3)
c:/program files (x86)/atmel/studio/7.0/toolchain/avr8/avr8-gnu-toolchain/bin/../lib/gcc/avr/5.4.0/../../../../avr/lib/avrxmega4\libm.a(divsf3x.o)
                              c:/program files (x86)/atmel/studio/7.0/toolchain/avr8/avr8-gnu-toolchain/bin/../lib/gcc/avr/5.4.0/../../../../avr/lib/avrxmega4\libm.a(divsf3.o) (__divsf3x)
c:/program files (x86)/atmel/studio/7.0/toolchain/avr8/avr8-gnu-toolchain/bin/../lib/gcc/avr/5.4.0/../../../../avr/lib/avrxmega4\libm.a(fixsfsi.o)
                              main.o (__fixsfsi)
c:/program files (x86)/atmel/studio/7.0/toolchain/avr8/avr8-gnu-toolchain/bin/../lib/gcc/avr/5.4.0/../../../../avr/lib/avrxmega4\libm.a(fixunssfsi.o)
                              main.o (__fixunssfsi)
c:/program files (x86)/atmel/studio/7.0/toolchain/avr8/avr8-gnu-toolchain/bin/../lib/gcc/avr/5.4.0/../../../../avr/lib/avrxmega4\libm.a(floatsisf.o)
                              main.o (__floatunsisf)
c:/program files (x86)/atmel/studio/7.0/toolchain/avr8/avr8-gnu-toolchain/bin/../lib/gcc/avr/5.4.0/../../../../avr/lib/avrxmega4\libm.a(fp_cmp.o)
                              c:/program files (x86)/atmel/studio/7.0/toolchain/avr8/avr8-gnu-toolchain/bin/../lib/gcc/avr/5.4.0/../../../../avr/lib/avrxmega4\libm.a(cmpsf2.o) (__fp_cmp)
c:/program files (x86)/atmel/studio/7.0/toolchain/avr8/avr8-gnu-toolchain/bin/../lib/gcc/avr/5.4.0/../../../../avr/lib/avrxmega4\libm.a(fp_inf.o)
                              c:/program files (x86)/atmel/studio/7.0/toolchain/avr8/avr8-gnu-toolchain/bin/../lib/gcc/avr/5.4.0/../../../../avr/lib/avrxmega4\libm.a(addsf3x.o) (__fp_inf)
c:/program files (x86)/atmel/studio/7.0/toolchain/avr8/avr8-gnu-toolchain/bin/../lib/gcc/avr/5.4.0/../../../../avr/lib/avrxmega4\libm.a(fp_nan.o)
                              c:/program files (x86)/atmel/studio/7.0/toolchain/avr8/avr8-gnu-toolchain/bin/../lib/gcc/avr/5.4.0/../../../../avr/lib/avrxmega4\libm.a(addsf3x.o) (__fp_nan)
c:/program files (x86)/atmel/studio/7.0/toolchain/avr8/avr8-gnu-toolchain/bin/../lib/gcc/avr/5.4.0/../../../../avr/lib/avrxmega4\libm.a(fp_pscA.o)
                              c:/program files (x86)/atmel/studio/7.0/toolchain/avr8/avr8-gnu-toolchain/bin/../lib/gcc/avr/5.4.0/../../../../avr/lib/avrxmega4\libm.a(addsf3x.o) (__fp_pscA)
c:/program files (x86)/atmel/studio/7.0/toolchain/avr8/avr8-gnu-toolchain/bin/../lib/gcc/avr/5.4.0/../../../../avr/lib/avrxmega4\libm.a(fp_pscB.o)
                              c:/program files (x86)/atmel/studio/7.0/toolchain/avr8/avr8-gnu-toolchain/bin/../lib/gcc/avr/5.4.0/../../../../avr/lib/avrxmega4\libm.a(addsf3x.o) (__fp_pscB)
c:/program files (x86)/atmel/studio/7.0/toolchain/avr8/avr8-gnu-toolchain/bin/../lib/gcc/avr/5.4.0/../../../../avr/lib/avrxmega4\libm.a(fp_round.o)
                              c:/program files (x86)/atmel/studio/7.0/toolchain/avr8/avr8-gnu-toolchain/bin/../lib/gcc/avr/5.4.0/../../../../avr/lib/avrxmega4\libm.a(addsf3.o) (__fp_round)
c:/program files (x86)/atmel/studio/7.0/toolchain/avr8/avr8-gnu-toolchain/bin/../lib/gcc/avr/5.4.0/../../../../avr/lib/avrxmega4\libm.a(fp_split3.o)
                              c:/program files (x86)/atmel/studio/7.0/toolchain/avr8/avr8-gnu-toolchain/bin/../lib/gcc/avr/5.4.0/../../../../avr/lib/avrxmega4\libm.a(addsf3x.o) (__fp_split3)
c:/program files (x86)/atmel/studio/7.0/toolchain/avr8/avr8-gnu-toolchain/bin/../lib/gcc/avr/5.4.0/../../../../avr/lib/avrxmega4\libm.a(fp_zero.o)
                              c:/program files (x86)/atmel/studio/7.0/toolchain/avr8/avr8-gnu-toolchain/bin/../lib/gcc/avr/5.4.0/../../../../avr/lib/avrxmega4\libm.a(addsf3x.o) (__fp_zero)
c:/program files (x86)/atmel/studio/7.0/toolchain/avr8/avr8-gnu-toolchain/bin/../lib/gcc/avr/5.4.0/../../../../avr/lib/avrxmega4\libm.a(gesf2.o)
                              main.o (__gtsf2)
c:/program files (x86)/atmel/studio/7.0/toolchain/avr8/avr8-gnu-toolchain/bin/../lib/gcc/avr/5.4.0/../../../../avr/lib/avrxmega4\libm.a(log.o)
                              main.o (log)
[...]
Memory Configuration

Name             Origin             Length             Attributes
text             0x00000000         0x00020000         xr
data             0x00804000         0x00004000         rw !x
eeprom           0x00810000         0x00000200         rw !x
fuse             0x00820000         0x00000010         rw !x
lock             0x00830000         0x00000400         rw !x
signature        0x00840000         0x00000400         rw !x
user_signatures  0x00850000         0x00000400         rw !x
*default*        0x00000000         0xffffffff

Linker script and memory map

Address of section .data set to 0x804000
                0x00008000                __RODATA_PM_OFFSET__ = 0x8000
LOAD C:/Program Files (x86)/Atmel/Studio/7.0/Packs/Atmel/AVR-Dx_DFP/1.9.103/gcc/dev/avr128da48/avrxmega4/crtavr128da48.o
LOAD main.o
START GROUP
LOAD c:/program files (x86)/atmel/studio/7.0/toolchain/avr8/avr8-gnu-toolchain/bin/../lib/gcc/avr/5.4.0/../../../../avr/lib/avrxmega4\libm.a
END GROUP
START GROUP
LOAD c:/program files (x86)/atmel/studio/7.0/toolchain/avr8/avr8-gnu-toolchain/bin/../lib/gcc/avr/5.4.0/avrxmega4\libgcc.a
LOAD c:/program files (x86)/atmel/studio/7.0/toolchain/avr8/avr8-gnu-toolchain/bin/../lib/gcc/avr/5.4.0/../../../../avr/lib/avrxmega4\libm.a
LOAD c:/program files (x86)/atmel/studio/7.0/toolchain/avr8/avr8-gnu-toolchain/bin/../lib/gcc/avr/5.4.0/../../../../avr/lib/avrxmega4\libc.a
LOAD C:/Program Files (x86)/Atmel/Studio/7.0/Packs/Atmel/AVR-Dx_DFP/1.9.103/gcc/dev/avr128da48/avrxmega4\libavr128da48.a
END GROUP
                [0x00000000]                __TEXT_REGION_ORIGIN__ = DEFINED (__TEXT_REGION_ORIGIN__)?__TEXT_REGION_ORIGIN__:0x0
                [0x00804000]                __DATA_REGION_ORIGIN__ = DEFINED (__DATA_REGION_ORIGIN__)?__DATA_REGION_ORIGIN__:0x802000
                [0x00020000]                __TEXT_REGION_LENGTH__ = DEFINED (__TEXT_REGION_LENGTH__)?__TEXT_REGION_LENGTH__:0x100000
                [0x00004000]                __DATA_REGION_LENGTH__ = DEFINED (__DATA_REGION_LENGTH__)?__DATA_REGION_LENGTH__:0xffa0
                [0x00000200]                __EEPROM_REGION_LENGTH__ = DEFINED (__EEPROM_REGION_LENGTH__)?__EEPROM_REGION_LENGTH__:0x10000
                [0x00000010]                __FUSE_REGION_LENGTH__ = DEFINED (__FUSE_REGION_LENGTH__)?__FUSE_REGION_LENGTH__:0x400
                0x00000400                __LOCK_REGION_LENGTH__ = DEFINED (__LOCK_REGION_LENGTH__)?__LOCK_REGION_LENGTH__:0x400
                0x00000400                __SIGNATURE_REGION_LENGTH__ = DEFINED (__SIGNATURE_REGION_LENGTH__)?__SIGNATURE_REGION_LENGTH__:0x400
                0x00000400                __USER_SIGNATURE_REGION_LENGTH__ = DEFINED (__USER_SIGNATURE_REGION_LENGTH__)?__USER_SIGNATURE_REGION_LENGTH__:0x400

.hash
 *(.hash)

.dynsym
 *(.dynsym)

.dynstr
 *(.dynstr)

.gnu.version
 *(.gnu.version)

.gnu.version_d
 *(.gnu.version_d)

.gnu.version_r
 *(.gnu.version_r)

.rel.init
 *(.rel.init)

.rela.init
 *(.rela.init)

.rel.text
 *(.rel.text)
 *(.rel.text.*)
 *(.rel.gnu.linkonce.t*)

.rela.text
 *(.rela.text)
 *(.rela.text.*)
 *(.rela.gnu.linkonce.t*)

.rel.fini
 *(.rel.fini)

.rela.fini
 *(.rela.fini)

.rel.rodata
 *(.rel.rodata)
 *(.rel.rodata.*)
 *(.rel.gnu.linkonce.r*)

.rela.rodata
 *(.rela.rodata)
 *(.rela.rodata.*)
 *(.rela.gnu.linkonce.r*)

.rel.data
 *(.rel.data)
 *(.rel.data.*)
 *(.rel.gnu.linkonce.d*)

.rela.data
 *(.rela.data)
 *(.rela.data.*)
 *(.rela.gnu.linkonce.d*)

.rel.ctors
 *(.rel.ctors)

.rela.ctors
 *(.rela.ctors)

.rel.dtors
 *(.rel.dtors)

.rela.dtors
 *(.rela.dtors)

.rel.got
 *(.rel.got)

.rela.got
 *(.rela.got)

.rel.bss
 *(.rel.bss)

.rela.bss
 *(.rela.bss)

.rel.plt
 *(.rel.plt)

.rela.plt
 *(.rela.plt)

.text           0x00000000     0x4a58
 *(.vectors)
 .vectors       0x00000000       0xe8 C:/Program Files (x86)/Atmel/Studio/7.0/Packs/Atmel/AVR-Dx_DFP/1.9.103/gcc/dev/avr128da48/avrxmega4/crtavr128da48.o
                0x00000000                __vector_default
                0x00000000                __vectors
 *(.vectors)
 *(.progmem.gcc*)
 .progmem.gcc_fplib
                0x000000e8       0x5a c:/program files (x86)/atmel/studio/7.0/toolchain/avr8/avr8-gnu-toolchain/bin/../lib/gcc/avr/5.4.0/../../../../avr/lib/avrxmega4\libm.a(log.o)
                0x00000142                . = ALIGN (0x2)
                0x00000142                __trampolines_start = .
 *(.trampolines)
 .trampolines   0x00000142        0x0 linker stubs
 *(.trampolines*)
                0x00000142                __trampolines_end = .
 *libprintf_flt.a:*(.progmem.data)
 *libc.a:*(.progmem.data)
 *(.progmem*)
 .progmem.data.s_alphabet_17X17
                0x00000142       0x33 main.o
                0x00000142                s_alphabet_17X17
 .progmem.data.arial_numerical_font_49x40
                0x00000175      0x992 main.o
                0x00000175                arial_numerical_font_49x40
 .progmem.data.arial_numerical_temp_6_49x40
                0x00000b07       0xf5 main.o
                0x00000b07                arial_numerical_temp_6_49x40
 .progmem.data.arial_numerical_temp_5_49x40
                0x00000bfc       0xf5 main.o
                0x00000bfc                arial_numerical_temp_5_49x40
 .progmem.data.arial_numerical_temp_4_49x40
                0x00000cf1       0xf5 main.o
                0x00000cf1                arial_numerical_temp_4_49x40
 .progmem.data.arial_numerical_temp_3_49x40
                0x00000de6       0xf5 main.o
                0x00000de6                arial_numerical_temp_3_49x40
 .progmem.data.jersey_numerical_temp_0_49x40
                0x00000edb       0xf5 main.o
                0x00000edb                jersey_numerical_temp_0_49x40
 .progmem.data.animation_3_foot_24x33
                0x00000fd0       0x78 main.o
                0x00000fd0                animation_3_foot_24x33
 .progmem.data.animation_2_foot_24x33
                0x00001048       0x78 main.o
                0x00001048                animation_2_foot_24x33
 .progmem.data.animation_1_foot_24x33
                0x000010c0       0x78 main.o
                0x000010c0                animation_1_foot_24x33
 .progmem.data.temp_lpm_15x36
                0x00001138       0x4b main.o
                0x00001138                temp_lpm_15x36
 .progmem.data.temp_powersave_27x40
                0x00001183       0x87 main.o
                0x00001183                temp_powersave_27x40
 .progmem.data.temp_decimal_1_6x8
                0x0000120a        0x6 main.o
                0x0000120a                temp_decimal_1_6x8
 .progmem.data.temp_mpa_14x54
                0x00001210       0x62 main.o
                0x00001210                temp_mpa_14x54
 .progmem.data.temp_cmh2o_13x54
                0x00001272       0x5b main.o
                0x00001272                temp_cmh2o_13x54
 .progmem.data.temp_2_mmhg_13x48
                0x000012cd       0x4e main.o
                0x000012cd                temp_2_mmhg_13x48
 .progmem.data.POWER_ON_48X8
                0x0000131b       0x30 main.o
                0x0000131b                POWER_ON_48X8
 .progmem.data.AgVa_logo_56x30
                0x0000134b       0xd2 main.o
                0x0000134b                AgVa_logo_56x30
                0x0000141e                . = ALIGN (0x2)
 *fill*         0x0000141d        0x1 
 *(.jumptables)
 *(.jumptables*)
 *(.lowtext)
 *(.lowtext*)
                0x0000141e                __ctors_start = .
 *(.ctors)
                0x0000141e                __ctors_end = .
                0x0000141e                __dtors_start = .
 *(.dtors)
                0x0000141e                __dtors_end = .
 SORT(*)(.ctors)
 SORT(*)(.dtors)
 *(.init0)
 .init0         0x0000141e        0x0 C:/Program Files (x86)/Atmel/Studio/7.0/Packs/Atmel/AVR-Dx_DFP/1.9.103/gcc/dev/avr128da48/avrxmega4/crtavr128da48.o
                0x0000141e                __init
 *(.init0)
 *(.init1)
 *(.init1)
 *(.init2)
 .init2         0x0000141e        0xc C:/Program Files (x86)/Atmel/Studio/7.0/Packs/Atmel/AVR-Dx_DFP/1.9.103/gcc/dev/avr128da48/avrxmega4/crtavr128da48.o
 *(.init2)
 *(.init3)
 *(.init3)
 *(.init4)
 .init4         0x0000142a       0x1a c:/program files (x86)/atmel/studio/7.0/toolchain/avr8/avr8-gnu-toolchain/bin/../lib/gcc/avr/5.4.0/avrxmega4\libgcc.a(_copy_data.o)
                0x0000142a                __do_copy_data
 .init4         0x00001444       0x10 c:/program files (x86)/atmel/studio/7.0/toolchain/avr8/avr8-gnu-toolchain/bin/../lib/gcc/avr/5.4.0/avrxmega4\libgcc.a(_clear_bss.o)
                0x00001444                __do_clear_bss
 *(.init4)
 *(.init5)
 *(.init5)
 *(.init6)
 *(.init6)
 *(.init7)
 *(.init7)
 *(.init8)
 *(.init8)
 *(.init9)
 .init9         0x00001454        0x8 C:/Program Files (x86)/Atmel/Studio/7.0/Packs/Atmel/AVR-Dx_DFP/1.9.103/gcc/dev/avr128da48/avrxmega4/crtavr128da48.o
 *(.init9)
 *(.text)
 .text          0x0000145c        0x4 C:/Program Files (x86)/Atmel/Studio/7.0/Packs/Atmel/AVR-Dx_DFP/1.9.103/gcc/dev/avr128da48/avrxmega4/crtavr128da48.o
                0x0000145c                __vector_38
                0x0000145c                __vector_22
                0x0000145c                __vector_28
                0x0000145c                __vector_1
                0x0000145c                __vector_32
                0x0000145c                __vector_24
                0x0000145c                __vector_12
                0x0000145c                __vector_55
                0x0000145c                __vector_46
                0x0000145c                __bad_interrupt
                0x0000145c                __vector_6
                0x0000145c                __vector_31
                0x0000145c                __vector_35
                0x0000145c                __vector_39
                0x0000145c                __vector_3
                0x0000145c                __vector_23
                0x0000145c                __vector_25
                0x0000145c                __vector_11
                0x0000145c                __vector_54
                0x0000145c                __vector_17
                0x0000145c                __vector_19
                0x0000145c                __vector_56
                0x0000145c                __vector_7
                0x0000145c                __vector_49
                0x0000145c                __vector_41
                0x0000145c                __vector_43
                0x0000145c                __vector_27
                0x0000145c                __vector_5
                0x0000145c                __vector_33
                0x0000145c                __vector_47
                0x0000145c                __vector_52
                0x0000145c                __vector_37
                0x0000145c                __vector_4
                0x0000145c                __vector_44
                0x0000145c                __vector_51
                0x0000145c                __vector_9
                0x0000145c                __vector_2
                0x0000145c                __vector_21
                0x0000145c                __vector_15
                0x0000145c                __vector_36
                0x0000145c                __vector_40
                0x0000145c                __vector_8
                0x0000145c                __vector_26
                0x0000145c                __vector_48
                0x0000145c                __vector_14
                0x0000145c                __vector_57
                0x0000145c                __vector_53
                0x0000145c                __vector_10
                0x0000145c                __vector_50
                0x0000145c                __vector_16
                0x0000145c                __vector_18
                0x0000145c                __vector_20
                0x0000145c                __vector_42
                0x00001460                . = ALIGN (0x2)
 *(.text.*)
 .text.reverse  0x00001460       0x2e main.o
                0x00001460                reverse
 .text.intToStr
                0x0000148e       0x7e main.o
                0x0000148e                intToStr
 .text.USART1_init
                0x0000150c       0x56 main.o
                0x0000150c                USART1_init
 .text.USART1_sendChar
                0x00001562        0xe main.o
                0x00001562                USART1_sendChar
 .text.USART1_sendString
                0x00001570       0x42 main.o
                0x00001570                USART1_sendString
 .text.USART1_sendString_without_newline
                0x000015b2       0x3c main.o
                0x000015b2                USART1_sendString_without_newline
 .text.USART1_sendInt
                0x000015ee       0x16 main.o
                0x000015ee                USART1_sendInt
 .text.SPI_0_init
                0x00001604       0x38 main.o
                0x00001604                SPI_0_init
 .text.SPI_0_send_char
                0x0000163c        0xe main.o
                0x0000163c                SPI_0_send_char
 .text.SPI_0_send_array
                0x0000164a       0x2c main.o
                0x0000164a                SPI_0_send_array
 .text.I2C_0_stop_transmission
                0x00001676        0xe main.o
                0x00001676                I2C_0_stop_transmission
 .text.I2C_0_initialization
                0x00001684       0x18 main.o
                0x00001684                I2C_0_initialization
 .text.I2C_0_master_initialization
                0x0000169c       0x1a main.o
                0x0000169c                I2C_0_master_initialization
 .text.I2C_0_sendAddress
                0x000016b6       0x90 main.o
                0x000016b6                I2C_0_sendAddress
 .text.I2C_0_recieveData
                0x00001746       0x52 main.o
                0x00001746                I2C_0_recieveData
 .text.ADC0_init
                0x00001798       0x16 main.o
                0x00001798                ADC0_init
 .text.ADC0_start
                0x000017ae        0x8 main.o
                0x000017ae                ADC0_start
 .text.ADC0_read
                0x000017b6       0x1a main.o
                0x000017b6                ADC0_read
 .text.AMS_5812_init
                0x000017d0       0x1a main.o
                0x000017d0                AMS_5812_init
 .text.AMS_raw  0x000017ea       0x2e main.o
                0x000017ea                AMS_raw
 .text.AMS_5812_psi_read
                0x00001818       0x1e main.o
                0x00001818                AMS_5812_psi_read
 .text.AMS_mmhg_average
                0x00001836       0x68 main.o
                0x00001836                AMS_mmhg_average
 .text.UC1698U_gpio_init
                0x0000189e       0x20 main.o
                0x0000189e                UC1698U_gpio_init
 .text.UC1698U_SEND_ARRAY_DATA
                0x000018be       0x28 main.o
                0x000018be                UC1698U_SEND_ARRAY_DATA
 .text.UC1698U_SEND_BYTE_DATA
                0x000018e6       0x28 main.o
                0x000018e6                UC1698U_SEND_BYTE_DATA
 .text.UC1698U_SEND_CMD
                0x0000190e       0x3a main.o
                0x0000190e                UC1698U_SEND_CMD
 .text.UC1698U_SEND_CMD_DATA
                0x00001948       0x3a main.o
                0x00001948                UC1698U_SEND_CMD_DATA
 .text.set_row_addr
                0x00001982       0x20 main.o
                0x00001982                set_row_addr
 .text.set_colm_addr
                0x000019a2       0x1a main.o
                0x000019a2                set_colm_addr
 .text.window_program_start_end_colm_row_addr
                0x000019bc       0x54 main.o
                0x000019bc                window_program_start_end_colm_row_addr
 .text.set_all_pixel_off
                0x00001a10       0x2c main.o
                0x00001a10                set_all_pixel_off
 .text.UC1698U_init
                0x00001a3c       0xfc main.o
                0x00001a3c                UC1698U_init
 .text.print_icon
                0x00001b38      0x1ce main.o
                0x00001b38                print_icon
 .text.print_number
                0x00001d06      0x1f2 main.o
                0x00001d06                print_number
 .text.print_double_line
                0x00001ef8       0x64 main.o
                0x00001ef8                print_double_line
 .text.print_line
                0x00001f5c       0x64 main.o
                0x00001f5c                print_line
 .text.draw_filled_rectangle
                0x00001fc0       0x68 main.o
                0x00001fc0                draw_filled_rectangle
 .text.delete_rectangle
                0x00002028       0x5a main.o
                0x00002028                delete_rectangle
 .text.keypad_gpio_init
                0x00002082       0x6a main.o
                0x00002082                keypad_gpio_init
 .text.unit_change
                0x000020ec       0x64 main.o
                0x000020ec                unit_change
 .text.pwm_change
                0x00002150      0x474 main.o
                0x00002150                pwm_change
 .text.MOTOR_ON_OFF
                0x000025c4       0x58 main.o
                0x000025c4                MOTOR_ON_OFF
 .text.play_pause_button_main
                0x0000261c       0x74 main.o
                0x0000261c                play_pause_button_main
 .text.keypad_main
                0x00002690        0xe main.o
                0x00002690                keypad_main
 .text.dc_suction_pressure_main
                0x0000269e      0x114 main.o
                0x0000269e                dc_suction_pressure_main
 .text.stp_foot_switch_check
                0x000027b2       0x10 main.o
                0x000027b2                stp_foot_switch_check
 .text.ams_reset
                0x000027c2       0x3a main.o
                0x000027c2                ams_reset
 .text.foot_switch_gpio_init
                0x000027fc       0x1e main.o
                0x000027fc                foot_switch_gpio_init
 .text.foot_switch_init
                0x0000281a       0x1a main.o
                0x0000281a                foot_switch_init
 .text.foot_switch_detect_check
                0x00002834       0x36 main.o
                0x00002834                foot_switch_detect_check
 .text.smart_sensing
                0x0000286a      0x202 main.o
                0x0000286a                smart_sensing
 .text.power_save_protocol
                0x00002a6c       0xc4 main.o
                0x00002a6c                power_save_protocol
 .text.foot_switch_sensing
                0x00002b30       0x28 main.o
                0x00002b30                foot_switch_sensing
 .text.foot_switch_main
                0x00002b58       0x1c main.o
                0x00002b58                foot_switch_main
 .text.NTC_init
                0x00002b74        0x6 main.o
                0x00002b74                NTC_init
 .text.read_ntc
                0x00002b7a      0x15a main.o
                0x00002b7a                read_ntc
 .text.TCB1_init
                0x00002cd4       0x2a main.o
                0x00002cd4                TCB1_init
 .text.TCB2_init
                0x00002cfe       0x2a main.o
                0x00002cfe                TCB2_init
 .text.timmer_init
                0x00002d28        0xa main.o
                0x00002d28                timmer_init
 .text.__vector_13
                0x00002d32       0x64 main.o
                0x00002d32                __vector_13
 .text.__vector_30
                0x00002d96      0x114 main.o
                0x00002d96                __vector_30
 .text.lcd_all_icon_update
                0x00002eaa        0xc main.o
                0x00002eaa                lcd_all_icon_update
 .text.lcd_uc1698u_init
                0x00002eb6       0x1e main.o
                0x00002eb6                lcd_uc1698u_init
 .text.lcd_icon_update
                0x00002ed4       0x70 main.o
                0x00002ed4                lcd_icon_update
 .text.power_on_screen
                0x00002f44       0x32 main.o
                0x00002f44                power_on_screen
 .text.partitions
                0x00002f76       0x54 main.o
                0x00002f76                partitions
 .text.EDGE     0x00002fca       0x56 main.o
                0x00002fca                EDGE
 .text.show_mmgh_4digit
                0x00003020       0xc0 main.o
                0x00003020                show_mmgh_4digit
 .text.cmH20_4digit
                0x000030e0       0xc0 main.o
                0x000030e0                cmH20_4digit
 .text.MPa_4digit
                0x000031a0       0xd2 main.o
                0x000031a0                MPa_4digit
 .text.bar_draw_delete_rectangle
                0x00003272       0x5a main.o
                0x00003272                bar_draw_delete_rectangle
 .text.bar_draw_filled_rectangle
                0x000032cc       0x5a main.o
                0x000032cc                bar_draw_filled_rectangle
 .text.lcd_pressure_bar_init
                0x00003326       0x16 main.o
                0x00003326                lcd_pressure_bar_init
 .text.lcd_loading_page
                0x0000333c       0x8a main.o
                0x0000333c                lcd_loading_page
 .text.lcd_pressure_bar_main
                0x000033c6       0x9e main.o
                0x000033c6                lcd_pressure_bar_main
 .text.lcd_uc1698u_main_screen
                0x00003464      0x16a main.o
                0x00003464                lcd_uc1698u_main_screen
 .text.TCA0_PWM_init
                0x000035ce       0x44 main.o
                0x000035ce                TCA0_PWM_init
 .text.set_NVM_command_SPM
                0x00003612        0xa main.o
                0x00003612                set_NVM_command_SPM
 .text.write_8t_data_in_eeprom_SPM
                0x0000361c       0x2e main.o
                0x0000361c                write_8t_data_in_eeprom_SPM
 .text.read_8t_data_in_eeprom_SPM
                0x0000364a        0xa main.o
                0x0000364a                read_8t_data_in_eeprom_SPM
 .text.ams_check
                0x00003654      0x19c main.o
                0x00003654                ams_check
 .text.STP      0x000037f0       0x18 main.o
                0x000037f0                STP
 .text.eeprom_init_read
                0x00003808       0x48 main.o
                0x00003808                eeprom_init_read
 .text.__vector_34
                0x00003850       0x54 main.o
                0x00003850                __vector_34
 .text.__vector_29
                0x000038a4      0x1a6 main.o
                0x000038a4                __vector_29
 .text.__vector_45
                0x00003a4a       0xb4 main.o
                0x00003a4a                __vector_45
 .text.settings
                0x00003afe      0x798 main.o
                0x00003afe                settings
 .text.mode_1   0x00004296       0x70 main.o
                0x00004296                mode_1
 .text.main     0x00004306       0xa6 main.o
                0x00004306                main
 .text.avr-libc.fplib
                0x000043ac        0xe c:/program files (x86)/atmel/studio/7.0/toolchain/avr8/avr8-gnu-toolchain/bin/../lib/gcc/avr/5.4.0/../../../../avr/lib/avrxmega4\libm.a(addsf3.o)
                0x000043ac                __subsf3
                0x000043ae                __addsf3
 .text.avr-libc.fplib
                0x000043ba       0xcc c:/program files (x86)/atmel/studio/7.0/toolchain/avr8/avr8-gnu-toolchain/bin/../lib/gcc/avr/5.4.0/../../../../avr/lib/avrxmega4\libm.a(addsf3x.o)
                0x000043dc                __addsf3x
 .text.avr-libc.fplib
                0x00004486        0xa c:/program files (x86)/atmel/studio/7.0/toolchain/avr8/avr8-gnu-toolchain/bin/../lib/gcc/avr/5.4.0/../../../../avr/lib/avrxmega4\libm.a(cmpsf2.o)
                0x00004486                __nesf2
                0x00004486                __eqsf2
                0x00004486                __cmpsf2
                0x00004486                __ltsf2
                0x00004486                __lesf2
 .text.avr-libc.fplib
                0x00004490        0x8 c:/program files (x86)/atmel/studio/7.0/toolchain/avr8/avr8-gnu-toolchain/bin/../lib/gcc/avr/5.4.0/../../../../avr/lib/avrxmega4\libm.a(divsf3.o)
                0x00004490                __divsf3
 .text.avr-libc.fplib
                0x00004498       0xdc c:/program files (x86)/atmel/studio/7.0/toolchain/avr8/avr8-gnu-toolchain/bin/../lib/gcc/avr/5.4.0/../../../../avr/lib/avrxmega4\libm.a(divsf3x.o)
                0x000044b8                __divsf3x
                0x000044be                __divsf3_pse
 .text.avr-libc.fplib
                0x00004574        0xe c:/program files (x86)/atmel/studio/7.0/toolchain/avr8/avr8-gnu-toolchain/bin/../lib/gcc/avr/5.4.0/../../../../avr/lib/avrxmega4\libm.a(fixsfsi.o)
                0x00004574                __fixsfsi
 .text.avr-libc.fplib
                0x00004582       0x5e c:/program files (x86)/atmel/studio/7.0/toolchain/avr8/avr8-gnu-toolchain/bin/../lib/gcc/avr/5.4.0/../../../../avr/lib/avrxmega4\libm.a(fixunssfsi.o)
                0x00004582                __fixunssfsi
 .text.avr-libc.fplib
                0x000045e0       0x7a c:/program files (x86)/atmel/studio/7.0/toolchain/avr8/avr8-gnu-toolchain/bin/../lib/gcc/avr/5.4.0/../../../../avr/lib/avrxmega4\libm.a(floatsisf.o)
                0x000045e0                __floatunsisf
                0x000045e4                __floatsisf
 .text.avr-libc.fplib
                0x0000465a       0x48 c:/program files (x86)/atmel/studio/7.0/toolchain/avr8/avr8-gnu-toolchain/bin/../lib/gcc/avr/5.4.0/../../../../avr/lib/avrxmega4\libm.a(fp_cmp.o)
                0x0000465a                __fp_cmp
 .text.avr-libc.fplib
                0x000046a2        0xc c:/program files (x86)/atmel/studio/7.0/toolchain/avr8/avr8-gnu-toolchain/bin/../lib/gcc/avr/5.4.0/../../../../avr/lib/avrxmega4\libm.a(fp_inf.o)
                0x000046a2                __fp_inf
 .text.avr-libc.fplib
                0x000046ae        0x6 c:/program files (x86)/atmel/studio/7.0/toolchain/avr8/avr8-gnu-toolchain/bin/../lib/gcc/avr/5.4.0/../../../../avr/lib/avrxmega4\libm.a(fp_nan.o)
                0x000046ae                __fp_nan
 .text.avr-libc.fplib
                0x000046b4        0xe c:/program files (x86)/atmel/studio/7.0/toolchain/avr8/avr8-gnu-toolchain/bin/../lib/gcc/avr/5.4.0/../../../../avr/lib/avrxmega4\libm.a(fp_pscA.o)
                0x000046b4                __fp_pscA
 .text.avr-libc.fplib
                0x000046c2        0xe c:/program files (x86)/atmel/studio/7.0/toolchain/avr8/avr8-gnu-toolchain/bin/../lib/gcc/avr/5.4.0/../../../../avr/lib/avrxmega4\libm.a(fp_pscB.o)
                0x000046c2                __fp_pscB
 .text.avr-libc.fplib
                0x000046d0       0x22 c:/program files (x86)/atmel/studio/7.0/toolchain/avr8/avr8-gnu-toolchain/bin/../lib/gcc/avr/5.4.0/../../../../avr/lib/avrxmega4\libm.a(fp_round.o)
                0x000046d0                __fp_round
 .text.avr-libc.fplib
                0x000046f2       0x44 c:/program files (x86)/atmel/studio/7.0/toolchain/avr8/avr8-gnu-toolchain/bin/../lib/gcc/avr/5.4.0/../../../../avr/lib/avrxmega4\libm.a(fp_split3.o)
                0x000046f2                __fp_split3
                0x00004702                __fp_splitA
 .text.avr-libc.fplib
                0x00004736        0xe c:/program files (x86)/atmel/studio/7.0/toolchain/avr8/avr8-gnu-toolchain/bin/../lib/gcc/avr/5.4.0/../../../../avr/lib/avrxmega4\libm.a(fp_zero.o)
                0x00004736                __fp_zero
                0x00004738                __fp_szero
 .text.avr-libc.fplib
                0x00004744        0xa c:/program files (x86)/atmel/studio/7.0/toolchain/avr8/avr8-gnu-toolchain/bin/../lib/gcc/avr/5.4.0/../../../../avr/lib/avrxmega4\libm.a(gesf2.o)
                0x00004744                __gesf2
                0x00004744                __gtsf2
 .text.avr-libc.fplib
                0x0000474e       0xa0 c:/program files (x86)/atmel/studio/7.0/toolchain/avr8/avr8-gnu-toolchain/bin/../lib/gcc/avr/5.4.0/../../../../avr/lib/avrxmega4\libm.a(log.o)
                0x0000475e                log
 .text.avr-libc.fplib
                0x000047ee        0x8 c:/program files (x86)/atmel/studio/7.0/toolchain/avr8/avr8-gnu-toolchain/bin/../lib/gcc/avr/5.4.0/../../../../avr/lib/avrxmega4\libm.a(mulsf3.o)
                0x000047ee                __mulsf3
 .text.avr-libc.fplib
                0x000047f6       0xd2 c:/program files (x86)/atmel/studio/7.0/toolchain/avr8/avr8-gnu-toolchain/bin/../lib/gcc/avr/5.4.0/../../../../avr/lib/avrxmega4\libm.a(mulsf3x.o)
                0x00004814                __mulsf3x
                0x0000481a                __mulsf3_pse
 .text.avr-libc.fplib
                0x000048c8       0x1c c:/program files (x86)/atmel/studio/7.0/toolchain/avr8/avr8-gnu-toolchain/bin/../lib/gcc/avr/5.4.0/../../../../avr/lib/avrxmega4\libm.a(fp_mpack.o)
                0x000048c8                __fp_mpack
                0x000048cc                __fp_mpack_finite
 .text.avr-libc.fplib
                0x000048e4       0x4e c:/program files (x86)/atmel/studio/7.0/toolchain/avr8/avr8-gnu-toolchain/bin/../lib/gcc/avr/5.4.0/../../../../avr/lib/avrxmega4\libm.a(fp_powser.o)
                0x000048e4                __fp_powser
 .text.libgcc.div
                0x00004932       0x28 c:/program files (x86)/atmel/studio/7.0/toolchain/avr8/avr8-gnu-toolchain/bin/../lib/gcc/avr/5.4.0/avrxmega4\libgcc.a(_divmodhi4.o)
                0x00004932                _div
                0x00004932                __divmodhi4
 .text.libgcc.div
                0x0000495a       0x44 c:/program files (x86)/atmel/studio/7.0/toolchain/avr8/avr8-gnu-toolchain/bin/../lib/gcc/avr/5.4.0/avrxmega4\libgcc.a(_udivmodsi4.o)
                0x0000495a                __udivmodsi4
 .text.libgcc.div
                0x0000499e       0x2e c:/program files (x86)/atmel/studio/7.0/toolchain/avr8/avr8-gnu-toolchain/bin/../lib/gcc/avr/5.4.0/avrxmega4\libgcc.a(_divmodsi4.o)
                0x0000499e                __divmodsi4
 .text.libgcc.div
                0x000049cc       0x10 c:/program files (x86)/atmel/studio/7.0/toolchain/avr8/avr8-gnu-toolchain/bin/../lib/gcc/avr/5.4.0/avrxmega4\libgcc.a(_negsi2.o)
                0x000049cc                __negsi2
 .text.libgcc.mul
                0x000049dc       0x1e c:/program files (x86)/atmel/studio/7.0/toolchain/avr8/avr8-gnu-toolchain/bin/../lib/gcc/avr/5.4.0/avrxmega4\libgcc.a(_umulhisi3.o)
                0x000049dc                __umulhisi3
 .text.libgcc.mul
                0x000049fa       0x16 c:/program files (x86)/atmel/studio/7.0/toolchain/avr8/avr8-gnu-toolchain/bin/../lib/gcc/avr/5.4.0/avrxmega4\libgcc.a(_muluhisi3.o)
                0x000049fa                __muluhisi3
 .text.libgcc.div
                0x00004a10       0x28 c:/program files (x86)/atmel/studio/7.0/toolchain/avr8/avr8-gnu-toolchain/bin/../lib/gcc/avr/5.4.0/avrxmega4\libgcc.a(_udivmodhi4.o)
                0x00004a10                __udivmodhi4
 .text.avr-libc
                0x00004a38       0x10 C:/Program Files (x86)/Atmel/Studio/7.0/Packs/Atmel/AVR-Dx_DFP/1.9.103/gcc/dev/avr128da48/avrxmega4\libavr128da48.a(eerd_byte.o)
                0x00004a38                eeprom_read_byte
                0x00004a40                eeprom_mapen
 .text.avr-libc
                0x00004a48        0xc C:/Program Files (x86)/Atmel/Studio/7.0/Packs/Atmel/AVR-Dx_DFP/1.9.103/gcc/dev/avr128da48/avrxmega4\libavr128da48.a(ccp_write.o)
                0x00004a48                ccp_write_io
                0x00004a54                . = ALIGN (0x2)
 *(.fini9)
 .fini9         0x00004a54        0x0 c:/program files (x86)/atmel/studio/7.0/toolchain/avr8/avr8-gnu-toolchain/bin/../lib/gcc/avr/5.4.0/avrxmega4\libgcc.a(_exit.o)
                0x00004a54                _exit
                0x00004a54                exit
 *(.fini9)
 *(.fini8)
 *(.fini8)
 *(.fini7)
 *(.fini7)
 *(.fini6)
 *(.fini6)
 *(.fini5)
 *(.fini5)
 *(.fini4)
 *(.fini4)
 *(.fini3)
 *(.fini3)
 *(.fini2)
 *(.fini2)
 *(.fini1)
 *(.fini1)
 *(.fini0)
 .fini0         0x00004a54        0x4 c:/program files (x86)/atmel/studio/7.0/toolchain/avr8/avr8-gnu-toolchain/bin/../lib/gcc/avr/5.4.0/avrxmega4\libgcc.a(_exit.o)
 *(.fini0)
                0x00004a58                _etext = .

.data           0x00804000      0x3d6 load address 0x00004a58
                0x00804000                PROVIDE (__data_start, .)
 *(.data)
 *(.data*)
 .data.previous_x2.5518
                0x00804000        0x2 main.o
 .data.unit_mode_pwm
                0x00804002        0x1 main.o
                0x00804002                unit_mode_pwm
 .data.LPM_60   0x00804003        0x2 main.o
                0x00804003                LPM_60
 .data.LPM_50   0x00804005        0x2 main.o
                0x00804005                LPM_50
 .data.LPM_40   0x00804007        0x2 main.o
                0x00804007                LPM_40
 .data.LPM_30   0x00804009        0x2 main.o
                0x00804009                LPM_30
 .data.value_ok_flag
                0x0080400b        0x1 main.o
                0x0080400b                value_ok_flag
 .data.update_power_save_icon_flag
                0x0080400c        0x1 main.o
                0x0080400c                update_power_save_icon_flag
 .data.previous_unit_mode
                0x0080400d        0x1 main.o
                0x0080400d                previous_unit_mode
 .data.unit_mode
                0x0080400e        0x1 main.o
                0x0080400e                unit_mode
 .data.pre_def  0x0080400f        0x6 main.o
                0x0080400f                pre_def
 *(.gnu.linkonce.d*)
 *(.rodata)
 *(.rodata*)
 .rodata.str1.1
                0x00804015      0x3c1 main.o
 *(.gnu.linkonce.r*)
                0x008043d6                . = ALIGN (0x2)
                0x008043d6                _edata = .
                0x008043d6                PROVIDE (__data_end, .)

.bss            0x008043d6       0x99
                0x008043d6                PROVIDE (__bss_start, .)
 *(.bss)
 *(.bss*)
 .bss.smart_icon_serial.5473
                0x008043d6        0x2 main.o
 .bss.lpm60_flag
                0x008043d8        0x1 main.o
                0x008043d8                lpm60_flag
 .bss.lpm50_flag
                0x008043d9        0x1 main.o
                0x008043d9                lpm50_flag
 .bss.lpm40_flag
                0x008043da        0x1 main.o
                0x008043da                lpm40_flag
 .bss.lpm30_flag
                0x008043db        0x1 main.o
                0x008043db                lpm30_flag
 .bss.Duty_cycle
                0x008043dc        0x2 main.o
                0x008043dc                Duty_cycle
 .bss.long_press_pwms_set
                0x008043de        0x4 main.o
                0x008043de                long_press_pwms_set
 .bss.pwm_value
                0x008043e2        0x1 main.o
                0x008043e2                pwm_value
 .bss.mode_button_flag
                0x008043e3        0x1 main.o
                0x008043e3                mode_button_flag
 .bss.value_decrement_flag
                0x008043e4        0x1 main.o
                0x008043e4                value_decrement_flag
 .bss.value_increment_flag
                0x008043e5        0x1 main.o
                0x008043e5                value_increment_flag
 .bss.return_val
                0x008043e6        0x2 main.o
                0x008043e6                return_val
 .bss.smart_switch_timmer
                0x008043e8        0x4 main.o
                0x008043e8                smart_switch_timmer
 .bss.power_save_motor_on_timmer
                0x008043ec        0x4 main.o
                0x008043ec                power_save_motor_on_timmer
 .bss.power_save_mode_on_flag
                0x008043f0        0x1 main.o
                0x008043f0                power_save_mode_on_flag
 .bss.power_save_timer_on_flag
                0x008043f1        0x1 main.o
                0x008043f1                power_save_timer_on_flag
 .bss.foot_switch_press_count
                0x008043f2        0x1 main.o
                0x008043f2                foot_switch_press_count
 .bss.smart_switch_cont_motor_on_flag
                0x008043f3        0x1 main.o
                0x008043f3                smart_switch_cont_motor_on_flag
 .bss.smart_switch_normal_motor_on_flag
                0x008043f4        0x1 main.o
                0x008043f4                smart_switch_normal_motor_on_flag
 .bss.foot_switch_detect_isr_flag
                0x008043f5        0x1 main.o
                0x008043f5                foot_switch_detect_isr_flag
 .bss.foot_switch_release_flag
                0x008043f6        0x1 main.o
                0x008043f6                foot_switch_release_flag
 .bss.foot_switch_press_flag
                0x008043f7        0x1 main.o
                0x008043f7                foot_switch_press_flag
 .bss.foot_switch_connected_flag
                0x008043f8        0x1 main.o
                0x008043f8                foot_switch_connected_flag
 .bss.smart_switch_delete_flag
                0x008043f9        0x1 main.o
                0x008043f9                smart_switch_delete_flag
 .bss.smart_switch_icon_update_flag
                0x008043fa        0x1 main.o
                0x008043fa                smart_switch_icon_update_flag
 .bss.previous_power_save_mode_flag
                0x008043fb        0x1 main.o
                0x008043fb                previous_power_save_mode_flag
 .bss.update_bar_flag
                0x008043fc        0x1 main.o
                0x008043fc                update_bar_flag
 .bss.unit_icon_update_flag
                0x008043fd        0x1 main.o
                0x008043fd                unit_icon_update_flag
 .bss.update_pressure_flag
                0x008043fe        0x1 main.o
                0x008043fe                update_pressure_flag
 .bss.backlit_on_flag
                0x008043ff        0x1 main.o
                0x008043ff                backlit_on_flag
 .bss.ntc_raw_adc
                0x00804400        0x4 main.o
                0x00804400                ntc_raw_adc
 .bss.current   0x00804404        0x4 main.o
                0x00804404                current
 .bss.R_ntc     0x00804408        0x4 main.o
                0x00804408                R_ntc
 .bss.temperature
                0x0080440c        0x4 main.o
                0x0080440c                temperature
 .bss.voltage   0x00804410        0x4 main.o
                0x00804410                voltage
 .bss.play_pause_button_press_flag
                0x00804414        0x1 main.o
                0x00804414                play_pause_button_press_flag
 .bss.button_motor_on_off_flag
                0x00804415        0x1 main.o
                0x00804415                button_motor_on_off_flag
 .bss.speed_button_press_flag
                0x00804416        0x1 main.o
                0x00804416                speed_button_press_flag
 .bss.unit_button_pressed_flag
                0x00804417        0x1 main.o
                0x00804417                unit_button_pressed_flag
 .bss.smart_switch_mode_flag
                0x00804418        0x1 main.o
                0x00804418                smart_switch_mode_flag
 .bss._300sec   0x00804419        0x1 main.o
                0x00804419                _300sec
 .bss._1sec     0x0080441a        0x1 main.o
                0x0080441a                _1sec
 .bss.millis3   0x0080441b        0x4 main.o
                0x0080441b                millis3
 .bss.millis2   0x0080441f        0x4 main.o
                0x0080441f                millis2
 .bss.millis1   0x00804423        0x4 main.o
                0x00804423                millis1
 .bss.millis    0x00804427        0x4 main.o
                0x00804427                millis
 .bss.current_pressure_mpa
                0x0080442b        0x4 main.o
                0x0080442b                current_pressure_mpa
 .bss.current_pressure_cmh2O
                0x0080442f        0x4 main.o
                0x0080442f                current_pressure_cmh2O
 .bss.current_pressure_mmhg
                0x00804433        0x4 main.o
                0x00804433                current_pressure_mmhg
 .bss.previous_uc_ams_reset_flag
                0x00804437        0x1 main.o
                0x00804437                previous_uc_ams_reset_flag
 .bss.previous_soft_hard_reset_flag
                0x00804438        0x1 main.o
                0x00804438                previous_soft_hard_reset_flag
 .bss.timeout_count
                0x00804439        0x2 main.o
                0x00804439                timeout_count
 .bss.i2c_timeout_flag
                0x0080443b        0x1 main.o
                0x0080443b                i2c_timeout_flag
 *(COMMON)
 COMMON         0x0080443c       0x33 main.o
                0x0080443c                buff
                0x0080446e                alarm_motor_temp_flag
                0x0080446f                PROVIDE (__bss_end, .)
                0x00004a58                __data_load_start = LOADADDR (.data)
                0x00004e2e                __data_load_end = (__data_load_start + SIZEOF (.data))

.noinit         0x0080446f        0x0
                [!provide]                PROVIDE (__noinit_start, .)
 *(.noinit*)
                [!provide]                PROVIDE (__noinit_end, .)
                0x0080446f                _end = .
                [!provide]                PROVIDE (__heap_start, .)

.eeprom         0x00810000        0x0
 *(.eeprom*)
                0x00810000                __eeprom_end = .

.fuse
 *(.fuse)
 *(.lfuse)
 *(.hfuse)
 *(.efuse)

.lock
 *(.lock*)

.signature
 *(.signature*)

.user_signatures
 *(.user_signatures*)

.stab
 *(.stab)

.stabstr
 *(.stabstr)

.stab.excl
 *(.stab.excl)

.stab.exclstr
 *(.stab.exclstr)

.stab.index
 *(.stab.index)

.stab.indexstr
 *(.stab.indexstr)

.comment        0x00000000       0x30
 *(.comment)
 .comment       0x00000000       0x30 main.o
                                 0x31 (size before relaxing)

.note.gnu.avr.deviceinfo
                0x00000000       0x40
 .note.gnu.avr.deviceinfo
                0x00000000       0x40 C:/Program Files (x86)/Atmel/Studio/7.0/Packs/Atmel/AVR-Dx_DFP/1.9.103/gcc/dev/avr128da48/avrxmega4/crtavr128da48.o

.note.gnu.build-id
 *(.note.gnu.build-id)

.debug
 *(.debug)

.line
 *(.line)

.debug_srcinfo
 *(.debug_srcinfo)

.debug_sfnames
 *(.debug_sfnames)

.debug_aranges  0x00000000      0x3d0
 *(.debug_aranges)
 .debug_aranges
                0x00000000      0x390 main.o
 .debug_aranges
                0x00000390       0x20 C:/Program Files (x86)/Atmel/Studio/7.0/Packs/Atmel/AVR-Dx_DFP/1.9.103/gcc/dev/avr128da48/avrxmega4\libavr128da48.a(eerd_byte.o)
 .debug_aranges
                0x000003b0       0x20 C:/Program Files (x86)/Atmel/Studio/7.0/Packs/Atmel/AVR-Dx_DFP/1.9.103/gcc/dev/avr128da48/avrxmega4\libavr128da48.a(ccp_write.o)

.debug_pubnames
 *(.debug_pubnames)

.debug_info     0x00000000     0x9065
 *(.debug_info .gnu.linkonce.wi.*)
 .debug_info    0x00000000     0x2c24 C:/Program Files (x86)/Atmel/Studio/7.0/Packs/Atmel/AVR-Dx_DFP/1.9.103/gcc/dev/avr128da48/avrxmega4/crtavr128da48.o
 .debug_info    0x00002c24     0x6303 main.o
 .debug_info    0x00008f27       0x9f C:/Program Files (x86)/Atmel/Studio/7.0/Packs/Atmel/AVR-Dx_DFP/1.9.103/gcc/dev/avr128da48/avrxmega4\libavr128da48.a(eerd_byte.o)
 .debug_info    0x00008fc6       0x9f C:/Program Files (x86)/Atmel/Studio/7.0/Packs/Atmel/AVR-Dx_DFP/1.9.103/gcc/dev/avr128da48/avrxmega4\libavr128da48.a(ccp_write.o)

.debug_abbrev   0x00000000     0x2f31
 *(.debug_abbrev)
 .debug_abbrev  0x00000000     0x29ce C:/Program Files (x86)/Atmel/Studio/7.0/Packs/Atmel/AVR-Dx_DFP/1.9.103/gcc/dev/avr128da48/avrxmega4/crtavr128da48.o
 .debug_abbrev  0x000029ce      0x53b main.o
 .debug_abbrev  0x00002f09       0x14 C:/Program Files (x86)/Atmel/Studio/7.0/Packs/Atmel/AVR-Dx_DFP/1.9.103/gcc/dev/avr128da48/avrxmega4\libavr128da48.a(eerd_byte.o)
 .debug_abbrev  0x00002f1d       0x14 C:/Program Files (x86)/Atmel/Studio/7.0/Packs/Atmel/AVR-Dx_DFP/1.9.103/gcc/dev/avr128da48/avrxmega4\libavr128da48.a(ccp_write.o)

.debug_line     0x00000000     0x30a9
 *(.debug_line .debug_line.* .debug_line_end)
 .debug_line    0x00000000      0x1f3 C:/Program Files (x86)/Atmel/Studio/7.0/Packs/Atmel/AVR-Dx_DFP/1.9.103/gcc/dev/avr128da48/avrxmega4/crtavr128da48.o
 .debug_line    0x000001f3     0x2dd6 main.o
 .debug_line    0x00002fc9       0x79 C:/Program Files (x86)/Atmel/Studio/7.0/Packs/Atmel/AVR-Dx_DFP/1.9.103/gcc/dev/avr128da48/avrxmega4\libavr128da48.a(eerd_byte.o)
 .debug_line    0x00003042       0x67 C:/Program Files (x86)/Atmel/Studio/7.0/Packs/Atmel/AVR-Dx_DFP/1.9.103/gcc/dev/avr128da48/avrxmega4\libavr128da48.a(ccp_write.o)

.debug_frame    0x00000000      0xcfc
 *(.debug_frame)
 .debug_frame   0x00000000      0xcfc main.o

.debug_str      0x00000000     0x385d
 *(.debug_str)
 .debug_str     0x00000000     0x1320 C:/Program Files (x86)/Atmel/Studio/7.0/Packs/Atmel/AVR-Dx_DFP/1.9.103/gcc/dev/avr128da48/avrxmega4/crtavr128da48.o
 .debug_str     0x00001320     0x253d main.o
                               0x2798 (size before relaxing)

.debug_loc      0x00000000     0x35d6
 *(.debug_loc)
 .debug_loc     0x00000000     0x35d6 main.o

.debug_macinfo
 *(.debug_macinfo)

.debug_weaknames
 *(.debug_weaknames)

.debug_funcnames
 *(.debug_funcnames)

.debug_typenames
 *(.debug_typenames)

.debug_varnames
 *(.debug_varnames)

.debug_pubtypes
 *(.debug_pubtypes)

.debug_ranges   0x00000000      0x3e0
 *(.debug_ranges)
 .debug_ranges  0x00000000      0x3e0 main.o

.debug_macro
 *(.debug_macro)
OUTPUT(Dc_suction_pump.elf elf32-avr)
LOAD linker stubs
