Archive member included to satisfy reference by file (symbol)

c:/program files (x86)/atmel/studio/7.0/toolchain/avr8/avr8-gnu-toolchain/bin/../lib/gcc/avr/5.4.0/../../../../avr/lib/avrxmega4\libm.a(addsf3.o)
                              main.o (__subsf3)
c:/program files (x86)/atmel/studio/7.0/toolchain/avr8/avr8-gnu-toolchain/bin/../lib/gcc/avr/5.4.0/../../../../avr/lib/avrxmega4\libm.a(addsf3x.o)
                              c:/program files (x86)/atmel/studio/7.0/toolchain/avr8/avr8-gnu-toolchain/bin/../lib/gcc/avr/5.4.0/../../../../avr/lib/avrxmega4\libm.a(addsf3.o) (__addsf3x)
c:/program files (x86)/atmel/studio/7.0/toolchain/avr8/avr8-gnu-toolchain/bin/../lib/gcc/avr/5.4.0/../../../../avr/lib/avrxmega4\libm.a(cmpsf2.o)
                              main.o (__eqsf2)
c:/program files (x86)/atmel/studio/7.0/toolchain/avr8/avr8-gnu-toolchain/bin/../lib/gcc/avr/5.4.0/../../../../avr/lib/avrxmega4\libm.a(divsf3.o)
                              main.o (__divsf3)
c:/program files (x86)/atmel/studio/7.0/toolchain/avr8/avr8-gnu-toolchain/bin/../lib/gcc/avr/5.4.0/../../../../avr/lib/avrxmega4\libm.a(divsf3x.o)
                              c:/program files (x86)/atmel/studio/7.0/toolchain/avr8/avr8-gnu-toolchain/bin/../lib/gcc/avr/5.4.0/../../../../avr/lib/avrxmega4\libm.a(divsf3.o) (__divsf3x)
c:/program files (x86)/atmel/studio/7.0/toolchain/avr8/avr8-gnu-toolchain/bin/../lib/gcc/avr/5.4.0/../../../../avr/lib/avrxmega4\libm.a(fixsfsi.o)
                              main.o (__fixsfsi)
c:/program files (x86)/atmel/studio/7.0/toolchain/avr8/avr8-gnu-toolchain/bin/../lib/gcc/avr/5.4.0/../../../../avr/lib/avrxmega4\libm.a(fixunssfsi.o)
                              main.o (__fixunssfsi)
c:/program files (x86)/atmel/studio/7.0/toolchain/avr8/avr8-gnu-toolchain/bin/../lib/gcc/avr/5.4.0/../../../../avr/lib/avrxmega4\libm.a(floatsisf.o)
                              main.o (__floatunsisf)
c:/program files (x86)/atmel/studio/7.0/toolchain/avr8/avr8-gnu-toolchain/bin/../lib/gcc/avr/5.4.0/../../../../avr/lib/avrxmega4\libm.a(fp_cmp.o)
                              c:/program files (x86)/atmel/studio/7.0/toolchain/avr8/avr8-gnu-toolchain/bin/../lib/gcc/avr/5.4.0/../../../../avr/lib/avrxmega4\libm.a(cmpsf2.o) (__fp_cmp)
c:/program files (x86)/atmel/studio/7.0/toolchain/avr8/avr8-gnu-toolchain/bin/../lib/gcc/avr/5.4.0/../../../../avr/lib/avrxmega4\libm.a(fp_inf.o)
                              c:/program files (x86)/atmel/studio/7.0/toolchain/avr8/avr8-gnu-toolchain/bin/../lib/gcc/avr/5.4.0/../../../../avr/lib/avrxmega4\libm.a(addsf3x.o) (__fp_inf)
c:/program files (x86)/atmel/studio/7.0/toolchain/avr8/avr8-gnu-toolchain/bin/../lib/gcc/avr/5.4.0/../../../../avr/lib/avrxmega4\libm.a(fp_nan.o)
                              c:/program files (x86)/atmel/studio/7.0/toolchain/avr8/avr8-gnu-toolchain/bin/../lib/gcc/avr/5.4.0/../../../../avr/lib/avrxmega4\libm.a(addsf3x.o) (__fp_nan)
c:/program files (x86)/atmel/studio/7.0/toolchain/avr8/avr8-gnu-toolchain/bin/../lib/gcc/avr/5.4.0/../../../../avr/lib/avrxmega4\libm.a(fp_pscA.o)
                              c:/program files (x86)/atmel/studio/7.0/toolchain/avr8/avr8-gnu-toolchain/bin/../lib/gcc/avr/5.4.0/../../../../avr/lib/avrxmega4\libm.a(addsf3x.o) (__fp_pscA)
c:/program files (x86)/atmel/studio/7.0/toolchain/avr8/avr8-gnu-toolchain/bin/../lib/gcc/avr/5.4.0/../../../../avr/lib/avrxmega4\libm.a(fp_pscB.o)
                              c:/program files (x86)/atmel/studio/7.0/toolchain/avr8/avr8-gnu-toolchain/bin/../lib/gcc/avr/5.4.0/../../../../avr/lib/avrxmega4\libm.a(addsf3x.o) (__fp_pscB)
c:/program files (x86)/atmel/studio/7.0/toolchain/avr8/avr8-gnu-toolchain/bin/../lib/gcc/avr/5.4.0/../../../../avr/lib/avrxmega4\libm.a(fp_round.o)
                              c:/program files (x86)/atmel/studio/7.0/toolchain/avr8/avr8-gnu-toolchain/bin/../lib/gcc/avr/5.4.0/../../../../avr/lib/avrxmega4\libm.a(addsf3.o) (__fp_round)
c:/program files (x86)/atmel/studio/7.0/toolchain/avr8/avr8-gnu-toolchain/bin/../lib/gcc/avr/5.4.0/../../../../avr/lib/avrxmega4\libm.a(fp_split3.o)
                              c:/program files (x86)/atmel/studio/7.0/toolchain/avr8/avr8-gnu-toolchain/bin/../lib/gcc/avr/5.4.0/../../../../avr/lib/avrxmega4\libm.a(addsf3x.o) (__fp_split3)
c:/program files (x86)/atmel/studio/7.0/toolchain/avr8/avr8-gnu-toolchain/bin/../lib/gcc/avr/5.4.0/../../../../avr/lib/avrxmega4\libm.a(fp_zero.o)
                              c:/program files (x86)/atmel/studio/7.0/toolchain/avr8/avr8-gnu-toolchain/bin/../lib/gcc/avr/5.4.0/../../../../avr/lib/avrxmega4\libm.a(addsf3x.o) (__fp_zero)
c:/program files (x86)/atmel/studio/7.0/toolchain/avr8/avr8-gnu-toolchain/bin/../lib/gcc/avr/5.4.0/../../../../avr/lib/avrxmega4\libm.a(gesf2.o)
                              main.o (__gtsf2)
c:/program files (x86)/atmel/studio/7.0/toolchain/avr8/avr8-gnu-toolchain/bin/../lib/gcc/avr/5.4.0/../../../../avr/lib/avrxmega4\libm.a(mulsf3.o)
                              main.o (__mulsf3)
[...]
Memory Configuration

Name             Origin             Length             Attributes
text             0x00000000         0x00020000         xr
data             0x00804000         0x00004000         rw !x
eeprom           0x00810000         0x00000200         rw !x
fuse             0x00820000         0x00000010         rw !x
lock             0x00830000         0x00000400         rw !x
signature        0x00840000         0x00000400         rw !x
user_signatures  0x00850000         0x00000400         rw !x
*default*        0x00000000         0xffffffff

Linker script and memory map

Address of section .data set to 0x804000
                0x00008000                __RODATA_PM_OFFSET__ = 0x8000
LOAD C:/Program Files (x86)/Atmel/Studio/7.0/Packs/Atmel/AVR-Dx_DFP/1.9.103/gcc/dev/avr128da48/avrxmega4/crtavr128da48.o
LOAD main.o
START GROUP
LOAD c:/program files (x86)/atmel/studio/7.0/toolchain/avr8/avr8-gnu-toolchain/bin/../lib/gcc/avr/5.4.0/../../../../avr/lib/avrxmega4\libm.a
END GROUP
START GROUP
LOAD c:/program files (x86)/atmel/studio/7.0/toolchain/avr8/avr8-gnu-toolchain/bin/../lib/gcc/avr/5.4.0/avrxmega4\libgcc.a
LOAD c:/program files (x86)/atmel/studio/7.0/toolchain/avr8/avr8-gnu-toolchain/bin/../lib/gcc/avr/5.4.0/../../../../avr/lib/avrxmega4\libm.a
LOAD c:/program files (x86)/atmel/studio/7.0/toolchain/avr8/avr8-gnu-toolchain/bin/../lib/gcc/avr/5.4.0/../../../../avr/lib/avrxmega4\libc.a
LOAD C:/Program Files (x86)/Atmel/Studio/7.0/Packs/Atmel/AVR-Dx_DFP/1.9.103/gcc/dev/avr128da48/avrxmega4\libavr128da48.a
END GROUP
                [0x00000000]                __TEXT_REGION_ORIGIN__ = DEFINED (__TEXT_REGION_ORIGIN__)?__TEXT_REGION_ORIGIN__:0x0
                [0x00804000]                __DATA_REGION_ORIGIN__ = DEFINED (__DATA_REGION_ORIGIN__)?__DATA_REGION_ORIGIN__:0x802000
                [0x00020000]                __TEXT_REGION_LENGTH__ = DEFINED (__TEXT_REGION_LENGTH__)?__TEXT_REGION_LENGTH__:0x100000
                [0x00004000]                __DATA_REGION_LENGTH__ = DEFINED (__DATA_REGION_LENGTH__)?__DATA_REGION_LENGTH__:0xffa0
                [0x00000200]                __EEPROM_REGION_LENGTH__ = DEFINED (__EEPROM_REGION_LENGTH__)?__EEPROM_REGION_LENGTH__:0x10000
                [0x00000010]                __FUSE_REGION_LENGTH__ = DEFINED (__FUSE_REGION_LENGTH__)?__FUSE_REGION_LENGTH__:0x400
                0x00000400                __LOCK_REGION_LENGTH__ = DEFINED (__LOCK_REGION_LENGTH__)?__LOCK_REGION_LENGTH__:0x400
                0x00000400                __SIGNATURE_REGION_LENGTH__ = DEFINED (__SIGNATURE_REGION_LENGTH__)?__SIGNATURE_REGION_LENGTH__:0x400
                0x00000400                __USER_SIGNATURE_REGION_LENGTH__ = DEFINED (__USER_SIGNATURE_REGION_LENGTH__)?__USER_SIGNATURE_REGION_LENGTH__:0x400

.hash
 *(.hash)

.dynsym
 *(.dynsym)

.dynstr
 *(.dynstr)

.gnu.version
 *(.gnu.version)

.gnu.version_d
 *(.gnu.version_d)

.gnu.version_r
 *(.gnu.version_r)

.rel.init
 *(.rel.init)

.rela.init
 *(.rela.init)

.rel.text
 *(.rel.text)
 *(.rel.text.*)
 *(.rel.gnu.linkonce.t*)

.rela.text
 *(.rela.text)
 *(.rela.text.*)
 *(.rela.gnu.linkonce.t*)

.rel.fini
 *(.rel.fini)

.rela.fini
 *(.rela.fini)

.rel.rodata
 *(.rel.rodata)
 *(.rel.rodata.*)
 *(.rel.gnu.linkonce.r*)

.rela.rodata
 *(.rela.rodata)
 *(.rela.rodata.*)
 *(.rela.gnu.linkonce.r*)

.rel.data
 *(.rel.data)
 *(.rel.data.*)
 *(.rel.gnu.linkonce.d*)

.rela.data
 *(.rela.data)
 *(.rela.data.*)
 *(.rela.gnu.linkonce.d*)

.rel.ctors
 *(.rel.ctors)

.rela.ctors
 *(.rela.ctors)

.rel.dtors
 *(.rel.dtors)

.rela.dtors
 *(.rela.dtors)

.rel.got
 *(.rel.got)

.rela.got
 *(.rela.got)

.rel.bss
 *(.rel.bss)

.rela.bss
 *(.rela.bss)

.rel.plt
 *(.rel.plt)

.rela.plt
 *(.rela.plt)

.text           0x00000000     0x5d8c
 *(.vectors)
 .vectors       0x00000000       0xe8 C:/Program Files (x86)/Atmel/Studio/7.0/Packs/Atmel/AVR-Dx_DFP/1.9.103/gcc/dev/avr128da48/avrxmega4/crtavr128da48.o
                0x00000000                __vector_default
                0x00000000                __vectors
 *(.vectors)
 *(.progmem.gcc*)
                0x000000e8                . = ALIGN (0x2)
                0x000000e8                __trampolines_start = .
 *(.trampolines)
 .trampolines   0x000000e8        0x0 linker stubs
 *(.trampolines*)
                0x000000e8                __trampolines_end = .
 *libprintf_flt.a:*(.progmem.data)
 *libc.a:*(.progmem.data)
 *(.progmem*)
 .progmem.data.Pattern_font_30x64
                0x000000e8       0xf0 main.o
                0x000000e8                Pattern_font_30x64
 .progmem.data.Special_font_30x64
                0x000001d8       0xf0 main.o
                0x000001d8                Special_font_30x64
 .progmem.data.In_font_30x24
                0x000002c8       0x5a main.o
                0x000002c8                In_font_30x24
 .progmem.data.Button_font_30x64
                0x00000322       0xf0 main.o
                0x00000322                Button_font_30x64
 .progmem.data.Press_font_20x48
                0x00000412       0x78 main.o
                0x00000412                Press_font_20x48
 .progmem.data.jersey_numerical_font_24x24_po
                0x0000048a      0x2d0 main.o
                0x0000048a                jersey_numerical_font_24x24_po
 .progmem.data.Run_font_30x32
                0x0000075a       0x78 main.o
                0x0000075a                Run_font_30x32
 .progmem.data.Total_font_30x48
                0x000007d2       0xb4 main.o
                0x000007d2                Total_font_30x48
 .progmem.data.Hours_font_30x48
                0x00000886       0xb4 main.o
                0x00000886                Hours_font_30x48
 .progmem.data.Service_font_30x64
                0x0000093a       0xf0 main.o
                0x0000093a                Service_font_30x64
 .progmem.data.s_alphabet_17X17
                0x00000a2a       0x33 main.o
                0x00000a2a                s_alphabet_17X17
 .progmem.data.arial_numerical_font_49x40
                0x00000a5d      0x992 main.o
                0x00000a5d                arial_numerical_font_49x40
 .progmem.data.arial_numerical_temp_6_49x40
                0x000013ef       0xf5 main.o
                0x000013ef                arial_numerical_temp_6_49x40
 .progmem.data.arial_numerical_temp_5_49x40
                0x000014e4       0xf5 main.o
                0x000014e4                arial_numerical_temp_5_49x40
 .progmem.data.arial_numerical_temp_4_49x40
                0x000015d9       0xf5 main.o
                0x000015d9                arial_numerical_temp_4_49x40
 .progmem.data.arial_numerical_temp_3_49x40
                0x000016ce       0xf5 main.o
                0x000016ce                arial_numerical_temp_3_49x40
 .progmem.data.arial_numerical_temp_2_49x40
                0x000017c3       0xf5 main.o
                0x000017c3                arial_numerical_temp_2_49x40
 .progmem.data.jersey_numerical_temp_0_49x40
                0x000018b8       0xf5 main.o
                0x000018b8                jersey_numerical_temp_0_49x40
 .progmem.data.animation_3_foot_24x33
                0x000019ad       0x78 main.o
                0x000019ad                animation_3_foot_24x33
 .progmem.data.animation_2_foot_24x33
                0x00001a25       0x78 main.o
                0x00001a25                animation_2_foot_24x33
 .progmem.data.animation_1_foot_24x33
                0x00001a9d       0x78 main.o
                0x00001a9d                animation_1_foot_24x33
 .progmem.data.temp_lpm_15x36
                0x00001b15       0x4b main.o
                0x00001b15                temp_lpm_15x36
 .progmem.data.temp_powersave_27x40
                0x00001b60       0x87 main.o
                0x00001b60                temp_powersave_27x40
 .progmem.data.temp_decimal_1_6x8
                0x00001be7        0x6 main.o
                0x00001be7                temp_decimal_1_6x8
 .progmem.data.temp_mpa_14x54
                0x00001bed       0x62 main.o
                0x00001bed                temp_mpa_14x54
 .progmem.data.temp_cmh2o_13x54
                0x00001c4f       0x5b main.o
                0x00001c4f                temp_cmh2o_13x54
 .progmem.data.temp_2_mmhg_13x48
                0x00001caa       0x4e main.o
                0x00001caa                temp_2_mmhg_13x48
 .progmem.data.POWER_ON_48X8
                0x00001cf8       0x30 main.o
                0x00001cf8                POWER_ON_48X8
 .progmem.data.AgVa_logo_56x30
                0x00001d28       0xd2 main.o
                0x00001d28                AgVa_logo_56x30
 .progmem.data.service_required_26x32
                0x00001dfa       0x68 main.o
                0x00001dfa                service_required_26x32
                0x00001e62                . = ALIGN (0x2)
 *(.jumptables)
 *(.jumptables*)
 *(.lowtext)
 *(.lowtext*)
                0x00001e62                __ctors_start = .
 *(.ctors)
                0x00001e62                __ctors_end = .
                0x00001e62                __dtors_start = .
 *(.dtors)
                0x00001e62                __dtors_end = .
 SORT(*)(.ctors)
 SORT(*)(.dtors)
 *(.init0)
 .init0         0x00001e62        0x0 C:/Program Files (x86)/Atmel/Studio/7.0/Packs/Atmel/AVR-Dx_DFP/1.9.103/gcc/dev/avr128da48/avrxmega4/crtavr128da48.o
                0x00001e62                __init
 *(.init0)
 *(.init1)
 *(.init1)
 *(.init2)
 .init2         0x00001e62        0xc C:/Program Files (x86)/Atmel/Studio/7.0/Packs/Atmel/AVR-Dx_DFP/1.9.103/gcc/dev/avr128da48/avrxmega4/crtavr128da48.o
 *(.init2)
 *(.init3)
 *(.init3)
 *(.init4)
 .init4         0x00001e6e       0x1a c:/program files (x86)/atmel/studio/7.0/toolchain/avr8/avr8-gnu-toolchain/bin/../lib/gcc/avr/5.4.0/avrxmega4\libgcc.a(_copy_data.o)
                0x00001e6e                __do_copy_data
 .init4         0x00001e88       0x10 c:/program files (x86)/atmel/studio/7.0/toolchain/avr8/avr8-gnu-toolchain/bin/../lib/gcc/avr/5.4.0/avrxmega4\libgcc.a(_clear_bss.o)
                0x00001e88                __do_clear_bss
 *(.init4)
 *(.init5)
 *(.init5)
 *(.init6)
 *(.init6)
 *(.init7)
 *(.init7)
 *(.init8)
 *(.init8)
 *(.init9)
 .init9         0x00001e98        0x8 C:/Program Files (x86)/Atmel/Studio/7.0/Packs/Atmel/AVR-Dx_DFP/1.9.103/gcc/dev/avr128da48/avrxmega4/crtavr128da48.o
 *(.init9)
 *(.text)
 .text          0x00001ea0        0x4 C:/Program Files (x86)/Atmel/Studio/7.0/Packs/Atmel/AVR-Dx_DFP/1.9.103/gcc/dev/avr128da48/avrxmega4/crtavr128da48.o
                0x00001ea0                __vector_38
                0x00001ea0                __vector_22
                0x00001ea0                __vector_28
                0x00001ea0                __vector_1
                0x00001ea0                __vector_32
                0x00001ea0                __vector_24
                0x00001ea0                __vector_12
                0x00001ea0                __vector_55
                0x00001ea0                __vector_46
                0x00001ea0                __bad_interrupt
                0x00001ea0                __vector_6
                0x00001ea0                __vector_31
                0x00001ea0                __vector_35
                0x00001ea0                __vector_39
                0x00001ea0                __vector_3
                0x00001ea0                __vector_23
                0x00001ea0                __vector_25
                0x00001ea0                __vector_11
                0x00001ea0                __vector_54
                0x00001ea0                __vector_17
                0x00001ea0                __vector_19
                0x00001ea0                __vector_56
                0x00001ea0                __vector_7
                0x00001ea0                __vector_49
                0x00001ea0                __vector_41
                0x00001ea0                __vector_43
                0x00001ea0                __vector_27
                0x00001ea0                __vector_5
                0x00001ea0                __vector_33
                0x00001ea0                __vector_47
                0x00001ea0                __vector_52
                0x00001ea0                __vector_37
                0x00001ea0                __vector_4
                0x00001ea0                __vector_44
                0x00001ea0                __vector_51
                0x00001ea0                __vector_9
                0x00001ea0                __vector_2
                0x00001ea0                __vector_21
                0x00001ea0                __vector_15
                0x00001ea0                __vector_36
                0x00001ea0                __vector_40
                0x00001ea0                __vector_8
                0x00001ea0                __vector_26
                0x00001ea0                __vector_48
                0x00001ea0                __vector_14
                0x00001ea0                __vector_57
                0x00001ea0                __vector_53
                0x00001ea0                __vector_10
                0x00001ea0                __vector_50
                0x00001ea0                __vector_16
                0x00001ea0                __vector_18
                0x00001ea0                __vector_20
                0x00001ea0                __vector_42
                0x00001ea4                . = ALIGN (0x2)
 *(.text.*)
 .text.reverse  0x00001ea4       0x2e main.o
                0x00001ea4                reverse
 .text.intToStr
                0x00001ed2       0x7e main.o
                0x00001ed2                intToStr
 .text.USART1_init
                0x00001f50       0x56 main.o
                0x00001f50                USART1_init
 .text.USART1_sendChar
                0x00001fa6        0xe main.o
                0x00001fa6                USART1_sendChar
 .text.USART1_sendString
                0x00001fb4       0x42 main.o
                0x00001fb4                USART1_sendString
 .text.USART1_sendString_without_newline
                0x00001ff6       0x3c main.o
                0x00001ff6                USART1_sendString_without_newline
 .text.USART1_sendInt
                0x00002032       0x16 main.o
                0x00002032                USART1_sendInt
 .text.SPI_0_init
                0x00002048       0x38 main.o
                0x00002048                SPI_0_init
 .text.SPI_0_send_char
                0x00002080        0xe main.o
                0x00002080                SPI_0_send_char
 .text.SPI_0_send_array
                0x0000208e       0x2c main.o
                0x0000208e                SPI_0_send_array
 .text.I2C_0_initialization
                0x000020ba       0x18 main.o
                0x000020ba                I2C_0_initialization
 .text.I2C_0_master_initialization
                0x000020d2       0x1a main.o
                0x000020d2                I2C_0_master_initialization
 .text.I2C_0_sendAddress
                0x000020ec       0x90 main.o
                0x000020ec                I2C_0_sendAddress
 .text.ADC0_init
                0x0000217c       0x12 main.o
                0x0000217c                ADC0_init
 .text.ADC0_start
                0x0000218e        0x8 main.o
                0x0000218e                ADC0_start
 .text.ADC0_read
                0x00002196       0x1e main.o
                0x00002196                ADC0_read
 .text.AMS_5812_init
                0x000021b4       0x1a main.o
                0x000021b4                AMS_5812_init
 .text.AMS_raw  0x000021ce       0x98 main.o
                0x000021ce                AMS_raw
 .text.AMS_5812_psi_read
                0x00002266        0x6 main.o
                0x00002266                AMS_5812_psi_read
 .text.AMS_mmhg_average
                0x0000226c       0x6c main.o
                0x0000226c                AMS_mmhg_average
 .text.UC1698U_gpio_init
                0x000022d8       0x20 main.o
                0x000022d8                UC1698U_gpio_init
 .text.UC1698U_SEND_ARRAY_DATA
                0x000022f8       0x28 main.o
                0x000022f8                UC1698U_SEND_ARRAY_DATA
 .text.UC1698U_SEND_BYTE_DATA
                0x00002320       0x28 main.o
                0x00002320                UC1698U_SEND_BYTE_DATA
 .text.UC1698U_SEND_CMD
                0x00002348       0x3a main.o
                0x00002348                UC1698U_SEND_CMD
 .text.UC1698U_SEND_CMD_DATA
                0x00002382       0x3a main.o
                0x00002382                UC1698U_SEND_CMD_DATA
 .text.set_row_addr
                0x000023bc       0x20 main.o
                0x000023bc                set_row_addr
 .text.set_colm_addr
                0x000023dc       0x1a main.o
                0x000023dc                set_colm_addr
 .text.window_program_start_end_colm_row_addr
                0x000023f6       0x54 main.o
                0x000023f6                window_program_start_end_colm_row_addr
 .text.set_all_pixel_off
                0x0000244a       0x2c main.o
                0x0000244a                set_all_pixel_off
 .text.UC1698U_init
                0x00002476       0xfc main.o
                0x00002476                UC1698U_init
 .text.print_icon
                0x00002572      0x1ce main.o
                0x00002572                print_icon
 .text.print_number
                0x00002740      0x1f2 main.o
                0x00002740                print_number
 .text.print_double_line
                0x00002932       0x64 main.o
                0x00002932                print_double_line
 .text.print_line
                0x00002996       0x64 main.o
                0x00002996                print_line
 .text.draw_filled_rectangle
                0x000029fa       0x68 main.o
                0x000029fa                draw_filled_rectangle
 .text.delete_rectangle
                0x00002a62       0x5a main.o
                0x00002a62                delete_rectangle
 .text.keypad_gpio_init
                0x00002abc       0x68 main.o
                0x00002abc                keypad_gpio_init
 .text.unit_change
                0x00002b24       0x38 main.o
                0x00002b24                unit_change
 .text.MOTOR_ON_OFF
                0x00002b5c       0x84 main.o
                0x00002b5c                MOTOR_ON_OFF
 .text.play_pause_button_main
                0x00002be0       0x7c main.o
                0x00002be0                play_pause_button_main
 .text.dc_suction_pressure_main
                0x00002c5c      0x228 main.o
                0x00002c5c                dc_suction_pressure_main
 .text.stp_foot_switch_check
                0x00002e84       0x10 main.o
                0x00002e84                stp_foot_switch_check
 .text.ams_reset
                0x00002e94       0x3a main.o
                0x00002e94                ams_reset
 .text.foot_switch_gpio_init
                0x00002ece       0x1e main.o
                0x00002ece                foot_switch_gpio_init
 .text.foot_switch_init
                0x00002eec       0x1a main.o
                0x00002eec                foot_switch_init
 .text.foot_switch_detect_check
                0x00002f06       0x48 main.o
                0x00002f06                foot_switch_detect_check
 .text.smart_sensing
                0x00002f4e      0x218 main.o
                0x00002f4e                smart_sensing
 .text.power_save_protocol
                0x00003166      0x1ec main.o
                0x00003166                power_save_protocol
 .text.foot_switch_sensing
                0x00003352       0x36 main.o
                0x00003352                foot_switch_sensing
 .text.foot_switch_main
                0x00003388       0x20 main.o
                0x00003388                foot_switch_main
 .text.NTC_init
                0x000033a8        0x6 main.o
                0x000033a8                NTC_init
 .text.read_ntc
                0x000033ae       0xa0 main.o
                0x000033ae                read_ntc
 .text.TCB1_init
                0x0000344e       0x2a main.o
                0x0000344e                TCB1_init
 .text.TCB2_init
                0x00003478       0x2a main.o
                0x00003478                TCB2_init
 .text.timmer_init
                0x000034a2        0xa main.o
                0x000034a2                timmer_init
 .text.__vector_13
                0x000034ac       0x6c main.o
                0x000034ac                __vector_13
 .text.__vector_30
                0x00003518      0x114 main.o
                0x00003518                __vector_30
 .text.clear_all_keypad_flags
                0x0000362c       0x16 main.o
                0x0000362c                clear_all_keypad_flags
 .text.clear_all_lpm_flags
                0x00003642       0x16 main.o
                0x00003642                clear_all_lpm_flags
 .text.pwm_change
                0x00003658      0x5d8 main.o
                0x00003658                pwm_change
 .text.keypad_main
                0x00003c30        0xe main.o
                0x00003c30                keypad_main
 .text.lcd_all_icon_update
                0x00003c3e        0xc main.o
                0x00003c3e                lcd_all_icon_update
 .text.lcd_uc1698u_init
                0x00003c4a       0x1e main.o
                0x00003c4a                lcd_uc1698u_init
 .text.lcd_icon_update
                0x00003c68       0x70 main.o
                0x00003c68                lcd_icon_update
 .text.power_on_screen
                0x00003cd8       0x32 main.o
                0x00003cd8                power_on_screen
 .text.partitions
                0x00003d0a       0x54 main.o
                0x00003d0a                partitions
 .text.EDGE     0x00003d5e       0x56 main.o
                0x00003d5e                EDGE
 .text.show_mmgh_4digit
                0x00003db4       0xc0 main.o
                0x00003db4                show_mmgh_4digit
 .text.cmH20_4digit
                0x00003e74       0xea main.o
                0x00003e74                cmH20_4digit
 .text.MPa_4digit
                0x00003f5e       0xd2 main.o
                0x00003f5e                MPa_4digit
 .text.numDigits
                0x00004030       0x44 main.o
                0x00004030                numDigits
 .text.printNumScreen_RightJustified
                0x00004074      0x180 main.o
                0x00004074                printNumScreen_RightJustified
 .text.bar_draw_delete_rectangle
                0x000041f4       0x5a main.o
                0x000041f4                bar_draw_delete_rectangle
 .text.bar_draw_filled_rectangle
                0x0000424e       0x5a main.o
                0x0000424e                bar_draw_filled_rectangle
 .text.lcd_pressure_bar_init
                0x000042a8        0xe main.o
                0x000042a8                lcd_pressure_bar_init
 .text.lcd_loading_page
                0x000042b6       0x8a main.o
                0x000042b6                lcd_loading_page
 .text.lcd_pressure_bar_main
                0x00004340       0x8c main.o
                0x00004340                lcd_pressure_bar_main
 .text.lcd_uc1698u_main_screen
                0x000043cc      0x23e main.o
                0x000043cc                lcd_uc1698u_main_screen
 .text.TCA0_PWM_init
                0x0000460a       0x44 main.o
                0x0000460a                TCA0_PWM_init
 .text.set_NVM_command_SPM
                0x0000464e        0xa main.o
                0x0000464e                set_NVM_command_SPM
 .text.write_8t_data_in_eeprom_SPM
                0x00004658       0x2e main.o
                0x00004658                write_8t_data_in_eeprom_SPM
 .text.write_16t_data_in_eeprom_SPM
                0x00004686       0x34 main.o
                0x00004686                write_16t_data_in_eeprom_SPM
 .text.read_8t_data_in_eeprom_SPM
                0x000046ba        0xa main.o
                0x000046ba                read_8t_data_in_eeprom_SPM
 .text.ams_check
                0x000046c4      0x19c main.o
                0x000046c4                ams_check
 .text.STP      0x00004860       0x18 main.o
                0x00004860                STP
 .text.read_16t_data_in_eeprom_SPM
                0x00004878        0xa main.o
                0x00004878                read_16t_data_in_eeprom_SPM
 .text.fetch_lpm_duty_from_EEPROM
                0x00004882       0x52 main.o
                0x00004882                fetch_lpm_duty_from_EEPROM
 .text.eeprom_init_read
                0x000048d4       0x4c main.o
                0x000048d4                eeprom_init_read
 .text.read_long_data_in_eeprom_SPM
                0x00004920        0xa main.o
                0x00004920                read_long_data_in_eeprom_SPM
 .text.display_print_function_numerics
                0x0000492a       0x76 main.o
                0x0000492a                display_print_function_numerics
 .text.write_data_in_eeprom_SPM_32bits
                0x000049a0       0x66 main.o
                0x000049a0                write_data_in_eeprom_SPM_32bits
 .text.reset_time
                0x00004a06      0x15e main.o
                0x00004a06                reset_time
 .text.display_runTime_serviceTime
                0x00004b64       0x74 main.o
                0x00004b64                display_runTime_serviceTime
 .text.calcutale_run_service_time
                0x00004bd8       0xce main.o
                0x00004bd8                calcutale_run_service_time
 .text.__vector_34
                0x00004ca6      0x116 main.o
                0x00004ca6                __vector_34
 .text.__vector_29
                0x00004dbc      0x108 main.o
                0x00004dbc                __vector_29
 .text.__vector_45
                0x00004ec4       0x88 main.o
                0x00004ec4                __vector_45
 .text.get_int_limited
                0x00004f4c       0x78 main.o
                0x00004f4c                get_int_limited
 .text.settings
                0x00004fc4      0x286 main.o
                0x00004fc4                settings
 .text.mode_1   0x0000524a       0x70 main.o
                0x0000524a                mode_1
 .text.main     0x000052ba       0xb4 main.o
                0x000052ba                main
 .text.avr-libc.fplib
                0x0000536e        0xe c:/program files (x86)/atmel/studio/7.0/toolchain/avr8/avr8-gnu-toolchain/bin/../lib/gcc/avr/5.4.0/../../../../avr/lib/avrxmega4\libm.a(addsf3.o)
                0x0000536e                __subsf3
                0x00005370                __addsf3
 .text.avr-libc.fplib
                0x0000537c       0xcc c:/program files (x86)/atmel/studio/7.0/toolchain/avr8/avr8-gnu-toolchain/bin/../lib/gcc/avr/5.4.0/../../../../avr/lib/avrxmega4\libm.a(addsf3x.o)
                0x0000539e                __addsf3x
 .text.avr-libc.fplib
                0x00005448        0xa c:/program files (x86)/atmel/studio/7.0/toolchain/avr8/avr8-gnu-toolchain/bin/../lib/gcc/avr/5.4.0/../../../../avr/lib/avrxmega4\libm.a(cmpsf2.o)
                0x00005448                __nesf2
                0x00005448                __eqsf2
                0x00005448                __cmpsf2
                0x00005448                __ltsf2
                0x00005448                __lesf2
 .text.avr-libc.fplib
                0x00005452        0x8 c:/program files (x86)/atmel/studio/7.0/toolchain/avr8/avr8-gnu-toolchain/bin/../lib/gcc/avr/5.4.0/../../../../avr/lib/avrxmega4\libm.a(divsf3.o)
                0x00005452                __divsf3
 .text.avr-libc.fplib
                0x0000545a       0xdc c:/program files (x86)/atmel/studio/7.0/toolchain/avr8/avr8-gnu-toolchain/bin/../lib/gcc/avr/5.4.0/../../../../avr/lib/avrxmega4\libm.a(divsf3x.o)
                0x0000547a                __divsf3x
                0x00005480                __divsf3_pse
 .text.avr-libc.fplib
                0x00005536        0xe c:/program files (x86)/atmel/studio/7.0/toolchain/avr8/avr8-gnu-toolchain/bin/../lib/gcc/avr/5.4.0/../../../../avr/lib/avrxmega4\libm.a(fixsfsi.o)
                0x00005536                __fixsfsi
 .text.avr-libc.fplib
                0x00005544       0x5e c:/program files (x86)/atmel/studio/7.0/toolchain/avr8/avr8-gnu-toolchain/bin/../lib/gcc/avr/5.4.0/../../../../avr/lib/avrxmega4\libm.a(fixunssfsi.o)
                0x00005544                __fixunssfsi
 .text.avr-libc.fplib
                0x000055a2       0x7a c:/program files (x86)/atmel/studio/7.0/toolchain/avr8/avr8-gnu-toolchain/bin/../lib/gcc/avr/5.4.0/../../../../avr/lib/avrxmega4\libm.a(floatsisf.o)
                0x000055a2                __floatunsisf
                0x000055a6                __floatsisf
 .text.avr-libc.fplib
                0x0000561c       0x48 c:/program files (x86)/atmel/studio/7.0/toolchain/avr8/avr8-gnu-toolchain/bin/../lib/gcc/avr/5.4.0/../../../../avr/lib/avrxmega4\libm.a(fp_cmp.o)
                0x0000561c                __fp_cmp
 .text.avr-libc.fplib
                0x00005664        0xc c:/program files (x86)/atmel/studio/7.0/toolchain/avr8/avr8-gnu-toolchain/bin/../lib/gcc/avr/5.4.0/../../../../avr/lib/avrxmega4\libm.a(fp_inf.o)
                0x00005664                __fp_inf
 .text.avr-libc.fplib
                0x00005670        0x6 c:/program files (x86)/atmel/studio/7.0/toolchain/avr8/avr8-gnu-toolchain/bin/../lib/gcc/avr/5.4.0/../../../../avr/lib/avrxmega4\libm.a(fp_nan.o)
                0x00005670                __fp_nan
 .text.avr-libc.fplib
                0x00005676        0xe c:/program files (x86)/atmel/studio/7.0/toolchain/avr8/avr8-gnu-toolchain/bin/../lib/gcc/avr/5.4.0/../../../../avr/lib/avrxmega4\libm.a(fp_pscA.o)
                0x00005676                __fp_pscA
 .text.avr-libc.fplib
                0x00005684        0xe c:/program files (x86)/atmel/studio/7.0/toolchain/avr8/avr8-gnu-toolchain/bin/../lib/gcc/avr/5.4.0/../../../../avr/lib/avrxmega4\libm.a(fp_pscB.o)
                0x00005684                __fp_pscB
 .text.avr-libc.fplib
                0x00005692       0x22 c:/program files (x86)/atmel/studio/7.0/toolchain/avr8/avr8-gnu-toolchain/bin/../lib/gcc/avr/5.4.0/../../../../avr/lib/avrxmega4\libm.a(fp_round.o)
                0x00005692                __fp_round
 .text.avr-libc.fplib
                0x000056b4       0x44 c:/program files (x86)/atmel/studio/7.0/toolchain/avr8/avr8-gnu-toolchain/bin/../lib/gcc/avr/5.4.0/../../../../avr/lib/avrxmega4\libm.a(fp_split3.o)
                0x000056b4                __fp_split3
                0x000056c4                __fp_splitA
 .text.avr-libc.fplib
                0x000056f8        0xe c:/program files (x86)/atmel/studio/7.0/toolchain/avr8/avr8-gnu-toolchain/bin/../lib/gcc/avr/5.4.0/../../../../avr/lib/avrxmega4\libm.a(fp_zero.o)
                0x000056f8                __fp_zero
                0x000056fa                __fp_szero
 .text.avr-libc.fplib
                0x00005706        0xa c:/program files (x86)/atmel/studio/7.0/toolchain/avr8/avr8-gnu-toolchain/bin/../lib/gcc/avr/5.4.0/../../../../avr/lib/avrxmega4\libm.a(gesf2.o)
                0x00005706                __gesf2
                0x00005706                __gtsf2
 .text.avr-libc.fplib
                0x00005710        0x8 c:/program files (x86)/atmel/studio/7.0/toolchain/avr8/avr8-gnu-toolchain/bin/../lib/gcc/avr/5.4.0/../../../../avr/lib/avrxmega4\libm.a(mulsf3.o)
                0x00005710                __mulsf3
 .text.avr-libc.fplib
                0x00005718       0xd2 c:/program files (x86)/atmel/studio/7.0/toolchain/avr8/avr8-gnu-toolchain/bin/../lib/gcc/avr/5.4.0/../../../../avr/lib/avrxmega4\libm.a(mulsf3x.o)
                0x00005736                __mulsf3x
                0x0000573c                __mulsf3_pse
 .text.libgcc.div
                0x000057ea       0x28 c:/program files (x86)/atmel/studio/7.0/toolchain/avr8/avr8-gnu-toolchain/bin/../lib/gcc/avr/5.4.0/avrxmega4\libgcc.a(_divmodhi4.o)
                0x000057ea                _div
                0x000057ea                __divmodhi4
 .text.libgcc.div
                0x00005812       0x44 c:/program files (x86)/atmel/studio/7.0/toolchain/avr8/avr8-gnu-toolchain/bin/../lib/gcc/avr/5.4.0/avrxmega4\libgcc.a(_udivmodsi4.o)
                0x00005812                __udivmodsi4
 .text.libgcc.div
                0x00005856       0x2e c:/program files (x86)/atmel/studio/7.0/toolchain/avr8/avr8-gnu-toolchain/bin/../lib/gcc/avr/5.4.0/avrxmega4\libgcc.a(_divmodsi4.o)
                0x00005856                __divmodsi4
 .text.libgcc.div
                0x00005884       0x10 c:/program files (x86)/atmel/studio/7.0/toolchain/avr8/avr8-gnu-toolchain/bin/../lib/gcc/avr/5.4.0/avrxmega4\libgcc.a(_negsi2.o)
                0x00005884                __negsi2
 .text.libgcc.mul
                0x00005894       0x1e c:/program files (x86)/atmel/studio/7.0/toolchain/avr8/avr8-gnu-toolchain/bin/../lib/gcc/avr/5.4.0/avrxmega4\libgcc.a(_umulhisi3.o)
                0x00005894                __umulhisi3
 .text.libgcc.mul
                0x000058b2       0x16 c:/program files (x86)/atmel/studio/7.0/toolchain/avr8/avr8-gnu-toolchain/bin/../lib/gcc/avr/5.4.0/avrxmega4\libgcc.a(_muluhisi3.o)
                0x000058b2                __muluhisi3
 .text.libgcc.div
                0x000058c8       0x28 c:/program files (x86)/atmel/studio/7.0/toolchain/avr8/avr8-gnu-toolchain/bin/../lib/gcc/avr/5.4.0/avrxmega4\libgcc.a(_udivmodhi4.o)
                0x000058c8                __udivmodhi4
 .text.avr-libc
                0x000058f0       0x38 c:/program files (x86)/atmel/studio/7.0/toolchain/avr8/avr8-gnu-toolchain/bin/../lib/gcc/avr/5.4.0/../../../../avr/lib/avrxmega4\libc.a(calloc.o)
                0x000058f0                calloc
 .text.avr-libc
                0x00005928      0x242 c:/program files (x86)/atmel/studio/7.0/toolchain/avr8/avr8-gnu-toolchain/bin/../lib/gcc/avr/5.4.0/../../../../avr/lib/avrxmega4\libc.a(malloc.o)
                0x00005928                malloc
                0x00005a58                free
 .text.avr-libc
                0x00005b6a      0x1ca c:/program files (x86)/atmel/studio/7.0/toolchain/avr8/avr8-gnu-toolchain/bin/../lib/gcc/avr/5.4.0/../../../../avr/lib/avrxmega4\libc.a(realloc.o)
                0x00005b6a                realloc
 .text.avr-libc
                0x00005d34       0x12 c:/program files (x86)/atmel/studio/7.0/toolchain/avr8/avr8-gnu-toolchain/bin/../lib/gcc/avr/5.4.0/../../../../avr/lib/avrxmega4\libc.a(memcpy.o)
                0x00005d34                memcpy
 .text.avr-libc
                0x00005d46        0xe c:/program files (x86)/atmel/studio/7.0/toolchain/avr8/avr8-gnu-toolchain/bin/../lib/gcc/avr/5.4.0/../../../../avr/lib/avrxmega4\libc.a(memset.o)
                0x00005d46                memset
 .text.avr-libc
                0x00005d54       0x10 C:/Program Files (x86)/Atmel/Studio/7.0/Packs/Atmel/AVR-Dx_DFP/1.9.103/gcc/dev/avr128da48/avrxmega4\libavr128da48.a(eerd_byte.o)
                0x00005d54                eeprom_read_byte
                0x00005d5c                eeprom_mapen
 .text.avr-libc
                0x00005d64        0xe C:/Program Files (x86)/Atmel/Studio/7.0/Packs/Atmel/AVR-Dx_DFP/1.9.103/gcc/dev/avr128da48/avrxmega4\libavr128da48.a(eerd_dword.o)
                0x00005d64                eeprom_read_float
                0x00005d64                eeprom_read_dword
 .text.avr-libc
                0x00005d72        0xa C:/Program Files (x86)/Atmel/Studio/7.0/Packs/Atmel/AVR-Dx_DFP/1.9.103/gcc/dev/avr128da48/avrxmega4\libavr128da48.a(eerd_word.o)
                0x00005d72                eeprom_read_word
 .text.avr-libc
                0x00005d7c        0xc C:/Program Files (x86)/Atmel/Studio/7.0/Packs/Atmel/AVR-Dx_DFP/1.9.103/gcc/dev/avr128da48/avrxmega4\libavr128da48.a(ccp_write.o)
                0x00005d7c                ccp_write_io
                0x00005d88                . = ALIGN (0x2)
 *(.fini9)
 .fini9         0x00005d88        0x0 c:/program files (x86)/atmel/studio/7.0/toolchain/avr8/avr8-gnu-toolchain/bin/../lib/gcc/avr/5.4.0/avrxmega4\libgcc.a(_exit.o)
                0x00005d88                _exit
                0x00005d88                exit
 *(.fini9)
 *(.fini8)
 *(.fini8)
 *(.fini7)
 *(.fini7)
 *(.fini6)
 *(.fini6)
 *(.fini5)
 *(.fini5)
 *(.fini4)
 *(.fini4)
 *(.fini3)
 *(.fini3)
 *(.fini2)
 *(.fini2)
 *(.fini1)
 *(.fini1)
 *(.fini0)
 .fini0         0x00005d88        0x4 c:/program files (x86)/atmel/studio/7.0/toolchain/avr8/avr8-gnu-toolchain/bin/../lib/gcc/avr/5.4.0/avrxmega4\libgcc.a(_exit.o)
 *(.fini0)
                0x00005d8c                _etext = .

.data           0x00804000      0x24e load address 0x00005d8c
                0x00804000                PROVIDE (__data_start, .)
 *(.data)
 .data          0x00804000        0x6 c:/program files (x86)/atmel/studio/7.0/toolchain/avr8/avr8-gnu-toolchain/bin/../lib/gcc/avr/5.4.0/../../../../avr/lib/avrxmega4\libc.a(malloc.o)
                0x00804000                __malloc_heap_end
                0x00804002                __malloc_heap_start
                0x00804004                __malloc_margin
 *(.data*)
 .data.previous_x2.5680
                0x00804006        0x2 main.o
 .data.unit_mode_pwm
                0x00804008        0x1 main.o
                0x00804008                unit_mode_pwm
 .data.LPM_60   0x00804009        0x2 main.o
                0x00804009                LPM_60
 .data.LPM_50   0x0080400b        0x2 main.o
                0x0080400b                LPM_50
 .data.LPM_40   0x0080400d        0x2 main.o
                0x0080400d                LPM_40
 .data.LPM_30   0x0080400f        0x2 main.o
                0x0080400f                LPM_30
 .data.LPM_20   0x00804011        0x2 main.o
                0x00804011                LPM_20
 .data.value_ok_flag
                0x00804013        0x1 main.o
                0x00804013                value_ok_flag
 .data.update_power_save_icon_flag
                0x00804014        0x1 main.o
                0x00804014                update_power_save_icon_flag
 .data.previous_unit_mode
                0x00804015        0x1 main.o
                0x00804015                previous_unit_mode
 .data.unit_mode
                0x00804016        0x1 main.o
                0x00804016                unit_mode
 .data.pre_def  0x00804017        0x6 main.o
                0x00804017                pre_def
 *(.gnu.linkonce.d*)
 *(.rodata)
 *(.rodata*)
 .rodata.str1.1
                0x0080401d      0x230 main.o
 *(.gnu.linkonce.r*)
                0x0080424e                . = ALIGN (0x2)
 *fill*         0x0080424d        0x1 
                0x0080424e                _edata = .
                0x0080424e                PROVIDE (__data_end, .)

.bss            0x0080424e       0xb1
                0x0080424e                PROVIDE (__bss_start, .)
 *(.bss)
 *(.bss*)
 .bss.smart_icon_serial.5577
                0x0080424e        0x2 main.o
 .bss.lpm60_flag
                0x00804250        0x1 main.o
                0x00804250                lpm60_flag
 .bss.lpm50_flag
                0x00804251        0x1 main.o
                0x00804251                lpm50_flag
 .bss.lpm40_flag
                0x00804252        0x1 main.o
                0x00804252                lpm40_flag
 .bss.lpm30_flag
                0x00804253        0x1 main.o
                0x00804253                lpm30_flag
 .bss.lpm20_flag
                0x00804254        0x1 main.o
                0x00804254                lpm20_flag
 .bss.Duty_cycle
                0x00804255        0x2 main.o
                0x00804255                Duty_cycle
 .bss.long_press_pwms_set
                0x00804257        0x4 main.o
                0x00804257                long_press_pwms_set
 .bss.countRunTime
                0x0080425b        0x1 main.o
                0x0080425b                countRunTime
 .bss.mode_button_flag
                0x0080425c        0x1 main.o
                0x0080425c                mode_button_flag
 .bss.value_decrement_flag
                0x0080425d        0x1 main.o
                0x0080425d                value_decrement_flag
 .bss.value_increment_flag
                0x0080425e        0x1 main.o
                0x0080425e                value_increment_flag
 .bss.return_val
                0x0080425f        0x2 main.o
                0x0080425f                return_val
 .bss.smart_switch_timmer
                0x00804261        0x4 main.o
                0x00804261                smart_switch_timmer
 .bss.power_save_motor_on_timmer
                0x00804265        0x4 main.o
                0x00804265                power_save_motor_on_timmer
 .bss.power_save_icon_blink_flag
                0x00804269        0x1 main.o
                0x00804269                power_save_icon_blink_flag
 .bss.power_save_mode_on_flag
                0x0080426a        0x1 main.o
                0x0080426a                power_save_mode_on_flag
 .bss.power_save_timer_on_flag
                0x0080426b        0x1 main.o
                0x0080426b                power_save_timer_on_flag
 .bss.foot_switch_press_count
                0x0080426c        0x1 main.o
                0x0080426c                foot_switch_press_count
 .bss.smart_switch_cont_motor_on_flag
                0x0080426d        0x1 main.o
                0x0080426d                smart_switch_cont_motor_on_flag
 .bss.smart_switch_normal_motor_on_flag
                0x0080426e        0x1 main.o
                0x0080426e                smart_switch_normal_motor_on_flag
 .bss.foot_switch_detect_isr_flag
                0x0080426f        0x1 main.o
                0x0080426f                foot_switch_detect_isr_flag
 .bss.foot_switch_release_flag
                0x00804270        0x1 main.o
                0x00804270                foot_switch_release_flag
 .bss.foot_switch_press_flag
                0x00804271        0x1 main.o
                0x00804271                foot_switch_press_flag
 .bss.foot_switch_connected_flag
                0x00804272        0x1 main.o
                0x00804272                foot_switch_connected_flag
 .bss.smart_switch_delete_flag
                0x00804273        0x1 main.o
                0x00804273                smart_switch_delete_flag
 .bss.smart_switch_icon_update_flag
                0x00804274        0x1 main.o
                0x00804274                smart_switch_icon_update_flag
 .bss.previous_power_save_mode_flag
                0x00804275        0x1 main.o
                0x00804275                previous_power_save_mode_flag
 .bss.update_bar_flag
                0x00804276        0x1 main.o
                0x00804276                update_bar_flag
 .bss.unit_icon_update_flag
                0x00804277        0x1 main.o
                0x00804277                unit_icon_update_flag
 .bss.update_pressure_flag
                0x00804278        0x1 main.o
                0x00804278                update_pressure_flag
 .bss.pressure_blockage
                0x00804279        0x2 main.o
                0x00804279                pressure_blockage
 .bss.Service_alarm_flag_run
                0x0080427b        0x1 main.o
                0x0080427b                Service_alarm_flag_run
 .bss.Service_alarm_flag
                0x0080427c        0x1 main.o
                0x0080427c                Service_alarm_flag
 .bss.backlit_on_flag
                0x0080427d        0x1 main.o
                0x0080427d                backlit_on_flag
 .bss.ntc_raw_adc
                0x0080427e        0x4 main.o
                0x0080427e                ntc_raw_adc
 .bss.voltage   0x00804282        0x4 main.o
                0x00804282                voltage
 .bss.play_pause_button_press_flag
                0x00804286        0x1 main.o
                0x00804286                play_pause_button_press_flag
 .bss.button_motor_on_off_flag
                0x00804287        0x1 main.o
                0x00804287                button_motor_on_off_flag
 .bss.speed_button_press_flag
                0x00804288        0x1 main.o
                0x00804288                speed_button_press_flag
 .bss.unit_button_pressed_flag
                0x00804289        0x1 main.o
                0x00804289                unit_button_pressed_flag
 .bss.smart_switch_mode_flag
                0x0080428a        0x1 main.o
                0x0080428a                smart_switch_mode_flag
 .bss.g_currentMillis_runTime
                0x0080428b        0x4 main.o
                0x0080428b                g_currentMillis_runTime
 .bss.blink_flag
                0x0080428f        0x1 main.o
                0x0080428f                blink_flag
 .bss._300sec   0x00804290        0x1 main.o
                0x00804290                _300sec
 .bss._1sec     0x00804291        0x1 main.o
                0x00804291                _1sec
 .bss.g_foot_sw_blink_millis
                0x00804292        0x4 main.o
                0x00804292                g_foot_sw_blink_millis
 .bss.millis3   0x00804296        0x4 main.o
                0x00804296                millis3
 .bss.millis2   0x0080429a        0x4 main.o
                0x0080429a                millis2
 .bss.millis1   0x0080429e        0x4 main.o
                0x0080429e                millis1
 .bss.millis    0x008042a2        0x4 main.o
                0x008042a2                millis
 .bss.currentMillis
                0x008042a6        0x4 main.o
                0x008042a6                currentMillis
 .bss.allowedPressureDifference
                0x008042aa        0x4 main.o
                0x008042aa                allowedPressureDifference
 .bss.currentPressure
                0x008042ae        0x4 main.o
                0x008042ae                currentPressure
 .bss.previous_pressure
                0x008042b2        0x4 main.o
                0x008042b2                previous_pressure
 .bss.current_pressure_mpa
                0x008042b6        0x4 main.o
                0x008042b6                current_pressure_mpa
 .bss.current_pressure_cmh2O
                0x008042ba        0x4 main.o
                0x008042ba                current_pressure_cmh2O
 .bss.current_pressure_mmhg
                0x008042be        0x4 main.o
                0x008042be                current_pressure_mmhg
 .bss.previous_uc_ams_reset_flag
                0x008042c2        0x1 main.o
                0x008042c2                previous_uc_ams_reset_flag
 .bss.previous_soft_hard_reset_flag
                0x008042c3        0x1 main.o
                0x008042c3                previous_soft_hard_reset_flag
 .bss.timeout_count
                0x008042c4        0x2 main.o
                0x008042c4                timeout_count
 .bss.ADC_selected_channel
                0x008042c6        0x1 main.o
                0x008042c6                ADC_selected_channel
 .bss.i2c_timeout_flag
                0x008042c7        0x1 main.o
                0x008042c7                i2c_timeout_flag
 *(COMMON)
 COMMON         0x008042c8       0x33 main.o
                0x008042c8                buff
                0x008042fa                alarm_motor_temp_flag
 COMMON         0x008042fb        0x4 c:/program files (x86)/atmel/studio/7.0/toolchain/avr8/avr8-gnu-toolchain/bin/../lib/gcc/avr/5.4.0/../../../../avr/lib/avrxmega4\libc.a(malloc.o)
                0x008042fb                __brkval
                0x008042fd                __flp
                0x008042ff                PROVIDE (__bss_end, .)
                0x00005d8c                __data_load_start = LOADADDR (.data)
                0x00005fda                __data_load_end = (__data_load_start + SIZEOF (.data))

.noinit         0x008042ff        0x0
                [!provide]                PROVIDE (__noinit_start, .)
 *(.noinit*)
                [!provide]                PROVIDE (__noinit_end, .)
                0x008042ff                _end = .
                0x008042ff                PROVIDE (__heap_start, .)

.eeprom         0x00810000        0x0
 *(.eeprom*)
                0x00810000                __eeprom_end = .

.fuse
 *(.fuse)
 *(.lfuse)
 *(.hfuse)
 *(.efuse)

.lock
 *(.lock*)

.signature
 *(.signature*)

.user_signatures
 *(.user_signatures*)

.stab
 *(.stab)

.stabstr
 *(.stabstr)

.stab.excl
 *(.stab.excl)

.stab.exclstr
 *(.stab.exclstr)

.stab.index
 *(.stab.index)

.stab.indexstr
 *(.stab.indexstr)

.comment        0x00000000       0x30
 *(.comment)
 .comment       0x00000000       0x30 main.o
                                 0x31 (size before relaxing)
 .comment       0x00000030       0x31 c:/program files (x86)/atmel/studio/7.0/toolchain/avr8/avr8-gnu-toolchain/bin/../lib/gcc/avr/5.4.0/../../../../avr/lib/avrxmega4\libc.a(calloc.o)
 .comment       0x00000030       0x31 c:/program files (x86)/atmel/studio/7.0/toolchain/avr8/avr8-gnu-toolchain/bin/../lib/gcc/avr/5.4.0/../../../../avr/lib/avrxmega4\libc.a(malloc.o)
 .comment       0x00000030       0x31 c:/program files (x86)/atmel/studio/7.0/toolchain/avr8/avr8-gnu-toolchain/bin/../lib/gcc/avr/5.4.0/../../../../avr/lib/avrxmega4\libc.a(realloc.o)

.note.gnu.avr.deviceinfo
                0x00000000       0x40
 .note.gnu.avr.deviceinfo
                0x00000000       0x40 C:/Program Files (x86)/Atmel/Studio/7.0/Packs/Atmel/AVR-Dx_DFP/1.9.103/gcc/dev/avr128da48/avrxmega4/crtavr128da48.o

.note.gnu.build-id
 *(.note.gnu.build-id)

.debug
 *(.debug)

.line
 *(.line)

.debug_srcinfo
 *(.debug_srcinfo)

.debug_sfnames
 *(.debug_sfnames)

.debug_aranges  0x00000000      0x480
 *(.debug_aranges)
 .debug_aranges
                0x00000000      0x400 main.o
 .debug_aranges
                0x00000400       0x20 C:/Program Files (x86)/Atmel/Studio/7.0/Packs/Atmel/AVR-Dx_DFP/1.9.103/gcc/dev/avr128da48/avrxmega4\libavr128da48.a(eerd_byte.o)
 .debug_aranges
                0x00000420       0x20 C:/Program Files (x86)/Atmel/Studio/7.0/Packs/Atmel/AVR-Dx_DFP/1.9.103/gcc/dev/avr128da48/avrxmega4\libavr128da48.a(eerd_dword.o)
 .debug_aranges
                0x00000440       0x20 C:/Program Files (x86)/Atmel/Studio/7.0/Packs/Atmel/AVR-Dx_DFP/1.9.103/gcc/dev/avr128da48/avrxmega4\libavr128da48.a(eerd_word.o)
 .debug_aranges
                0x00000460       0x20 C:/Program Files (x86)/Atmel/Studio/7.0/Packs/Atmel/AVR-Dx_DFP/1.9.103/gcc/dev/avr128da48/avrxmega4\libavr128da48.a(ccp_write.o)

.debug_pubnames
 *(.debug_pubnames)

.debug_info     0x00000000     0x9fcc
 *(.debug_info .gnu.linkonce.wi.*)
 .debug_info    0x00000000     0x2c24 C:/Program Files (x86)/Atmel/Studio/7.0/Packs/Atmel/AVR-Dx_DFP/1.9.103/gcc/dev/avr128da48/avrxmega4/crtavr128da48.o
 .debug_info    0x00002c24     0x712b main.o
 .debug_info    0x00009d4f       0x9f C:/Program Files (x86)/Atmel/Studio/7.0/Packs/Atmel/AVR-Dx_DFP/1.9.103/gcc/dev/avr128da48/avrxmega4\libavr128da48.a(eerd_byte.o)
 .debug_info    0x00009dee       0xa0 C:/Program Files (x86)/Atmel/Studio/7.0/Packs/Atmel/AVR-Dx_DFP/1.9.103/gcc/dev/avr128da48/avrxmega4\libavr128da48.a(eerd_dword.o)
 .debug_info    0x00009e8e       0x9f C:/Program Files (x86)/Atmel/Studio/7.0/Packs/Atmel/AVR-Dx_DFP/1.9.103/gcc/dev/avr128da48/avrxmega4\libavr128da48.a(eerd_word.o)
 .debug_info    0x00009f2d       0x9f C:/Program Files (x86)/Atmel/Studio/7.0/Packs/Atmel/AVR-Dx_DFP/1.9.103/gcc/dev/avr128da48/avrxmega4\libavr128da48.a(ccp_write.o)

.debug_abbrev   0x00000000     0x2f58
 *(.debug_abbrev)
 .debug_abbrev  0x00000000     0x29ce C:/Program Files (x86)/Atmel/Studio/7.0/Packs/Atmel/AVR-Dx_DFP/1.9.103/gcc/dev/avr128da48/avrxmega4/crtavr128da48.o
 .debug_abbrev  0x000029ce      0x53a main.o
 .debug_abbrev  0x00002f08       0x14 C:/Program Files (x86)/Atmel/Studio/7.0/Packs/Atmel/AVR-Dx_DFP/1.9.103/gcc/dev/avr128da48/avrxmega4\libavr128da48.a(eerd_byte.o)
 .debug_abbrev  0x00002f1c       0x14 C:/Program Files (x86)/Atmel/Studio/7.0/Packs/Atmel/AVR-Dx_DFP/1.9.103/gcc/dev/avr128da48/avrxmega4\libavr128da48.a(eerd_dword.o)
 .debug_abbrev  0x00002f30       0x14 C:/Program Files (x86)/Atmel/Studio/7.0/Packs/Atmel/AVR-Dx_DFP/1.9.103/gcc/dev/avr128da48/avrxmega4\libavr128da48.a(eerd_word.o)
 .debug_abbrev  0x00002f44       0x14 C:/Program Files (x86)/Atmel/Studio/7.0/Packs/Atmel/AVR-Dx_DFP/1.9.103/gcc/dev/avr128da48/avrxmega4\libavr128da48.a(ccp_write.o)

.debug_line     0x00000000     0x353a
 *(.debug_line .debug_line.* .debug_line_end)
 .debug_line    0x00000000      0x1f3 C:/Program Files (x86)/Atmel/Studio/7.0/Packs/Atmel/AVR-Dx_DFP/1.9.103/gcc/dev/avr128da48/avrxmega4/crtavr128da48.o
 .debug_line    0x000001f3     0x3198 main.o
 .debug_line    0x0000338b       0x79 C:/Program Files (x86)/Atmel/Studio/7.0/Packs/Atmel/AVR-Dx_DFP/1.9.103/gcc/dev/avr128da48/avrxmega4\libavr128da48.a(eerd_byte.o)
 .debug_line    0x00003404       0x6e C:/Program Files (x86)/Atmel/Studio/7.0/Packs/Atmel/AVR-Dx_DFP/1.9.103/gcc/dev/avr128da48/avrxmega4\libavr128da48.a(eerd_dword.o)
 .debug_line    0x00003472       0x61 C:/Program Files (x86)/Atmel/Studio/7.0/Packs/Atmel/AVR-Dx_DFP/1.9.103/gcc/dev/avr128da48/avrxmega4\libavr128da48.a(eerd_word.o)
 .debug_line    0x000034d3       0x67 C:/Program Files (x86)/Atmel/Studio/7.0/Packs/Atmel/AVR-Dx_DFP/1.9.103/gcc/dev/avr128da48/avrxmega4\libavr128da48.a(ccp_write.o)

.debug_frame    0x00000000      0xf64
 *(.debug_frame)
 .debug_frame   0x00000000      0xf64 main.o

.debug_str      0x00000000     0x3c4c
 *(.debug_str)
 .debug_str     0x00000000     0x1320 C:/Program Files (x86)/Atmel/Studio/7.0/Packs/Atmel/AVR-Dx_DFP/1.9.103/gcc/dev/avr128da48/avrxmega4/crtavr128da48.o
 .debug_str     0x00001320     0x292c main.o
                               0x2ba7 (size before relaxing)

.debug_loc      0x00000000     0x440e
 *(.debug_loc)
 .debug_loc     0x00000000     0x440e main.o

.debug_macinfo
 *(.debug_macinfo)

.debug_weaknames
 *(.debug_weaknames)

.debug_funcnames
 *(.debug_funcnames)

.debug_typenames
 *(.debug_typenames)

.debug_varnames
 *(.debug_varnames)

.debug_pubtypes
 *(.debug_pubtypes)

.debug_ranges   0x00000000      0x438
 *(.debug_ranges)
 .debug_ranges  0x00000000      0x438 main.o

.debug_macro
 *(.debug_macro)
OUTPUT(Dc_suction_pump.elf elf32-avr)
LOAD linker stubs
