Archive member included to satisfy reference by file (symbol)

c:/program files (x86)/atmel/studio/7.0/toolchain/avr8/avr8-gnu-toolchain/bin/../lib/gcc/avr/5.4.0/../../../../avr/lib/avrxmega4\libm.a(addsf3.o)
                              main.o (__subsf3)
c:/program files (x86)/atmel/studio/7.0/toolchain/avr8/avr8-gnu-toolchain/bin/../lib/gcc/avr/5.4.0/../../../../avr/lib/avrxmega4\libm.a(addsf3x.o)
                              c:/program files (x86)/atmel/studio/7.0/toolchain/avr8/avr8-gnu-toolchain/bin/../lib/gcc/avr/5.4.0/../../../../avr/lib/avrxmega4\libm.a(addsf3.o) (__addsf3x)
c:/program files (x86)/atmel/studio/7.0/toolchain/avr8/avr8-gnu-toolchain/bin/../lib/gcc/avr/5.4.0/../../../../avr/lib/avrxmega4\libm.a(cmpsf2.o)
                              main.o (__eqsf2)
c:/program files (x86)/atmel/studio/7.0/toolchain/avr8/avr8-gnu-toolchain/bin/../lib/gcc/avr/5.4.0/../../../../avr/lib/avrxmega4\libm.a(divsf3.o)
                              main.o (__divsf3)
c:/program files (x86)/atmel/studio/7.0/toolchain/avr8/avr8-gnu-toolchain/bin/../lib/gcc/avr/5.4.0/../../../../avr/lib/avrxmega4\libm.a(divsf3x.o)
                              c:/program files (x86)/atmel/studio/7.0/toolchain/avr8/avr8-gnu-toolchain/bin/../lib/gcc/avr/5.4.0/../../../../avr/lib/avrxmega4\libm.a(divsf3.o) (__divsf3x)
c:/program files (x86)/atmel/studio/7.0/toolchain/avr8/avr8-gnu-toolchain/bin/../lib/gcc/avr/5.4.0/../../../../avr/lib/avrxmega4\libm.a(fixsfsi.o)
                              main.o (__fixsfsi)
c:/program files (x86)/atmel/studio/7.0/toolchain/avr8/avr8-gnu-toolchain/bin/../lib/gcc/avr/5.4.0/../../../../avr/lib/avrxmega4\libm.a(fixunssfsi.o)
                              main.o (__fixunssfsi)
c:/program files (x86)/atmel/studio/7.0/toolchain/avr8/avr8-gnu-toolchain/bin/../lib/gcc/avr/5.4.0/../../../../avr/lib/avrxmega4\libm.a(floatsisf.o)
                              main.o (__floatunsisf)
c:/program files (x86)/atmel/studio/7.0/toolchain/avr8/avr8-gnu-toolchain/bin/../lib/gcc/avr/5.4.0/../../../../avr/lib/avrxmega4\libm.a(fp_cmp.o)
                              c:/program files (x86)/atmel/studio/7.0/toolchain/avr8/avr8-gnu-toolchain/bin/../lib/gcc/avr/5.4.0/../../../../avr/lib/avrxmega4\libm.a(cmpsf2.o) (__fp_cmp)
c:/program files (x86)/atmel/studio/7.0/toolchain/avr8/avr8-gnu-toolchain/bin/../lib/gcc/avr/5.4.0/../../../../avr/lib/avrxmega4\libm.a(fp_inf.o)
                              c:/program files (x86)/atmel/studio/7.0/toolchain/avr8/avr8-gnu-toolchain/bin/../lib/gcc/avr/5.4.0/../../../../avr/lib/avrxmega4\libm.a(addsf3x.o) (__fp_inf)
c:/program files (x86)/atmel/studio/7.0/toolchain/avr8/avr8-gnu-toolchain/bin/../lib/gcc/avr/5.4.0/../../../../avr/lib/avrxmega4\libm.a(fp_nan.o)
                              c:/program files (x86)/atmel/studio/7.0/toolchain/avr8/avr8-gnu-toolchain/bin/../lib/gcc/avr/5.4.0/../../../../avr/lib/avrxmega4\libm.a(addsf3x.o) (__fp_nan)
c:/program files (x86)/atmel/studio/7.0/toolchain/avr8/avr8-gnu-toolchain/bin/../lib/gcc/avr/5.4.0/../../../../avr/lib/avrxmega4\libm.a(fp_pscA.o)
                              c:/program files (x86)/atmel/studio/7.0/toolchain/avr8/avr8-gnu-toolchain/bin/../lib/gcc/avr/5.4.0/../../../../avr/lib/avrxmega4\libm.a(addsf3x.o) (__fp_pscA)
c:/program files (x86)/atmel/studio/7.0/toolchain/avr8/avr8-gnu-toolchain/bin/../lib/gcc/avr/5.4.0/../../../../avr/lib/avrxmega4\libm.a(fp_pscB.o)
                              c:/program files (x86)/atmel/studio/7.0/toolchain/avr8/avr8-gnu-toolchain/bin/../lib/gcc/avr/5.4.0/../../../../avr/lib/avrxmega4\libm.a(addsf3x.o) (__fp_pscB)
c:/program files (x86)/atmel/studio/7.0/toolchain/avr8/avr8-gnu-toolchain/bin/../lib/gcc/avr/5.4.0/../../../../avr/lib/avrxmega4\libm.a(fp_round.o)
                              c:/program files (x86)/atmel/studio/7.0/toolchain/avr8/avr8-gnu-toolchain/bin/../lib/gcc/avr/5.4.0/../../../../avr/lib/avrxmega4\libm.a(addsf3.o) (__fp_round)
c:/program files (x86)/atmel/studio/7.0/toolchain/avr8/avr8-gnu-toolchain/bin/../lib/gcc/avr/5.4.0/../../../../avr/lib/avrxmega4\libm.a(fp_split3.o)
                              c:/program files (x86)/atmel/studio/7.0/toolchain/avr8/avr8-gnu-toolchain/bin/../lib/gcc/avr/5.4.0/../../../../avr/lib/avrxmega4\libm.a(addsf3x.o) (__fp_split3)
c:/program files (x86)/atmel/studio/7.0/toolchain/avr8/avr8-gnu-toolchain/bin/../lib/gcc/avr/5.4.0/../../../../avr/lib/avrxmega4\libm.a(fp_zero.o)
                              c:/program files (x86)/atmel/studio/7.0/toolchain/avr8/avr8-gnu-toolchain/bin/../lib/gcc/avr/5.4.0/../../../../avr/lib/avrxmega4\libm.a(addsf3x.o) (__fp_zero)
c:/program files (x86)/atmel/studio/7.0/toolchain/avr8/avr8-gnu-toolchain/bin/../lib/gcc/avr/5.4.0/../../../../avr/lib/avrxmega4\libm.a(gesf2.o)
                              main.o (__gtsf2)
c:/program files (x86)/atmel/studio/7.0/toolchain/avr8/avr8-gnu-toolchain/bin/../lib/gcc/avr/5.4.0/../../../../avr/lib/avrxmega4\libm.a(log.o)
                              main.o (log)
[...]
Memory Configuration

Name             Origin             Length             Attributes
text             0x00000000         0x00020000         xr
data             0x00804000         0x00004000         rw !x
eeprom           0x00810000         0x00000200         rw !x
fuse             0x00820000         0x00000010         rw !x
lock             0x00830000         0x00000400         rw !x
signature        0x00840000         0x00000400         rw !x
user_signatures  0x00850000         0x00000400         rw !x
*default*        0x00000000         0xffffffff

Linker script and memory map

Address of section .data set to 0x804000
                0x00008000                __RODATA_PM_OFFSET__ = 0x8000
LOAD C:/Program Files (x86)/Atmel/Studio/7.0/Packs/Atmel/AVR-Dx_DFP/1.9.103/gcc/dev/avr128da48/avrxmega4/crtavr128da48.o
LOAD main.o
START GROUP
LOAD c:/program files (x86)/atmel/studio/7.0/toolchain/avr8/avr8-gnu-toolchain/bin/../lib/gcc/avr/5.4.0/../../../../avr/lib/avrxmega4\libm.a
END GROUP
START GROUP
LOAD c:/program files (x86)/atmel/studio/7.0/toolchain/avr8/avr8-gnu-toolchain/bin/../lib/gcc/avr/5.4.0/avrxmega4\libgcc.a
LOAD c:/program files (x86)/atmel/studio/7.0/toolchain/avr8/avr8-gnu-toolchain/bin/../lib/gcc/avr/5.4.0/../../../../avr/lib/avrxmega4\libm.a
LOAD c:/program files (x86)/atmel/studio/7.0/toolchain/avr8/avr8-gnu-toolchain/bin/../lib/gcc/avr/5.4.0/../../../../avr/lib/avrxmega4\libc.a
LOAD C:/Program Files (x86)/Atmel/Studio/7.0/Packs/Atmel/AVR-Dx_DFP/1.9.103/gcc/dev/avr128da48/avrxmega4\libavr128da48.a
END GROUP
                [0x00000000]                __TEXT_REGION_ORIGIN__ = DEFINED (__TEXT_REGION_ORIGIN__)?__TEXT_REGION_ORIGIN__:0x0
                [0x00804000]                __DATA_REGION_ORIGIN__ = DEFINED (__DATA_REGION_ORIGIN__)?__DATA_REGION_ORIGIN__:0x802000
                [0x00020000]                __TEXT_REGION_LENGTH__ = DEFINED (__TEXT_REGION_LENGTH__)?__TEXT_REGION_LENGTH__:0x100000
                [0x00004000]                __DATA_REGION_LENGTH__ = DEFINED (__DATA_REGION_LENGTH__)?__DATA_REGION_LENGTH__:0xffa0
                [0x00000200]                __EEPROM_REGION_LENGTH__ = DEFINED (__EEPROM_REGION_LENGTH__)?__EEPROM_REGION_LENGTH__:0x10000
                [0x00000010]                __FUSE_REGION_LENGTH__ = DEFINED (__FUSE_REGION_LENGTH__)?__FUSE_REGION_LENGTH__:0x400
                0x00000400                __LOCK_REGION_LENGTH__ = DEFINED (__LOCK_REGION_LENGTH__)?__LOCK_REGION_LENGTH__:0x400
                0x00000400                __SIGNATURE_REGION_LENGTH__ = DEFINED (__SIGNATURE_REGION_LENGTH__)?__SIGNATURE_REGION_LENGTH__:0x400
                0x00000400                __USER_SIGNATURE_REGION_LENGTH__ = DEFINED (__USER_SIGNATURE_REGION_LENGTH__)?__USER_SIGNATURE_REGION_LENGTH__:0x400

.hash
 *(.hash)

.dynsym
 *(.dynsym)

.dynstr
 *(.dynstr)

.gnu.version
 *(.gnu.version)

.gnu.version_d
 *(.gnu.version_d)

.gnu.version_r
 *(.gnu.version_r)

.rel.init
 *(.rel.init)

.rela.init
 *(.rela.init)

.rel.text
 *(.rel.text)
 *(.rel.text.*)
 *(.rel.gnu.linkonce.t*)

.rela.text
 *(.rela.text)
 *(.rela.text.*)
 *(.rela.gnu.linkonce.t*)

.rel.fini
 *(.rel.fini)

.rela.fini
 *(.rela.fini)

.rel.rodata
 *(.rel.rodata)
 *(.rel.rodata.*)
 *(.rel.gnu.linkonce.r*)

.rela.rodata
 *(.rela.rodata)
 *(.rela.rodata.*)
 *(.rela.gnu.linkonce.r*)

.rel.data
 *(.rel.data)
 *(.rel.data.*)
 *(.rel.gnu.linkonce.d*)

.rela.data
 *(.rela.data)
 *(.rela.data.*)
 *(.rela.gnu.linkonce.d*)

.rel.ctors
 *(.rel.ctors)

.rela.ctors
 *(.rela.ctors)

.rel.dtors
 *(.rel.dtors)

.rela.dtors
 *(.rela.dtors)

.rel.got
 *(.rel.got)

.rela.got
 *(.rela.got)

.rel.bss
 *(.rel.bss)

.rela.bss
 *(.rela.bss)

.rel.plt
 *(.rel.plt)

.rela.plt
 *(.rela.plt)

.text           0x00000000     0x611e
 *(.vectors)
 .vectors       0x00000000       0xe8 C:/Program Files (x86)/Atmel/Studio/7.0/Packs/Atmel/AVR-Dx_DFP/1.9.103/gcc/dev/avr128da48/avrxmega4/crtavr128da48.o
                0x00000000                __vector_default
                0x00000000                __vectors
 *(.vectors)
 *(.progmem.gcc*)
 .progmem.gcc_fplib
                0x000000e8       0x5a c:/program files (x86)/atmel/studio/7.0/toolchain/avr8/avr8-gnu-toolchain/bin/../lib/gcc/avr/5.4.0/../../../../avr/lib/avrxmega4\libm.a(log.o)
                0x00000142                . = ALIGN (0x2)
                0x00000142                __trampolines_start = .
 *(.trampolines)
 .trampolines   0x00000142        0x0 linker stubs
 *(.trampolines*)
                0x00000142                __trampolines_end = .
 *libprintf_flt.a:*(.progmem.data)
 *libc.a:*(.progmem.data)
 *(.progmem*)
 .progmem.data.Pattern_font_30x64
                0x00000142       0xf0 main.o
                0x00000142                Pattern_font_30x64
 .progmem.data.Special_font_30x64
                0x00000232       0xf0 main.o
                0x00000232                Special_font_30x64
 .progmem.data.In_font_30x24
                0x00000322       0x5a main.o
                0x00000322                In_font_30x24
 .progmem.data.Button_font_30x64
                0x0000037c       0xf0 main.o
                0x0000037c                Button_font_30x64
 .progmem.data.Press_font_20x48
                0x0000046c       0x78 main.o
                0x0000046c                Press_font_20x48
 .progmem.data.jersey_numerical_font_24x24_po
                0x000004e4      0x2d0 main.o
                0x000004e4                jersey_numerical_font_24x24_po
 .progmem.data.Run_font_30x32
                0x000007b4       0x78 main.o
                0x000007b4                Run_font_30x32
 .progmem.data.Total_font_30x48
                0x0000082c       0xb4 main.o
                0x0000082c                Total_font_30x48
 .progmem.data.Hours_font_30x48
                0x000008e0       0xb4 main.o
                0x000008e0                Hours_font_30x48
 .progmem.data.Service_font_30x64
                0x00000994       0xf0 main.o
                0x00000994                Service_font_30x64
 .progmem.data.s_alphabet_17X17
                0x00000a84       0x33 main.o
                0x00000a84                s_alphabet_17X17
 .progmem.data.arial_numerical_font_49x40
                0x00000ab7      0x992 main.o
                0x00000ab7                arial_numerical_font_49x40
 .progmem.data.arial_numerical_temp_6_49x40
                0x00001449       0xf5 main.o
                0x00001449                arial_numerical_temp_6_49x40
 .progmem.data.arial_numerical_temp_5_49x40
                0x0000153e       0xf5 main.o
                0x0000153e                arial_numerical_temp_5_49x40
 .progmem.data.arial_numerical_temp_4_49x40
                0x00001633       0xf5 main.o
                0x00001633                arial_numerical_temp_4_49x40
 .progmem.data.arial_numerical_temp_3_49x40
                0x00001728       0xf5 main.o
                0x00001728                arial_numerical_temp_3_49x40
 .progmem.data.jersey_numerical_temp_0_49x40
                0x0000181d       0xf5 main.o
                0x0000181d                jersey_numerical_temp_0_49x40
 .progmem.data.animation_3_foot_24x33
                0x00001912       0x78 main.o
                0x00001912                animation_3_foot_24x33
 .progmem.data.animation_2_foot_24x33
                0x0000198a       0x78 main.o
                0x0000198a                animation_2_foot_24x33
 .progmem.data.animation_1_foot_24x33
                0x00001a02       0x78 main.o
                0x00001a02                animation_1_foot_24x33
 .progmem.data.temp_lpm_15x36
                0x00001a7a       0x4b main.o
                0x00001a7a                temp_lpm_15x36
 .progmem.data.temp_powersave_27x40
                0x00001ac5       0x87 main.o
                0x00001ac5                temp_powersave_27x40
 .progmem.data.temp_decimal_1_6x8
                0x00001b4c        0x6 main.o
                0x00001b4c                temp_decimal_1_6x8
 .progmem.data.temp_mpa_14x54
                0x00001b52       0x62 main.o
                0x00001b52                temp_mpa_14x54
 .progmem.data.temp_cmh2o_13x54
                0x00001bb4       0x5b main.o
                0x00001bb4                temp_cmh2o_13x54
 .progmem.data.temp_2_mmhg_13x48
                0x00001c0f       0x4e main.o
                0x00001c0f                temp_2_mmhg_13x48
 .progmem.data.POWER_ON_48X8
                0x00001c5d       0x30 main.o
                0x00001c5d                POWER_ON_48X8
 .progmem.data.AgVa_logo_56x30
                0x00001c8d       0xd2 main.o
                0x00001c8d                AgVa_logo_56x30
                0x00001d60                . = ALIGN (0x2)
 *fill*         0x00001d5f        0x1 
 *(.jumptables)
 *(.jumptables*)
 *(.lowtext)
 *(.lowtext*)
                0x00001d60                __ctors_start = .
 *(.ctors)
                0x00001d60                __ctors_end = .
                0x00001d60                __dtors_start = .
 *(.dtors)
                0x00001d60                __dtors_end = .
 SORT(*)(.ctors)
 SORT(*)(.dtors)
 *(.init0)
 .init0         0x00001d60        0x0 C:/Program Files (x86)/Atmel/Studio/7.0/Packs/Atmel/AVR-Dx_DFP/1.9.103/gcc/dev/avr128da48/avrxmega4/crtavr128da48.o
                0x00001d60                __init
 *(.init0)
 *(.init1)
 *(.init1)
 *(.init2)
 .init2         0x00001d60        0xc C:/Program Files (x86)/Atmel/Studio/7.0/Packs/Atmel/AVR-Dx_DFP/1.9.103/gcc/dev/avr128da48/avrxmega4/crtavr128da48.o
 *(.init2)
 *(.init3)
 *(.init3)
 *(.init4)
 .init4         0x00001d6c       0x1a c:/program files (x86)/atmel/studio/7.0/toolchain/avr8/avr8-gnu-toolchain/bin/../lib/gcc/avr/5.4.0/avrxmega4\libgcc.a(_copy_data.o)
                0x00001d6c                __do_copy_data
 .init4         0x00001d86       0x10 c:/program files (x86)/atmel/studio/7.0/toolchain/avr8/avr8-gnu-toolchain/bin/../lib/gcc/avr/5.4.0/avrxmega4\libgcc.a(_clear_bss.o)
                0x00001d86                __do_clear_bss
 *(.init4)
 *(.init5)
 *(.init5)
 *(.init6)
 *(.init6)
 *(.init7)
 *(.init7)
 *(.init8)
 *(.init8)
 *(.init9)
 .init9         0x00001d96        0x8 C:/Program Files (x86)/Atmel/Studio/7.0/Packs/Atmel/AVR-Dx_DFP/1.9.103/gcc/dev/avr128da48/avrxmega4/crtavr128da48.o
 *(.init9)
 *(.text)
 .text          0x00001d9e        0x4 C:/Program Files (x86)/Atmel/Studio/7.0/Packs/Atmel/AVR-Dx_DFP/1.9.103/gcc/dev/avr128da48/avrxmega4/crtavr128da48.o
                0x00001d9e                __vector_38
                0x00001d9e                __vector_22
                0x00001d9e                __vector_28
                0x00001d9e                __vector_1
                0x00001d9e                __vector_32
                0x00001d9e                __vector_24
                0x00001d9e                __vector_12
                0x00001d9e                __vector_55
                0x00001d9e                __vector_46
                0x00001d9e                __bad_interrupt
                0x00001d9e                __vector_6
                0x00001d9e                __vector_31
                0x00001d9e                __vector_35
                0x00001d9e                __vector_39
                0x00001d9e                __vector_3
                0x00001d9e                __vector_23
                0x00001d9e                __vector_25
                0x00001d9e                __vector_11
                0x00001d9e                __vector_54
                0x00001d9e                __vector_17
                0x00001d9e                __vector_19
                0x00001d9e                __vector_56
                0x00001d9e                __vector_7
                0x00001d9e                __vector_49
                0x00001d9e                __vector_41
                0x00001d9e                __vector_43
                0x00001d9e                __vector_27
                0x00001d9e                __vector_5
                0x00001d9e                __vector_33
                0x00001d9e                __vector_47
                0x00001d9e                __vector_52
                0x00001d9e                __vector_37
                0x00001d9e                __vector_4
                0x00001d9e                __vector_44
                0x00001d9e                __vector_51
                0x00001d9e                __vector_9
                0x00001d9e                __vector_2
                0x00001d9e                __vector_21
                0x00001d9e                __vector_15
                0x00001d9e                __vector_36
                0x00001d9e                __vector_40
                0x00001d9e                __vector_8
                0x00001d9e                __vector_26
                0x00001d9e                __vector_48
                0x00001d9e                __vector_14
                0x00001d9e                __vector_57
                0x00001d9e                __vector_53
                0x00001d9e                __vector_10
                0x00001d9e                __vector_50
                0x00001d9e                __vector_16
                0x00001d9e                __vector_18
                0x00001d9e                __vector_20
                0x00001d9e                __vector_42
                0x00001da2                . = ALIGN (0x2)
 *(.text.*)
 .text.reverse  0x00001da2       0x2e main.o
                0x00001da2                reverse
 .text.intToStr
                0x00001dd0       0x7e main.o
                0x00001dd0                intToStr
 .text.USART1_init
                0x00001e4e       0x56 main.o
                0x00001e4e                USART1_init
 .text.USART1_sendChar
                0x00001ea4        0xe main.o
                0x00001ea4                USART1_sendChar
 .text.USART1_sendString
                0x00001eb2       0x42 main.o
                0x00001eb2                USART1_sendString
 .text.USART1_sendString_without_newline
                0x00001ef4       0x3c main.o
                0x00001ef4                USART1_sendString_without_newline
 .text.USART1_sendInt
                0x00001f30       0x16 main.o
                0x00001f30                USART1_sendInt
 .text.SPI_0_init
                0x00001f46       0x38 main.o
                0x00001f46                SPI_0_init
 .text.SPI_0_send_char
                0x00001f7e        0xe main.o
                0x00001f7e                SPI_0_send_char
 .text.SPI_0_send_array
                0x00001f8c       0x2c main.o
                0x00001f8c                SPI_0_send_array
 .text.I2C_0_stop_transmission
                0x00001fb8        0xe main.o
                0x00001fb8                I2C_0_stop_transmission
 .text.I2C_0_initialization
                0x00001fc6       0x18 main.o
                0x00001fc6                I2C_0_initialization
 .text.I2C_0_master_initialization
                0x00001fde       0x1a main.o
                0x00001fde                I2C_0_master_initialization
 .text.I2C_0_sendAddress
                0x00001ff8       0x90 main.o
                0x00001ff8                I2C_0_sendAddress
 .text.I2C_0_recieveData
                0x00002088       0x52 main.o
                0x00002088                I2C_0_recieveData
 .text.ADC0_init
                0x000020da       0x16 main.o
                0x000020da                ADC0_init
 .text.ADC0_start
                0x000020f0        0x8 main.o
                0x000020f0                ADC0_start
 .text.ADC0_read
                0x000020f8       0x1a main.o
                0x000020f8                ADC0_read
 .text.AMS_5812_init
                0x00002112       0x1a main.o
                0x00002112                AMS_5812_init
 .text.AMS_raw  0x0000212c       0x2e main.o
                0x0000212c                AMS_raw
 .text.AMS_5812_psi_read
                0x0000215a       0x1e main.o
                0x0000215a                AMS_5812_psi_read
 .text.AMS_mmhg_average
                0x00002178       0x68 main.o
                0x00002178                AMS_mmhg_average
 .text.UC1698U_gpio_init
                0x000021e0       0x20 main.o
                0x000021e0                UC1698U_gpio_init
 .text.UC1698U_SEND_ARRAY_DATA
                0x00002200       0x28 main.o
                0x00002200                UC1698U_SEND_ARRAY_DATA
 .text.UC1698U_SEND_BYTE_DATA
                0x00002228       0x28 main.o
                0x00002228                UC1698U_SEND_BYTE_DATA
 .text.UC1698U_SEND_CMD
                0x00002250       0x3a main.o
                0x00002250                UC1698U_SEND_CMD
 .text.UC1698U_SEND_CMD_DATA
                0x0000228a       0x3a main.o
                0x0000228a                UC1698U_SEND_CMD_DATA
 .text.set_row_addr
                0x000022c4       0x20 main.o
                0x000022c4                set_row_addr
 .text.set_colm_addr
                0x000022e4       0x1a main.o
                0x000022e4                set_colm_addr
 .text.window_program_start_end_colm_row_addr
                0x000022fe       0x54 main.o
                0x000022fe                window_program_start_end_colm_row_addr
 .text.set_all_pixel_off
                0x00002352       0x2c main.o
                0x00002352                set_all_pixel_off
 .text.UC1698U_init
                0x0000237e       0xfc main.o
                0x0000237e                UC1698U_init
 .text.print_icon
                0x0000247a      0x1ce main.o
                0x0000247a                print_icon
 .text.print_number
                0x00002648      0x1f2 main.o
                0x00002648                print_number
 .text.print_double_line
                0x0000283a       0x64 main.o
                0x0000283a                print_double_line
 .text.print_line
                0x0000289e       0x64 main.o
                0x0000289e                print_line
 .text.draw_filled_rectangle
                0x00002902       0x68 main.o
                0x00002902                draw_filled_rectangle
 .text.delete_rectangle
                0x0000296a       0x5a main.o
                0x0000296a                delete_rectangle
 .text.keypad_gpio_init
                0x000029c4       0x6a main.o
                0x000029c4                keypad_gpio_init
 .text.unit_change
                0x00002a2e       0x64 main.o
                0x00002a2e                unit_change
 .text.pwm_change
                0x00002a92      0x474 main.o
                0x00002a92                pwm_change
 .text.MOTOR_ON_OFF
                0x00002f06       0x8c main.o
                0x00002f06                MOTOR_ON_OFF
 .text.play_pause_button_main
                0x00002f92       0x7c main.o
                0x00002f92                play_pause_button_main
 .text.keypad_main
                0x0000300e        0xe main.o
                0x0000300e                keypad_main
 .text.dc_suction_pressure_main
                0x0000301c      0x228 main.o
                0x0000301c                dc_suction_pressure_main
 .text.stp_foot_switch_check
                0x00003244       0x10 main.o
                0x00003244                stp_foot_switch_check
 .text.ams_reset
                0x00003254       0x3a main.o
                0x00003254                ams_reset
 .text.foot_switch_gpio_init
                0x0000328e       0x1e main.o
                0x0000328e                foot_switch_gpio_init
 .text.foot_switch_init
                0x000032ac       0x1a main.o
                0x000032ac                foot_switch_init
 .text.foot_switch_detect_check
                0x000032c6       0x48 main.o
                0x000032c6                foot_switch_detect_check
 .text.smart_sensing
                0x0000330e      0x202 main.o
                0x0000330e                smart_sensing
 .text.power_save_protocol
                0x00003510      0x1ec main.o
                0x00003510                power_save_protocol
 .text.foot_switch_sensing
                0x000036fc       0x2c main.o
                0x000036fc                foot_switch_sensing
 .text.foot_switch_main
                0x00003728       0x1c main.o
                0x00003728                foot_switch_main
 .text.NTC_init
                0x00003744        0x6 main.o
                0x00003744                NTC_init
 .text.read_ntc
                0x0000374a      0x15a main.o
                0x0000374a                read_ntc
 .text.TCB1_init
                0x000038a4       0x2a main.o
                0x000038a4                TCB1_init
 .text.TCB2_init
                0x000038ce       0x2a main.o
                0x000038ce                TCB2_init
 .text.timmer_init
                0x000038f8        0xa main.o
                0x000038f8                timmer_init
 .text.__vector_13
                0x00003902       0x6c main.o
                0x00003902                __vector_13
 .text.__vector_30
                0x0000396e      0x114 main.o
                0x0000396e                __vector_30
 .text.clear_all_keypad_flags
                0x00003a82       0x16 main.o
                0x00003a82                clear_all_keypad_flags
 .text.lcd_all_icon_update
                0x00003a98        0xc main.o
                0x00003a98                lcd_all_icon_update
 .text.lcd_uc1698u_init
                0x00003aa4       0x1e main.o
                0x00003aa4                lcd_uc1698u_init
 .text.lcd_icon_update
                0x00003ac2       0x70 main.o
                0x00003ac2                lcd_icon_update
 .text.power_on_screen
                0x00003b32       0x32 main.o
                0x00003b32                power_on_screen
 .text.partitions
                0x00003b64       0x54 main.o
                0x00003b64                partitions
 .text.EDGE     0x00003bb8       0x56 main.o
                0x00003bb8                EDGE
 .text.show_mmgh_4digit
                0x00003c0e       0xc0 main.o
                0x00003c0e                show_mmgh_4digit
 .text.cmH20_4digit
                0x00003cce       0xc0 main.o
                0x00003cce                cmH20_4digit
 .text.MPa_4digit
                0x00003d8e       0xd2 main.o
                0x00003d8e                MPa_4digit
 .text.numDigits
                0x00003e60       0x44 main.o
                0x00003e60                numDigits
 .text.printNumScreen_RightJustified
                0x00003ea4      0x180 main.o
                0x00003ea4                printNumScreen_RightJustified
 .text.bar_draw_delete_rectangle
                0x00004024       0x5a main.o
                0x00004024                bar_draw_delete_rectangle
 .text.bar_draw_filled_rectangle
                0x0000407e       0x5a main.o
                0x0000407e                bar_draw_filled_rectangle
 .text.lcd_pressure_bar_init
                0x000040d8        0xe main.o
                0x000040d8                lcd_pressure_bar_init
 .text.lcd_loading_page
                0x000040e6       0x8a main.o
                0x000040e6                lcd_loading_page
 .text.lcd_pressure_bar_main
                0x00004170       0x8c main.o
                0x00004170                lcd_pressure_bar_main
 .text.lcd_uc1698u_main_screen
                0x000041fc      0x206 main.o
                0x000041fc                lcd_uc1698u_main_screen
 .text.TCA0_PWM_init
                0x00004402       0x44 main.o
                0x00004402                TCA0_PWM_init
 .text.set_NVM_command_SPM
                0x00004446        0xa main.o
                0x00004446                set_NVM_command_SPM
 .text.write_8t_data_in_eeprom_SPM
                0x00004450       0x2e main.o
                0x00004450                write_8t_data_in_eeprom_SPM
 .text.read_8t_data_in_eeprom_SPM
                0x0000447e        0xa main.o
                0x0000447e                read_8t_data_in_eeprom_SPM
 .text.ams_check
                0x00004488      0x19c main.o
                0x00004488                ams_check
 .text.STP      0x00004624       0x18 main.o
                0x00004624                STP
 .text.eeprom_init_read
                0x0000463c       0x48 main.o
                0x0000463c                eeprom_init_read
 .text.read_long_data_in_eeprom_SPM
                0x00004684        0xa main.o
                0x00004684                read_long_data_in_eeprom_SPM
 .text.display_print_function_numerics
                0x0000468e       0x5a main.o
                0x0000468e                display_print_function_numerics
 .text.write_data_in_eeprom_SPM_32bits
                0x000046e8       0x66 main.o
                0x000046e8                write_data_in_eeprom_SPM_32bits
 .text.reset_time
                0x0000474e      0x1ac main.o
                0x0000474e                reset_time
 .text.display_runTime_serviceTime
                0x000048fa       0x74 main.o
                0x000048fa                display_runTime_serviceTime
 .text.calcutale_run_service_time
                0x0000496e      0x128 main.o
                0x0000496e                calcutale_run_service_time
 .text.__vector_34
                0x00004a96       0x54 main.o
                0x00004a96                __vector_34
 .text.__vector_29
                0x00004aea      0x1a6 main.o
                0x00004aea                __vector_29
 .text.__vector_45
                0x00004c90       0xb4 main.o
                0x00004c90                __vector_45
 .text.settings
                0x00004d44      0x798 main.o
                0x00004d44                settings
 .text.mode_1   0x000054dc       0x70 main.o
                0x000054dc                mode_1
 .text.main     0x0000554c       0xb4 main.o
                0x0000554c                main
 .text.avr-libc.fplib
                0x00005600        0xe c:/program files (x86)/atmel/studio/7.0/toolchain/avr8/avr8-gnu-toolchain/bin/../lib/gcc/avr/5.4.0/../../../../avr/lib/avrxmega4\libm.a(addsf3.o)
                0x00005600                __subsf3
                0x00005602                __addsf3
 .text.avr-libc.fplib
                0x0000560e       0xcc c:/program files (x86)/atmel/studio/7.0/toolchain/avr8/avr8-gnu-toolchain/bin/../lib/gcc/avr/5.4.0/../../../../avr/lib/avrxmega4\libm.a(addsf3x.o)
                0x00005630                __addsf3x
 .text.avr-libc.fplib
                0x000056da        0xa c:/program files (x86)/atmel/studio/7.0/toolchain/avr8/avr8-gnu-toolchain/bin/../lib/gcc/avr/5.4.0/../../../../avr/lib/avrxmega4\libm.a(cmpsf2.o)
                0x000056da                __nesf2
                0x000056da                __eqsf2
                0x000056da                __cmpsf2
                0x000056da                __ltsf2
                0x000056da                __lesf2
 .text.avr-libc.fplib
                0x000056e4        0x8 c:/program files (x86)/atmel/studio/7.0/toolchain/avr8/avr8-gnu-toolchain/bin/../lib/gcc/avr/5.4.0/../../../../avr/lib/avrxmega4\libm.a(divsf3.o)
                0x000056e4                __divsf3
 .text.avr-libc.fplib
                0x000056ec       0xdc c:/program files (x86)/atmel/studio/7.0/toolchain/avr8/avr8-gnu-toolchain/bin/../lib/gcc/avr/5.4.0/../../../../avr/lib/avrxmega4\libm.a(divsf3x.o)
                0x0000570c                __divsf3x
                0x00005712                __divsf3_pse
 .text.avr-libc.fplib
                0x000057c8        0xe c:/program files (x86)/atmel/studio/7.0/toolchain/avr8/avr8-gnu-toolchain/bin/../lib/gcc/avr/5.4.0/../../../../avr/lib/avrxmega4\libm.a(fixsfsi.o)
                0x000057c8                __fixsfsi
 .text.avr-libc.fplib
                0x000057d6       0x5e c:/program files (x86)/atmel/studio/7.0/toolchain/avr8/avr8-gnu-toolchain/bin/../lib/gcc/avr/5.4.0/../../../../avr/lib/avrxmega4\libm.a(fixunssfsi.o)
                0x000057d6                __fixunssfsi
 .text.avr-libc.fplib
                0x00005834       0x7a c:/program files (x86)/atmel/studio/7.0/toolchain/avr8/avr8-gnu-toolchain/bin/../lib/gcc/avr/5.4.0/../../../../avr/lib/avrxmega4\libm.a(floatsisf.o)
                0x00005834                __floatunsisf
                0x00005838                __floatsisf
 .text.avr-libc.fplib
                0x000058ae       0x48 c:/program files (x86)/atmel/studio/7.0/toolchain/avr8/avr8-gnu-toolchain/bin/../lib/gcc/avr/5.4.0/../../../../avr/lib/avrxmega4\libm.a(fp_cmp.o)
                0x000058ae                __fp_cmp
 .text.avr-libc.fplib
                0x000058f6        0xc c:/program files (x86)/atmel/studio/7.0/toolchain/avr8/avr8-gnu-toolchain/bin/../lib/gcc/avr/5.4.0/../../../../avr/lib/avrxmega4\libm.a(fp_inf.o)
                0x000058f6                __fp_inf
 .text.avr-libc.fplib
                0x00005902        0x6 c:/program files (x86)/atmel/studio/7.0/toolchain/avr8/avr8-gnu-toolchain/bin/../lib/gcc/avr/5.4.0/../../../../avr/lib/avrxmega4\libm.a(fp_nan.o)
                0x00005902                __fp_nan
 .text.avr-libc.fplib
                0x00005908        0xe c:/program files (x86)/atmel/studio/7.0/toolchain/avr8/avr8-gnu-toolchain/bin/../lib/gcc/avr/5.4.0/../../../../avr/lib/avrxmega4\libm.a(fp_pscA.o)
                0x00005908                __fp_pscA
 .text.avr-libc.fplib
                0x00005916        0xe c:/program files (x86)/atmel/studio/7.0/toolchain/avr8/avr8-gnu-toolchain/bin/../lib/gcc/avr/5.4.0/../../../../avr/lib/avrxmega4\libm.a(fp_pscB.o)
                0x00005916                __fp_pscB
 .text.avr-libc.fplib
                0x00005924       0x22 c:/program files (x86)/atmel/studio/7.0/toolchain/avr8/avr8-gnu-toolchain/bin/../lib/gcc/avr/5.4.0/../../../../avr/lib/avrxmega4\libm.a(fp_round.o)
                0x00005924                __fp_round
 .text.avr-libc.fplib
                0x00005946       0x44 c:/program files (x86)/atmel/studio/7.0/toolchain/avr8/avr8-gnu-toolchain/bin/../lib/gcc/avr/5.4.0/../../../../avr/lib/avrxmega4\libm.a(fp_split3.o)
                0x00005946                __fp_split3
                0x00005956                __fp_splitA
 .text.avr-libc.fplib
                0x0000598a        0xe c:/program files (x86)/atmel/studio/7.0/toolchain/avr8/avr8-gnu-toolchain/bin/../lib/gcc/avr/5.4.0/../../../../avr/lib/avrxmega4\libm.a(fp_zero.o)
                0x0000598a                __fp_zero
                0x0000598c                __fp_szero
 .text.avr-libc.fplib
                0x00005998        0xa c:/program files (x86)/atmel/studio/7.0/toolchain/avr8/avr8-gnu-toolchain/bin/../lib/gcc/avr/5.4.0/../../../../avr/lib/avrxmega4\libm.a(gesf2.o)
                0x00005998                __gesf2
                0x00005998                __gtsf2
 .text.avr-libc.fplib
                0x000059a2       0xa0 c:/program files (x86)/atmel/studio/7.0/toolchain/avr8/avr8-gnu-toolchain/bin/../lib/gcc/avr/5.4.0/../../../../avr/lib/avrxmega4\libm.a(log.o)
                0x000059b2                log
 .text.avr-libc.fplib
                0x00005a42        0x8 c:/program files (x86)/atmel/studio/7.0/toolchain/avr8/avr8-gnu-toolchain/bin/../lib/gcc/avr/5.4.0/../../../../avr/lib/avrxmega4\libm.a(mulsf3.o)
                0x00005a42                __mulsf3
 .text.avr-libc.fplib
                0x00005a4a       0xd2 c:/program files (x86)/atmel/studio/7.0/toolchain/avr8/avr8-gnu-toolchain/bin/../lib/gcc/avr/5.4.0/../../../../avr/lib/avrxmega4\libm.a(mulsf3x.o)
                0x00005a68                __mulsf3x
                0x00005a6e                __mulsf3_pse
 .text.avr-libc.fplib
                0x00005b1c       0x1c c:/program files (x86)/atmel/studio/7.0/toolchain/avr8/avr8-gnu-toolchain/bin/../lib/gcc/avr/5.4.0/../../../../avr/lib/avrxmega4\libm.a(fp_mpack.o)
                0x00005b1c                __fp_mpack
                0x00005b20                __fp_mpack_finite
 .text.avr-libc.fplib
                0x00005b38       0x4e c:/program files (x86)/atmel/studio/7.0/toolchain/avr8/avr8-gnu-toolchain/bin/../lib/gcc/avr/5.4.0/../../../../avr/lib/avrxmega4\libm.a(fp_powser.o)
                0x00005b38                __fp_powser
 .text.libgcc.div
                0x00005b86       0x28 c:/program files (x86)/atmel/studio/7.0/toolchain/avr8/avr8-gnu-toolchain/bin/../lib/gcc/avr/5.4.0/avrxmega4\libgcc.a(_divmodhi4.o)
                0x00005b86                _div
                0x00005b86                __divmodhi4
 .text.libgcc.div
                0x00005bae       0x44 c:/program files (x86)/atmel/studio/7.0/toolchain/avr8/avr8-gnu-toolchain/bin/../lib/gcc/avr/5.4.0/avrxmega4\libgcc.a(_udivmodsi4.o)
                0x00005bae                __udivmodsi4
 .text.libgcc.div
                0x00005bf2       0x2e c:/program files (x86)/atmel/studio/7.0/toolchain/avr8/avr8-gnu-toolchain/bin/../lib/gcc/avr/5.4.0/avrxmega4\libgcc.a(_divmodsi4.o)
                0x00005bf2                __divmodsi4
 .text.libgcc.div
                0x00005c20       0x10 c:/program files (x86)/atmel/studio/7.0/toolchain/avr8/avr8-gnu-toolchain/bin/../lib/gcc/avr/5.4.0/avrxmega4\libgcc.a(_negsi2.o)
                0x00005c20                __negsi2
 .text.libgcc.mul
                0x00005c30       0x1e c:/program files (x86)/atmel/studio/7.0/toolchain/avr8/avr8-gnu-toolchain/bin/../lib/gcc/avr/5.4.0/avrxmega4\libgcc.a(_umulhisi3.o)
                0x00005c30                __umulhisi3
 .text.libgcc.mul
                0x00005c4e       0x16 c:/program files (x86)/atmel/studio/7.0/toolchain/avr8/avr8-gnu-toolchain/bin/../lib/gcc/avr/5.4.0/avrxmega4\libgcc.a(_muluhisi3.o)
                0x00005c4e                __muluhisi3
 .text.libgcc.div
                0x00005c64       0x28 c:/program files (x86)/atmel/studio/7.0/toolchain/avr8/avr8-gnu-toolchain/bin/../lib/gcc/avr/5.4.0/avrxmega4\libgcc.a(_udivmodhi4.o)
                0x00005c64                __udivmodhi4
 .text.avr-libc
                0x00005c8c       0x38 c:/program files (x86)/atmel/studio/7.0/toolchain/avr8/avr8-gnu-toolchain/bin/../lib/gcc/avr/5.4.0/../../../../avr/lib/avrxmega4\libc.a(calloc.o)
                0x00005c8c                calloc
 .text.avr-libc
                0x00005cc4      0x242 c:/program files (x86)/atmel/studio/7.0/toolchain/avr8/avr8-gnu-toolchain/bin/../lib/gcc/avr/5.4.0/../../../../avr/lib/avrxmega4\libc.a(malloc.o)
                0x00005cc4                malloc
                0x00005df4                free
 .text.avr-libc
                0x00005f06      0x1ca c:/program files (x86)/atmel/studio/7.0/toolchain/avr8/avr8-gnu-toolchain/bin/../lib/gcc/avr/5.4.0/../../../../avr/lib/avrxmega4\libc.a(realloc.o)
                0x00005f06                realloc
 .text.avr-libc
                0x000060d0       0x12 c:/program files (x86)/atmel/studio/7.0/toolchain/avr8/avr8-gnu-toolchain/bin/../lib/gcc/avr/5.4.0/../../../../avr/lib/avrxmega4\libc.a(memcpy.o)
                0x000060d0                memcpy
 .text.avr-libc
                0x000060e2        0xe c:/program files (x86)/atmel/studio/7.0/toolchain/avr8/avr8-gnu-toolchain/bin/../lib/gcc/avr/5.4.0/../../../../avr/lib/avrxmega4\libc.a(memset.o)
                0x000060e2                memset
 .text.avr-libc
                0x000060f0       0x10 C:/Program Files (x86)/Atmel/Studio/7.0/Packs/Atmel/AVR-Dx_DFP/1.9.103/gcc/dev/avr128da48/avrxmega4\libavr128da48.a(eerd_byte.o)
                0x000060f0                eeprom_read_byte
                0x000060f8                eeprom_mapen
 .text.avr-libc
                0x00006100        0xe C:/Program Files (x86)/Atmel/Studio/7.0/Packs/Atmel/AVR-Dx_DFP/1.9.103/gcc/dev/avr128da48/avrxmega4\libavr128da48.a(eerd_dword.o)
                0x00006100                eeprom_read_float
                0x00006100                eeprom_read_dword
 .text.avr-libc
                0x0000610e        0xc C:/Program Files (x86)/Atmel/Studio/7.0/Packs/Atmel/AVR-Dx_DFP/1.9.103/gcc/dev/avr128da48/avrxmega4\libavr128da48.a(ccp_write.o)
                0x0000610e                ccp_write_io
                0x0000611a                . = ALIGN (0x2)
 *(.fini9)
 .fini9         0x0000611a        0x0 c:/program files (x86)/atmel/studio/7.0/toolchain/avr8/avr8-gnu-toolchain/bin/../lib/gcc/avr/5.4.0/avrxmega4\libgcc.a(_exit.o)
                0x0000611a                _exit
                0x0000611a                exit
 *(.fini9)
 *(.fini8)
 *(.fini8)
 *(.fini7)
 *(.fini7)
 *(.fini6)
 *(.fini6)
 *(.fini5)
 *(.fini5)
 *(.fini4)
 *(.fini4)
 *(.fini3)
 *(.fini3)
 *(.fini2)
 *(.fini2)
 *(.fini1)
 *(.fini1)
 *(.fini0)
 .fini0         0x0000611a        0x4 c:/program files (x86)/atmel/studio/7.0/toolchain/avr8/avr8-gnu-toolchain/bin/../lib/gcc/avr/5.4.0/avrxmega4\libgcc.a(_exit.o)
 *(.fini0)
                0x0000611e                _etext = .

.data           0x00804000      0x4d2 load address 0x0000611e
                0x00804000                PROVIDE (__data_start, .)
 *(.data)
 .data          0x00804000        0x6 c:/program files (x86)/atmel/studio/7.0/toolchain/avr8/avr8-gnu-toolchain/bin/../lib/gcc/avr/5.4.0/../../../../avr/lib/avrxmega4\libc.a(malloc.o)
                0x00804000                __malloc_heap_end
                0x00804002                __malloc_heap_start
                0x00804004                __malloc_margin
 *(.data*)
 .data.previous_x2.5647
                0x00804006        0x2 main.o
 .data.unit_mode_pwm
                0x00804008        0x1 main.o
                0x00804008                unit_mode_pwm
 .data.LPM_60   0x00804009        0x2 main.o
                0x00804009                LPM_60
 .data.LPM_50   0x0080400b        0x2 main.o
                0x0080400b                LPM_50
 .data.LPM_40   0x0080400d        0x2 main.o
                0x0080400d                LPM_40
 .data.LPM_30   0x0080400f        0x2 main.o
                0x0080400f                LPM_30
 .data.value_ok_flag
                0x00804011        0x1 main.o
                0x00804011                value_ok_flag
 .data.update_power_save_icon_flag
                0x00804012        0x1 main.o
                0x00804012                update_power_save_icon_flag
 .data.previous_unit_mode
                0x00804013        0x1 main.o
                0x00804013                previous_unit_mode
 .data.unit_mode
                0x00804014        0x1 main.o
                0x00804014                unit_mode
 .data.pre_def  0x00804015        0x6 main.o
                0x00804015                pre_def
 *(.gnu.linkonce.d*)
 *(.rodata)
 *(.rodata*)
 .rodata.str1.1
                0x0080401b      0x4b6 main.o
 *(.gnu.linkonce.r*)
                0x008044d2                . = ALIGN (0x2)
 *fill*         0x008044d1        0x1 
                0x008044d2                _edata = .
                0x008044d2                PROVIDE (__data_end, .)

.bss            0x008044d2       0xb8
                0x008044d2                PROVIDE (__bss_start, .)
 *(.bss)
 *(.bss*)
 .bss.smart_icon_serial.5545
                0x008044d2        0x2 main.o
 .bss.lpm60_flag
                0x008044d4        0x1 main.o
                0x008044d4                lpm60_flag
 .bss.lpm50_flag
                0x008044d5        0x1 main.o
                0x008044d5                lpm50_flag
 .bss.lpm40_flag
                0x008044d6        0x1 main.o
                0x008044d6                lpm40_flag
 .bss.lpm30_flag
                0x008044d7        0x1 main.o
                0x008044d7                lpm30_flag
 .bss.Duty_cycle
                0x008044d8        0x2 main.o
                0x008044d8                Duty_cycle
 .bss.long_press_pwms_set
                0x008044da        0x4 main.o
                0x008044da                long_press_pwms_set
 .bss.pwm_value
                0x008044de        0x1 main.o
                0x008044de                pwm_value
 .bss.countRunTime
                0x008044df        0x1 main.o
                0x008044df                countRunTime
 .bss.mode_button_flag
                0x008044e0        0x1 main.o
                0x008044e0                mode_button_flag
 .bss.value_decrement_flag
                0x008044e1        0x1 main.o
                0x008044e1                value_decrement_flag
 .bss.value_increment_flag
                0x008044e2        0x1 main.o
                0x008044e2                value_increment_flag
 .bss.return_val
                0x008044e3        0x2 main.o
                0x008044e3                return_val
 .bss.smart_switch_timmer
                0x008044e5        0x4 main.o
                0x008044e5                smart_switch_timmer
 .bss.power_save_motor_on_timmer
                0x008044e9        0x4 main.o
                0x008044e9                power_save_motor_on_timmer
 .bss.power_save_icon_blink_flag
                0x008044ed        0x1 main.o
                0x008044ed                power_save_icon_blink_flag
 .bss.power_save_mode_on_flag
                0x008044ee        0x1 main.o
                0x008044ee                power_save_mode_on_flag
 .bss.power_save_timer_on_flag
                0x008044ef        0x1 main.o
                0x008044ef                power_save_timer_on_flag
 .bss.foot_switch_press_count
                0x008044f0        0x1 main.o
                0x008044f0                foot_switch_press_count
 .bss.smart_switch_cont_motor_on_flag
                0x008044f1        0x1 main.o
                0x008044f1                smart_switch_cont_motor_on_flag
 .bss.smart_switch_normal_motor_on_flag
                0x008044f2        0x1 main.o
                0x008044f2                smart_switch_normal_motor_on_flag
 .bss.foot_switch_detect_isr_flag
                0x008044f3        0x1 main.o
                0x008044f3                foot_switch_detect_isr_flag
 .bss.foot_switch_release_flag
                0x008044f4        0x1 main.o
                0x008044f4                foot_switch_release_flag
 .bss.foot_switch_press_flag
                0x008044f5        0x1 main.o
                0x008044f5                foot_switch_press_flag
 .bss.foot_switch_connected_flag
                0x008044f6        0x1 main.o
                0x008044f6                foot_switch_connected_flag
 .bss.smart_switch_delete_flag
                0x008044f7        0x1 main.o
                0x008044f7                smart_switch_delete_flag
 .bss.smart_switch_icon_update_flag
                0x008044f8        0x1 main.o
                0x008044f8                smart_switch_icon_update_flag
 .bss.previous_power_save_mode_flag
                0x008044f9        0x1 main.o
                0x008044f9                previous_power_save_mode_flag
 .bss.update_bar_flag
                0x008044fa        0x1 main.o
                0x008044fa                update_bar_flag
 .bss.unit_icon_update_flag
                0x008044fb        0x1 main.o
                0x008044fb                unit_icon_update_flag
 .bss.update_pressure_flag
                0x008044fc        0x1 main.o
                0x008044fc                update_pressure_flag
 .bss.backlit_on_flag
                0x008044fd        0x1 main.o
                0x008044fd                backlit_on_flag
 .bss.ntc_raw_adc
                0x008044fe        0x4 main.o
                0x008044fe                ntc_raw_adc
 .bss.current   0x00804502        0x4 main.o
                0x00804502                current
 .bss.R_ntc     0x00804506        0x4 main.o
                0x00804506                R_ntc
 .bss.temperature
                0x0080450a        0x4 main.o
                0x0080450a                temperature
 .bss.voltage   0x0080450e        0x4 main.o
                0x0080450e                voltage
 .bss.play_pause_button_press_flag
                0x00804512        0x1 main.o
                0x00804512                play_pause_button_press_flag
 .bss.button_motor_on_off_flag
                0x00804513        0x1 main.o
                0x00804513                button_motor_on_off_flag
 .bss.speed_button_press_flag
                0x00804514        0x1 main.o
                0x00804514                speed_button_press_flag
 .bss.unit_button_pressed_flag
                0x00804515        0x1 main.o
                0x00804515                unit_button_pressed_flag
 .bss.smart_switch_mode_flag
                0x00804516        0x1 main.o
                0x00804516                smart_switch_mode_flag
 .bss.g_currentMillis_runTime
                0x00804517        0x4 main.o
                0x00804517                g_currentMillis_runTime
 .bss.BOOOOOOL_TEMP1
                0x0080451b        0x1 main.o
                0x0080451b                BOOOOOOL_TEMP1
 .bss._300sec   0x0080451c        0x1 main.o
                0x0080451c                _300sec
 .bss._1sec     0x0080451d        0x1 main.o
                0x0080451d                _1sec
 .bss.g_foot_sw_blink_millis
                0x0080451e        0x4 main.o
                0x0080451e                g_foot_sw_blink_millis
 .bss.millis3   0x00804522        0x4 main.o
                0x00804522                millis3
 .bss.millis2   0x00804526        0x4 main.o
                0x00804526                millis2
 .bss.millis1   0x0080452a        0x4 main.o
                0x0080452a                millis1
 .bss.millis    0x0080452e        0x4 main.o
                0x0080452e                millis
 .bss.currentMillis
                0x00804532        0x4 main.o
                0x00804532                currentMillis
 .bss.allowedPressureDifference
                0x00804536        0x4 main.o
                0x00804536                allowedPressureDifference
 .bss.currentPressure
                0x0080453a        0x4 main.o
                0x0080453a                currentPressure
 .bss.previous_pressure
                0x0080453e        0x4 main.o
                0x0080453e                previous_pressure
 .bss.current_pressure_mpa
                0x00804542        0x4 main.o
                0x00804542                current_pressure_mpa
 .bss.current_pressure_cmh2O
                0x00804546        0x4 main.o
                0x00804546                current_pressure_cmh2O
 .bss.current_pressure_mmhg
                0x0080454a        0x4 main.o
                0x0080454a                current_pressure_mmhg
 .bss.previous_uc_ams_reset_flag
                0x0080454e        0x1 main.o
                0x0080454e                previous_uc_ams_reset_flag
 .bss.previous_soft_hard_reset_flag
                0x0080454f        0x1 main.o
                0x0080454f                previous_soft_hard_reset_flag
 .bss.timeout_count
                0x00804550        0x2 main.o
                0x00804550                timeout_count
 .bss.i2c_timeout_flag
                0x00804552        0x1 main.o
                0x00804552                i2c_timeout_flag
 *(COMMON)
 COMMON         0x00804553       0x33 main.o
                0x00804553                buff
                0x00804585                alarm_motor_temp_flag
 COMMON         0x00804586        0x4 c:/program files (x86)/atmel/studio/7.0/toolchain/avr8/avr8-gnu-toolchain/bin/../lib/gcc/avr/5.4.0/../../../../avr/lib/avrxmega4\libc.a(malloc.o)
                0x00804586                __brkval
                0x00804588                __flp
                0x0080458a                PROVIDE (__bss_end, .)
                0x0000611e                __data_load_start = LOADADDR (.data)
                0x000065f0                __data_load_end = (__data_load_start + SIZEOF (.data))

.noinit         0x0080458a        0x0
                [!provide]                PROVIDE (__noinit_start, .)
 *(.noinit*)
                [!provide]                PROVIDE (__noinit_end, .)
                0x0080458a                _end = .
                0x0080458a                PROVIDE (__heap_start, .)

.eeprom         0x00810000        0x0
 *(.eeprom*)
                0x00810000                __eeprom_end = .

.fuse
 *(.fuse)
 *(.lfuse)
 *(.hfuse)
 *(.efuse)

.lock
 *(.lock*)

.signature
 *(.signature*)

.user_signatures
 *(.user_signatures*)

.stab
 *(.stab)

.stabstr
 *(.stabstr)

.stab.excl
 *(.stab.excl)

.stab.exclstr
 *(.stab.exclstr)

.stab.index
 *(.stab.index)

.stab.indexstr
 *(.stab.indexstr)

.comment        0x00000000       0x30
 *(.comment)
 .comment       0x00000000       0x30 main.o
                                 0x31 (size before relaxing)
 .comment       0x00000030       0x31 c:/program files (x86)/atmel/studio/7.0/toolchain/avr8/avr8-gnu-toolchain/bin/../lib/gcc/avr/5.4.0/../../../../avr/lib/avrxmega4\libc.a(calloc.o)
 .comment       0x00000030       0x31 c:/program files (x86)/atmel/studio/7.0/toolchain/avr8/avr8-gnu-toolchain/bin/../lib/gcc/avr/5.4.0/../../../../avr/lib/avrxmega4\libc.a(malloc.o)
 .comment       0x00000030       0x31 c:/program files (x86)/atmel/studio/7.0/toolchain/avr8/avr8-gnu-toolchain/bin/../lib/gcc/avr/5.4.0/../../../../avr/lib/avrxmega4\libc.a(realloc.o)

.note.gnu.avr.deviceinfo
                0x00000000       0x40
 .note.gnu.avr.deviceinfo
                0x00000000       0x40 C:/Program Files (x86)/Atmel/Studio/7.0/Packs/Atmel/AVR-Dx_DFP/1.9.103/gcc/dev/avr128da48/avrxmega4/crtavr128da48.o

.note.gnu.build-id
 *(.note.gnu.build-id)

.debug
 *(.debug)

.line
 *(.line)

.debug_srcinfo
 *(.debug_srcinfo)

.debug_sfnames
 *(.debug_sfnames)

.debug_aranges  0x00000000      0x438
 *(.debug_aranges)
 .debug_aranges
                0x00000000      0x3d8 main.o
 .debug_aranges
                0x000003d8       0x20 C:/Program Files (x86)/Atmel/Studio/7.0/Packs/Atmel/AVR-Dx_DFP/1.9.103/gcc/dev/avr128da48/avrxmega4\libavr128da48.a(eerd_byte.o)
 .debug_aranges
                0x000003f8       0x20 C:/Program Files (x86)/Atmel/Studio/7.0/Packs/Atmel/AVR-Dx_DFP/1.9.103/gcc/dev/avr128da48/avrxmega4\libavr128da48.a(eerd_dword.o)
 .debug_aranges
                0x00000418       0x20 C:/Program Files (x86)/Atmel/Studio/7.0/Packs/Atmel/AVR-Dx_DFP/1.9.103/gcc/dev/avr128da48/avrxmega4\libavr128da48.a(ccp_write.o)

.debug_pubnames
 *(.debug_pubnames)

.debug_info     0x00000000     0x9d5b
 *(.debug_info .gnu.linkonce.wi.*)
 .debug_info    0x00000000     0x2c24 C:/Program Files (x86)/Atmel/Studio/7.0/Packs/Atmel/AVR-Dx_DFP/1.9.103/gcc/dev/avr128da48/avrxmega4/crtavr128da48.o
 .debug_info    0x00002c24     0x6f59 main.o
 .debug_info    0x00009b7d       0x9f C:/Program Files (x86)/Atmel/Studio/7.0/Packs/Atmel/AVR-Dx_DFP/1.9.103/gcc/dev/avr128da48/avrxmega4\libavr128da48.a(eerd_byte.o)
 .debug_info    0x00009c1c       0xa0 C:/Program Files (x86)/Atmel/Studio/7.0/Packs/Atmel/AVR-Dx_DFP/1.9.103/gcc/dev/avr128da48/avrxmega4\libavr128da48.a(eerd_dword.o)
 .debug_info    0x00009cbc       0x9f C:/Program Files (x86)/Atmel/Studio/7.0/Packs/Atmel/AVR-Dx_DFP/1.9.103/gcc/dev/avr128da48/avrxmega4\libavr128da48.a(ccp_write.o)

.debug_abbrev   0x00000000     0x2f51
 *(.debug_abbrev)
 .debug_abbrev  0x00000000     0x29ce C:/Program Files (x86)/Atmel/Studio/7.0/Packs/Atmel/AVR-Dx_DFP/1.9.103/gcc/dev/avr128da48/avrxmega4/crtavr128da48.o
 .debug_abbrev  0x000029ce      0x547 main.o
 .debug_abbrev  0x00002f15       0x14 C:/Program Files (x86)/Atmel/Studio/7.0/Packs/Atmel/AVR-Dx_DFP/1.9.103/gcc/dev/avr128da48/avrxmega4\libavr128da48.a(eerd_byte.o)
 .debug_abbrev  0x00002f29       0x14 C:/Program Files (x86)/Atmel/Studio/7.0/Packs/Atmel/AVR-Dx_DFP/1.9.103/gcc/dev/avr128da48/avrxmega4\libavr128da48.a(eerd_dword.o)
 .debug_abbrev  0x00002f3d       0x14 C:/Program Files (x86)/Atmel/Studio/7.0/Packs/Atmel/AVR-Dx_DFP/1.9.103/gcc/dev/avr128da48/avrxmega4\libavr128da48.a(ccp_write.o)

.debug_line     0x00000000     0x3702
 *(.debug_line .debug_line.* .debug_line_end)
 .debug_line    0x00000000      0x1f3 C:/Program Files (x86)/Atmel/Studio/7.0/Packs/Atmel/AVR-Dx_DFP/1.9.103/gcc/dev/avr128da48/avrxmega4/crtavr128da48.o
 .debug_line    0x000001f3     0x33c1 main.o
 .debug_line    0x000035b4       0x79 C:/Program Files (x86)/Atmel/Studio/7.0/Packs/Atmel/AVR-Dx_DFP/1.9.103/gcc/dev/avr128da48/avrxmega4\libavr128da48.a(eerd_byte.o)
 .debug_line    0x0000362d       0x6e C:/Program Files (x86)/Atmel/Studio/7.0/Packs/Atmel/AVR-Dx_DFP/1.9.103/gcc/dev/avr128da48/avrxmega4\libavr128da48.a(eerd_dword.o)
 .debug_line    0x0000369b       0x67 C:/Program Files (x86)/Atmel/Studio/7.0/Packs/Atmel/AVR-Dx_DFP/1.9.103/gcc/dev/avr128da48/avrxmega4\libavr128da48.a(ccp_write.o)

.debug_frame    0x00000000      0xf28
 *(.debug_frame)
 .debug_frame   0x00000000      0xf28 main.o

.debug_str      0x00000000     0x3b48
 *(.debug_str)
 .debug_str     0x00000000     0x1320 C:/Program Files (x86)/Atmel/Studio/7.0/Packs/Atmel/AVR-Dx_DFP/1.9.103/gcc/dev/avr128da48/avrxmega4/crtavr128da48.o
 .debug_str     0x00001320     0x2828 main.o
                               0x2a99 (size before relaxing)

.debug_loc      0x00000000     0x3fdb
 *(.debug_loc)
 .debug_loc     0x00000000     0x3fdb main.o

.debug_macinfo
 *(.debug_macinfo)

.debug_weaknames
 *(.debug_weaknames)

.debug_funcnames
 *(.debug_funcnames)

.debug_typenames
 *(.debug_typenames)

.debug_varnames
 *(.debug_varnames)

.debug_pubtypes
 *(.debug_pubtypes)

.debug_ranges   0x00000000      0x428
 *(.debug_ranges)
 .debug_ranges  0x00000000      0x428 main.o

.debug_macro
 *(.debug_macro)
OUTPUT(Dc_suction_pump.elf elf32-avr)
LOAD linker stubs
