Archive member included to satisfy reference by file (symbol)

c:/program files (x86)/atmel/studio/7.0/toolchain/avr8/avr8-gnu-toolchain/bin/../lib/gcc/avr/5.4.0/../../../../avr/lib/avrxmega4\libm.a(addsf3.o)
                              main.o (__subsf3)
c:/program files (x86)/atmel/studio/7.0/toolchain/avr8/avr8-gnu-toolchain/bin/../lib/gcc/avr/5.4.0/../../../../avr/lib/avrxmega4\libm.a(addsf3x.o)
                              c:/program files (x86)/atmel/studio/7.0/toolchain/avr8/avr8-gnu-toolchain/bin/../lib/gcc/avr/5.4.0/../../../../avr/lib/avrxmega4\libm.a(addsf3.o) (__addsf3x)
c:/program files (x86)/atmel/studio/7.0/toolchain/avr8/avr8-gnu-toolchain/bin/../lib/gcc/avr/5.4.0/../../../../avr/lib/avrxmega4\libm.a(cmpsf2.o)
                              main.o (__eqsf2)
c:/program files (x86)/atmel/studio/7.0/toolchain/avr8/avr8-gnu-toolchain/bin/../lib/gcc/avr/5.4.0/../../../../avr/lib/avrxmega4\libm.a(divsf3.o)
                              main.o (__divsf3)
c:/program files (x86)/atmel/studio/7.0/toolchain/avr8/avr8-gnu-toolchain/bin/../lib/gcc/avr/5.4.0/../../../../avr/lib/avrxmega4\libm.a(divsf3x.o)
                              c:/program files (x86)/atmel/studio/7.0/toolchain/avr8/avr8-gnu-toolchain/bin/../lib/gcc/avr/5.4.0/../../../../avr/lib/avrxmega4\libm.a(divsf3.o) (__divsf3x)
c:/program files (x86)/atmel/studio/7.0/toolchain/avr8/avr8-gnu-toolchain/bin/../lib/gcc/avr/5.4.0/../../../../avr/lib/avrxmega4\libm.a(fixsfsi.o)
                              main.o (__fixsfsi)
c:/program files (x86)/atmel/studio/7.0/toolchain/avr8/avr8-gnu-toolchain/bin/../lib/gcc/avr/5.4.0/../../../../avr/lib/avrxmega4\libm.a(fixunssfsi.o)
                              main.o (__fixunssfsi)
c:/program files (x86)/atmel/studio/7.0/toolchain/avr8/avr8-gnu-toolchain/bin/../lib/gcc/avr/5.4.0/../../../../avr/lib/avrxmega4\libm.a(floatsisf.o)
                              main.o (__floatunsisf)
c:/program files (x86)/atmel/studio/7.0/toolchain/avr8/avr8-gnu-toolchain/bin/../lib/gcc/avr/5.4.0/../../../../avr/lib/avrxmega4\libm.a(fp_cmp.o)
                              c:/program files (x86)/atmel/studio/7.0/toolchain/avr8/avr8-gnu-toolchain/bin/../lib/gcc/avr/5.4.0/../../../../avr/lib/avrxmega4\libm.a(cmpsf2.o) (__fp_cmp)
c:/program files (x86)/atmel/studio/7.0/toolchain/avr8/avr8-gnu-toolchain/bin/../lib/gcc/avr/5.4.0/../../../../avr/lib/avrxmega4\libm.a(fp_inf.o)
                              c:/program files (x86)/atmel/studio/7.0/toolchain/avr8/avr8-gnu-toolchain/bin/../lib/gcc/avr/5.4.0/../../../../avr/lib/avrxmega4\libm.a(addsf3x.o) (__fp_inf)
c:/program files (x86)/atmel/studio/7.0/toolchain/avr8/avr8-gnu-toolchain/bin/../lib/gcc/avr/5.4.0/../../../../avr/lib/avrxmega4\libm.a(fp_nan.o)
                              c:/program files (x86)/atmel/studio/7.0/toolchain/avr8/avr8-gnu-toolchain/bin/../lib/gcc/avr/5.4.0/../../../../avr/lib/avrxmega4\libm.a(addsf3x.o) (__fp_nan)
c:/program files (x86)/atmel/studio/7.0/toolchain/avr8/avr8-gnu-toolchain/bin/../lib/gcc/avr/5.4.0/../../../../avr/lib/avrxmega4\libm.a(fp_pscA.o)
                              c:/program files (x86)/atmel/studio/7.0/toolchain/avr8/avr8-gnu-toolchain/bin/../lib/gcc/avr/5.4.0/../../../../avr/lib/avrxmega4\libm.a(addsf3x.o) (__fp_pscA)
c:/program files (x86)/atmel/studio/7.0/toolchain/avr8/avr8-gnu-toolchain/bin/../lib/gcc/avr/5.4.0/../../../../avr/lib/avrxmega4\libm.a(fp_pscB.o)
                              c:/program files (x86)/atmel/studio/7.0/toolchain/avr8/avr8-gnu-toolchain/bin/../lib/gcc/avr/5.4.0/../../../../avr/lib/avrxmega4\libm.a(addsf3x.o) (__fp_pscB)
c:/program files (x86)/atmel/studio/7.0/toolchain/avr8/avr8-gnu-toolchain/bin/../lib/gcc/avr/5.4.0/../../../../avr/lib/avrxmega4\libm.a(fp_round.o)
                              c:/program files (x86)/atmel/studio/7.0/toolchain/avr8/avr8-gnu-toolchain/bin/../lib/gcc/avr/5.4.0/../../../../avr/lib/avrxmega4\libm.a(addsf3.o) (__fp_round)
c:/program files (x86)/atmel/studio/7.0/toolchain/avr8/avr8-gnu-toolchain/bin/../lib/gcc/avr/5.4.0/../../../../avr/lib/avrxmega4\libm.a(fp_split3.o)
                              c:/program files (x86)/atmel/studio/7.0/toolchain/avr8/avr8-gnu-toolchain/bin/../lib/gcc/avr/5.4.0/../../../../avr/lib/avrxmega4\libm.a(addsf3x.o) (__fp_split3)
c:/program files (x86)/atmel/studio/7.0/toolchain/avr8/avr8-gnu-toolchain/bin/../lib/gcc/avr/5.4.0/../../../../avr/lib/avrxmega4\libm.a(fp_zero.o)
                              c:/program files (x86)/atmel/studio/7.0/toolchain/avr8/avr8-gnu-toolchain/bin/../lib/gcc/avr/5.4.0/../../../../avr/lib/avrxmega4\libm.a(addsf3x.o) (__fp_zero)
c:/program files (x86)/atmel/studio/7.0/toolchain/avr8/avr8-gnu-toolchain/bin/../lib/gcc/avr/5.4.0/../../../../avr/lib/avrxmega4\libm.a(gesf2.o)
                              main.o (__gtsf2)
c:/program files (x86)/atmel/studio/7.0/toolchain/avr8/avr8-gnu-toolchain/bin/../lib/gcc/avr/5.4.0/../../../../avr/lib/avrxmega4\libm.a(log.o)
                              main.o (log)
[...]
Memory Configuration

Name             Origin             Length             Attributes
text             0x00000000         0x00020000         xr
data             0x00804000         0x00004000         rw !x
eeprom           0x00810000         0x00000200         rw !x
fuse             0x00820000         0x00000010         rw !x
lock             0x00830000         0x00000400         rw !x
signature        0x00840000         0x00000400         rw !x
user_signatures  0x00850000         0x00000400         rw !x
*default*        0x00000000         0xffffffff

Linker script and memory map

Address of section .data set to 0x804000
                0x00008000                __RODATA_PM_OFFSET__ = 0x8000
LOAD C:/Program Files (x86)/Atmel/Studio/7.0/Packs/Atmel/AVR-Dx_DFP/1.9.103/gcc/dev/avr128da48/avrxmega4/crtavr128da48.o
LOAD main.o
START GROUP
LOAD c:/program files (x86)/atmel/studio/7.0/toolchain/avr8/avr8-gnu-toolchain/bin/../lib/gcc/avr/5.4.0/../../../../avr/lib/avrxmega4\libm.a
END GROUP
START GROUP
LOAD c:/program files (x86)/atmel/studio/7.0/toolchain/avr8/avr8-gnu-toolchain/bin/../lib/gcc/avr/5.4.0/avrxmega4\libgcc.a
LOAD c:/program files (x86)/atmel/studio/7.0/toolchain/avr8/avr8-gnu-toolchain/bin/../lib/gcc/avr/5.4.0/../../../../avr/lib/avrxmega4\libm.a
LOAD c:/program files (x86)/atmel/studio/7.0/toolchain/avr8/avr8-gnu-toolchain/bin/../lib/gcc/avr/5.4.0/../../../../avr/lib/avrxmega4\libc.a
LOAD C:/Program Files (x86)/Atmel/Studio/7.0/Packs/Atmel/AVR-Dx_DFP/1.9.103/gcc/dev/avr128da48/avrxmega4\libavr128da48.a
END GROUP
                [0x00000000]                __TEXT_REGION_ORIGIN__ = DEFINED (__TEXT_REGION_ORIGIN__)?__TEXT_REGION_ORIGIN__:0x0
                [0x00804000]                __DATA_REGION_ORIGIN__ = DEFINED (__DATA_REGION_ORIGIN__)?__DATA_REGION_ORIGIN__:0x802000
                [0x00020000]                __TEXT_REGION_LENGTH__ = DEFINED (__TEXT_REGION_LENGTH__)?__TEXT_REGION_LENGTH__:0x100000
                [0x00004000]                __DATA_REGION_LENGTH__ = DEFINED (__DATA_REGION_LENGTH__)?__DATA_REGION_LENGTH__:0xffa0
                [0x00000200]                __EEPROM_REGION_LENGTH__ = DEFINED (__EEPROM_REGION_LENGTH__)?__EEPROM_REGION_LENGTH__:0x10000
                [0x00000010]                __FUSE_REGION_LENGTH__ = DEFINED (__FUSE_REGION_LENGTH__)?__FUSE_REGION_LENGTH__:0x400
                0x00000400                __LOCK_REGION_LENGTH__ = DEFINED (__LOCK_REGION_LENGTH__)?__LOCK_REGION_LENGTH__:0x400
                0x00000400                __SIGNATURE_REGION_LENGTH__ = DEFINED (__SIGNATURE_REGION_LENGTH__)?__SIGNATURE_REGION_LENGTH__:0x400
                0x00000400                __USER_SIGNATURE_REGION_LENGTH__ = DEFINED (__USER_SIGNATURE_REGION_LENGTH__)?__USER_SIGNATURE_REGION_LENGTH__:0x400

.hash
 *(.hash)

.dynsym
 *(.dynsym)

.dynstr
 *(.dynstr)

.gnu.version
 *(.gnu.version)

.gnu.version_d
 *(.gnu.version_d)

.gnu.version_r
 *(.gnu.version_r)

.rel.init
 *(.rel.init)

.rela.init
 *(.rela.init)

.rel.text
 *(.rel.text)
 *(.rel.text.*)
 *(.rel.gnu.linkonce.t*)

.rela.text
 *(.rela.text)
 *(.rela.text.*)
 *(.rela.gnu.linkonce.t*)

.rel.fini
 *(.rel.fini)

.rela.fini
 *(.rela.fini)

.rel.rodata
 *(.rel.rodata)
 *(.rel.rodata.*)
 *(.rel.gnu.linkonce.r*)

.rela.rodata
 *(.rela.rodata)
 *(.rela.rodata.*)
 *(.rela.gnu.linkonce.r*)

.rel.data
 *(.rel.data)
 *(.rel.data.*)
 *(.rel.gnu.linkonce.d*)

.rela.data
 *(.rela.data)
 *(.rela.data.*)
 *(.rela.gnu.linkonce.d*)

.rel.ctors
 *(.rel.ctors)

.rela.ctors
 *(.rela.ctors)

.rel.dtors
 *(.rel.dtors)

.rela.dtors
 *(.rela.dtors)

.rel.got
 *(.rel.got)

.rela.got
 *(.rela.got)

.rel.bss
 *(.rel.bss)

.rela.bss
 *(.rela.bss)

.rel.plt
 *(.rel.plt)

.rela.plt
 *(.rela.plt)

.text           0x00000000     0x6530
 *(.vectors)
 .vectors       0x00000000       0xe8 C:/Program Files (x86)/Atmel/Studio/7.0/Packs/Atmel/AVR-Dx_DFP/1.9.103/gcc/dev/avr128da48/avrxmega4/crtavr128da48.o
                0x00000000                __vector_default
                0x00000000                __vectors
 *(.vectors)
 *(.progmem.gcc*)
 .progmem.gcc_fplib
                0x000000e8       0x5a c:/program files (x86)/atmel/studio/7.0/toolchain/avr8/avr8-gnu-toolchain/bin/../lib/gcc/avr/5.4.0/../../../../avr/lib/avrxmega4\libm.a(log.o)
                0x00000142                . = ALIGN (0x2)
                0x00000142                __trampolines_start = .
 *(.trampolines)
 .trampolines   0x00000142        0x0 linker stubs
 *(.trampolines*)
                0x00000142                __trampolines_end = .
 *libprintf_flt.a:*(.progmem.data)
 *libc.a:*(.progmem.data)
 *(.progmem*)
 .progmem.data.Pattern_font_30x64
                0x00000142       0xf0 main.o
                0x00000142                Pattern_font_30x64
 .progmem.data.Special_font_30x64
                0x00000232       0xf0 main.o
                0x00000232                Special_font_30x64
 .progmem.data.In_font_30x24
                0x00000322       0x5a main.o
                0x00000322                In_font_30x24
 .progmem.data.Button_font_30x64
                0x0000037c       0xf0 main.o
                0x0000037c                Button_font_30x64
 .progmem.data.Press_font_20x48
                0x0000046c       0x78 main.o
                0x0000046c                Press_font_20x48
 .progmem.data.jersey_numerical_font_24x24_po
                0x000004e4      0x2d0 main.o
                0x000004e4                jersey_numerical_font_24x24_po
 .progmem.data.Run_font_30x32
                0x000007b4       0x78 main.o
                0x000007b4                Run_font_30x32
 .progmem.data.Total_font_30x48
                0x0000082c       0xb4 main.o
                0x0000082c                Total_font_30x48
 .progmem.data.Hours_font_30x48
                0x000008e0       0xb4 main.o
                0x000008e0                Hours_font_30x48
 .progmem.data.Service_font_30x64
                0x00000994       0xf0 main.o
                0x00000994                Service_font_30x64
 .progmem.data.s_alphabet_17X17
                0x00000a84       0x33 main.o
                0x00000a84                s_alphabet_17X17
 .progmem.data.arial_numerical_font_49x40
                0x00000ab7      0x992 main.o
                0x00000ab7                arial_numerical_font_49x40
 .progmem.data.arial_numerical_temp_6_49x40
                0x00001449       0xf5 main.o
                0x00001449                arial_numerical_temp_6_49x40
 .progmem.data.arial_numerical_temp_5_49x40
                0x0000153e       0xf5 main.o
                0x0000153e                arial_numerical_temp_5_49x40
 .progmem.data.arial_numerical_temp_4_49x40
                0x00001633       0xf5 main.o
                0x00001633                arial_numerical_temp_4_49x40
 .progmem.data.arial_numerical_temp_3_49x40
                0x00001728       0xf5 main.o
                0x00001728                arial_numerical_temp_3_49x40
 .progmem.data.arial_numerical_temp_2_49x40
                0x0000181d       0xf5 main.o
                0x0000181d                arial_numerical_temp_2_49x40
 .progmem.data.jersey_numerical_temp_0_49x40
                0x00001912       0xf5 main.o
                0x00001912                jersey_numerical_temp_0_49x40
 .progmem.data.animation_3_foot_24x33
                0x00001a07       0x78 main.o
                0x00001a07                animation_3_foot_24x33
 .progmem.data.animation_2_foot_24x33
                0x00001a7f       0x78 main.o
                0x00001a7f                animation_2_foot_24x33
 .progmem.data.animation_1_foot_24x33
                0x00001af7       0x78 main.o
                0x00001af7                animation_1_foot_24x33
 .progmem.data.temp_lpm_15x36
                0x00001b6f       0x4b main.o
                0x00001b6f                temp_lpm_15x36
 .progmem.data.temp_powersave_27x40
                0x00001bba       0x87 main.o
                0x00001bba                temp_powersave_27x40
 .progmem.data.temp_decimal_1_6x8
                0x00001c41        0x6 main.o
                0x00001c41                temp_decimal_1_6x8
 .progmem.data.temp_mpa_14x54
                0x00001c47       0x62 main.o
                0x00001c47                temp_mpa_14x54
 .progmem.data.temp_cmh2o_13x54
                0x00001ca9       0x5b main.o
                0x00001ca9                temp_cmh2o_13x54
 .progmem.data.temp_2_mmhg_13x48
                0x00001d04       0x4e main.o
                0x00001d04                temp_2_mmhg_13x48
 .progmem.data.POWER_ON_48X8
                0x00001d52       0x30 main.o
                0x00001d52                POWER_ON_48X8
 .progmem.data.AgVa_logo_56x30
                0x00001d82       0xd2 main.o
                0x00001d82                AgVa_logo_56x30
 .progmem.data.service_required_26x32
                0x00001e54       0x68 main.o
                0x00001e54                service_required_26x32
                0x00001ebc                . = ALIGN (0x2)
 *(.jumptables)
 *(.jumptables*)
 *(.lowtext)
 *(.lowtext*)
                0x00001ebc                __ctors_start = .
 *(.ctors)
                0x00001ebc                __ctors_end = .
                0x00001ebc                __dtors_start = .
 *(.dtors)
                0x00001ebc                __dtors_end = .
 SORT(*)(.ctors)
 SORT(*)(.dtors)
 *(.init0)
 .init0         0x00001ebc        0x0 C:/Program Files (x86)/Atmel/Studio/7.0/Packs/Atmel/AVR-Dx_DFP/1.9.103/gcc/dev/avr128da48/avrxmega4/crtavr128da48.o
                0x00001ebc                __init
 *(.init0)
 *(.init1)
 *(.init1)
 *(.init2)
 .init2         0x00001ebc        0xc C:/Program Files (x86)/Atmel/Studio/7.0/Packs/Atmel/AVR-Dx_DFP/1.9.103/gcc/dev/avr128da48/avrxmega4/crtavr128da48.o
 *(.init2)
 *(.init3)
 *(.init3)
 *(.init4)
 .init4         0x00001ec8       0x1a c:/program files (x86)/atmel/studio/7.0/toolchain/avr8/avr8-gnu-toolchain/bin/../lib/gcc/avr/5.4.0/avrxmega4\libgcc.a(_copy_data.o)
                0x00001ec8                __do_copy_data
 .init4         0x00001ee2       0x10 c:/program files (x86)/atmel/studio/7.0/toolchain/avr8/avr8-gnu-toolchain/bin/../lib/gcc/avr/5.4.0/avrxmega4\libgcc.a(_clear_bss.o)
                0x00001ee2                __do_clear_bss
 *(.init4)
 *(.init5)
 *(.init5)
 *(.init6)
 *(.init6)
 *(.init7)
 *(.init7)
 *(.init8)
 *(.init8)
 *(.init9)
 .init9         0x00001ef2        0x8 C:/Program Files (x86)/Atmel/Studio/7.0/Packs/Atmel/AVR-Dx_DFP/1.9.103/gcc/dev/avr128da48/avrxmega4/crtavr128da48.o
 *(.init9)
 *(.text)
 .text          0x00001efa        0x4 C:/Program Files (x86)/Atmel/Studio/7.0/Packs/Atmel/AVR-Dx_DFP/1.9.103/gcc/dev/avr128da48/avrxmega4/crtavr128da48.o
                0x00001efa                __vector_38
                0x00001efa                __vector_22
                0x00001efa                __vector_28
                0x00001efa                __vector_1
                0x00001efa                __vector_32
                0x00001efa                __vector_24
                0x00001efa                __vector_12
                0x00001efa                __vector_55
                0x00001efa                __vector_46
                0x00001efa                __bad_interrupt
                0x00001efa                __vector_6
                0x00001efa                __vector_31
                0x00001efa                __vector_35
                0x00001efa                __vector_39
                0x00001efa                __vector_3
                0x00001efa                __vector_23
                0x00001efa                __vector_25
                0x00001efa                __vector_11
                0x00001efa                __vector_54
                0x00001efa                __vector_17
                0x00001efa                __vector_19
                0x00001efa                __vector_56
                0x00001efa                __vector_7
                0x00001efa                __vector_49
                0x00001efa                __vector_41
                0x00001efa                __vector_43
                0x00001efa                __vector_27
                0x00001efa                __vector_5
                0x00001efa                __vector_33
                0x00001efa                __vector_47
                0x00001efa                __vector_52
                0x00001efa                __vector_37
                0x00001efa                __vector_4
                0x00001efa                __vector_44
                0x00001efa                __vector_51
                0x00001efa                __vector_9
                0x00001efa                __vector_2
                0x00001efa                __vector_21
                0x00001efa                __vector_15
                0x00001efa                __vector_36
                0x00001efa                __vector_40
                0x00001efa                __vector_8
                0x00001efa                __vector_26
                0x00001efa                __vector_48
                0x00001efa                __vector_14
                0x00001efa                __vector_57
                0x00001efa                __vector_53
                0x00001efa                __vector_10
                0x00001efa                __vector_50
                0x00001efa                __vector_16
                0x00001efa                __vector_18
                0x00001efa                __vector_20
                0x00001efa                __vector_42
                0x00001efe                . = ALIGN (0x2)
 *(.text.*)
 .text.reverse  0x00001efe       0x2e main.o
                0x00001efe                reverse
 .text.intToStr
                0x00001f2c       0x7e main.o
                0x00001f2c                intToStr
 .text.USART1_init
                0x00001faa       0x56 main.o
                0x00001faa                USART1_init
 .text.USART1_sendChar
                0x00002000        0xe main.o
                0x00002000                USART1_sendChar
 .text.USART1_sendString
                0x0000200e       0x42 main.o
                0x0000200e                USART1_sendString
 .text.USART1_sendString_without_newline
                0x00002050       0x3c main.o
                0x00002050                USART1_sendString_without_newline
 .text.USART1_sendInt
                0x0000208c       0x16 main.o
                0x0000208c                USART1_sendInt
 .text.SPI_0_init
                0x000020a2       0x38 main.o
                0x000020a2                SPI_0_init
 .text.SPI_0_send_char
                0x000020da        0xe main.o
                0x000020da                SPI_0_send_char
 .text.SPI_0_send_array
                0x000020e8       0x2c main.o
                0x000020e8                SPI_0_send_array
 .text.I2C_0_stop_transmission
                0x00002114        0xe main.o
                0x00002114                I2C_0_stop_transmission
 .text.I2C_0_initialization
                0x00002122       0x18 main.o
                0x00002122                I2C_0_initialization
 .text.I2C_0_master_initialization
                0x0000213a       0x1a main.o
                0x0000213a                I2C_0_master_initialization
 .text.I2C_0_sendAddress
                0x00002154       0x90 main.o
                0x00002154                I2C_0_sendAddress
 .text.I2C_0_recieveData
                0x000021e4       0x52 main.o
                0x000021e4                I2C_0_recieveData
 .text.ADC0_init
                0x00002236       0x16 main.o
                0x00002236                ADC0_init
 .text.ADC0_start
                0x0000224c        0x8 main.o
                0x0000224c                ADC0_start
 .text.ADC0_read
                0x00002254       0x1a main.o
                0x00002254                ADC0_read
 .text.AMS_5812_init
                0x0000226e       0x1a main.o
                0x0000226e                AMS_5812_init
 .text.AMS_raw  0x00002288       0x2e main.o
                0x00002288                AMS_raw
 .text.AMS_5812_psi_read
                0x000022b6       0x1e main.o
                0x000022b6                AMS_5812_psi_read
 .text.AMS_mmhg_average
                0x000022d4       0x68 main.o
                0x000022d4                AMS_mmhg_average
 .text.UC1698U_gpio_init
                0x0000233c       0x20 main.o
                0x0000233c                UC1698U_gpio_init
 .text.UC1698U_SEND_ARRAY_DATA
                0x0000235c       0x28 main.o
                0x0000235c                UC1698U_SEND_ARRAY_DATA
 .text.UC1698U_SEND_BYTE_DATA
                0x00002384       0x28 main.o
                0x00002384                UC1698U_SEND_BYTE_DATA
 .text.UC1698U_SEND_CMD
                0x000023ac       0x3a main.o
                0x000023ac                UC1698U_SEND_CMD
 .text.UC1698U_SEND_CMD_DATA
                0x000023e6       0x3a main.o
                0x000023e6                UC1698U_SEND_CMD_DATA
 .text.set_row_addr
                0x00002420       0x20 main.o
                0x00002420                set_row_addr
 .text.set_colm_addr
                0x00002440       0x1a main.o
                0x00002440                set_colm_addr
 .text.window_program_start_end_colm_row_addr
                0x0000245a       0x54 main.o
                0x0000245a                window_program_start_end_colm_row_addr
 .text.set_all_pixel_off
                0x000024ae       0x2c main.o
                0x000024ae                set_all_pixel_off
 .text.UC1698U_init
                0x000024da       0xfc main.o
                0x000024da                UC1698U_init
 .text.print_icon
                0x000025d6      0x1ce main.o
                0x000025d6                print_icon
 .text.print_number
                0x000027a4      0x1f2 main.o
                0x000027a4                print_number
 .text.print_double_line
                0x00002996       0x64 main.o
                0x00002996                print_double_line
 .text.print_line
                0x000029fa       0x64 main.o
                0x000029fa                print_line
 .text.draw_filled_rectangle
                0x00002a5e       0x68 main.o
                0x00002a5e                draw_filled_rectangle
 .text.delete_rectangle
                0x00002ac6       0x5a main.o
                0x00002ac6                delete_rectangle
 .text.keypad_gpio_init
                0x00002b20       0x6a main.o
                0x00002b20                keypad_gpio_init
 .text.unit_change
                0x00002b8a       0x64 main.o
                0x00002b8a                unit_change
 .text.pwm_change
                0x00002bee      0x554 main.o
                0x00002bee                pwm_change
 .text.MOTOR_ON_OFF
                0x00003142       0xa4 main.o
                0x00003142                MOTOR_ON_OFF
 .text.play_pause_button_main
                0x000031e6       0x7c main.o
                0x000031e6                play_pause_button_main
 .text.keypad_main
                0x00003262        0xe main.o
                0x00003262                keypad_main
 .text.dc_suction_pressure_main
                0x00003270      0x228 main.o
                0x00003270                dc_suction_pressure_main
 .text.stp_foot_switch_check
                0x00003498       0x10 main.o
                0x00003498                stp_foot_switch_check
 .text.ams_reset
                0x000034a8       0x3a main.o
                0x000034a8                ams_reset
 .text.foot_switch_gpio_init
                0x000034e2       0x1e main.o
                0x000034e2                foot_switch_gpio_init
 .text.foot_switch_init
                0x00003500       0x1a main.o
                0x00003500                foot_switch_init
 .text.foot_switch_detect_check
                0x0000351a       0x48 main.o
                0x0000351a                foot_switch_detect_check
 .text.smart_sensing
                0x00003562      0x206 main.o
                0x00003562                smart_sensing
 .text.power_save_protocol
                0x00003768      0x1ec main.o
                0x00003768                power_save_protocol
 .text.foot_switch_sensing
                0x00003954       0x2c main.o
                0x00003954                foot_switch_sensing
 .text.foot_switch_main
                0x00003980       0x1c main.o
                0x00003980                foot_switch_main
 .text.NTC_init
                0x0000399c        0x6 main.o
                0x0000399c                NTC_init
 .text.read_ntc
                0x000039a2      0x15a main.o
                0x000039a2                read_ntc
 .text.TCB1_init
                0x00003afc       0x2a main.o
                0x00003afc                TCB1_init
 .text.TCB2_init
                0x00003b26       0x2a main.o
                0x00003b26                TCB2_init
 .text.timmer_init
                0x00003b50        0xa main.o
                0x00003b50                timmer_init
 .text.__vector_13
                0x00003b5a       0x6c main.o
                0x00003b5a                __vector_13
 .text.__vector_30
                0x00003bc6      0x114 main.o
                0x00003bc6                __vector_30
 .text.clear_all_keypad_flags
                0x00003cda       0x16 main.o
                0x00003cda                clear_all_keypad_flags
 .text.lcd_all_icon_update
                0x00003cf0        0xc main.o
                0x00003cf0                lcd_all_icon_update
 .text.lcd_uc1698u_init
                0x00003cfc       0x1e main.o
                0x00003cfc                lcd_uc1698u_init
 .text.lcd_icon_update
                0x00003d1a       0x70 main.o
                0x00003d1a                lcd_icon_update
 .text.power_on_screen
                0x00003d8a       0x32 main.o
                0x00003d8a                power_on_screen
 .text.partitions
                0x00003dbc       0x54 main.o
                0x00003dbc                partitions
 .text.EDGE     0x00003e10       0x56 main.o
                0x00003e10                EDGE
 .text.show_mmgh_4digit
                0x00003e66       0xc0 main.o
                0x00003e66                show_mmgh_4digit
 .text.cmH20_4digit
                0x00003f26       0xc0 main.o
                0x00003f26                cmH20_4digit
 .text.MPa_4digit
                0x00003fe6       0xd2 main.o
                0x00003fe6                MPa_4digit
 .text.numDigits
                0x000040b8       0x44 main.o
                0x000040b8                numDigits
 .text.printNumScreen_RightJustified
                0x000040fc      0x180 main.o
                0x000040fc                printNumScreen_RightJustified
 .text.bar_draw_delete_rectangle
                0x0000427c       0x5a main.o
                0x0000427c                bar_draw_delete_rectangle
 .text.bar_draw_filled_rectangle
                0x000042d6       0x5a main.o
                0x000042d6                bar_draw_filled_rectangle
 .text.lcd_pressure_bar_init
                0x00004330        0xe main.o
                0x00004330                lcd_pressure_bar_init
 .text.lcd_loading_page
                0x0000433e       0x8a main.o
                0x0000433e                lcd_loading_page
 .text.lcd_pressure_bar_main
                0x000043c8       0x8c main.o
                0x000043c8                lcd_pressure_bar_main
 .text.lcd_uc1698u_main_screen
                0x00004454      0x226 main.o
                0x00004454                lcd_uc1698u_main_screen
 .text.TCA0_PWM_init
                0x0000467a       0x44 main.o
                0x0000467a                TCA0_PWM_init
 .text.set_NVM_command_SPM
                0x000046be        0xa main.o
                0x000046be                set_NVM_command_SPM
 .text.write_8t_data_in_eeprom_SPM
                0x000046c8       0x2e main.o
                0x000046c8                write_8t_data_in_eeprom_SPM
 .text.read_8t_data_in_eeprom_SPM
                0x000046f6        0xa main.o
                0x000046f6                read_8t_data_in_eeprom_SPM
 .text.ams_check
                0x00004700      0x19c main.o
                0x00004700                ams_check
 .text.STP      0x0000489c       0x18 main.o
                0x0000489c                STP
 .text.eeprom_init_read
                0x000048b4       0x48 main.o
                0x000048b4                eeprom_init_read
 .text.read_long_data_in_eeprom_SPM
                0x000048fc        0xa main.o
                0x000048fc                read_long_data_in_eeprom_SPM
 .text.display_print_function_numerics
                0x00004906       0x76 main.o
                0x00004906                display_print_function_numerics
 .text.write_data_in_eeprom_SPM_32bits
                0x0000497c       0x66 main.o
                0x0000497c                write_data_in_eeprom_SPM_32bits
 .text.reset_time
                0x000049e2      0x154 main.o
                0x000049e2                reset_time
 .text.display_runTime_serviceTime
                0x00004b36       0x74 main.o
                0x00004b36                display_runTime_serviceTime
 .text.calcutale_run_service_time
                0x00004baa      0x144 main.o
                0x00004baa                calcutale_run_service_time
 .text.__vector_34
                0x00004cee       0x54 main.o
                0x00004cee                __vector_34
 .text.__vector_29
                0x00004d42      0x1a6 main.o
                0x00004d42                __vector_29
 .text.__vector_45
                0x00004ee8       0xb4 main.o
                0x00004ee8                __vector_45
 .text.settings
                0x00004f9c      0x952 main.o
                0x00004f9c                settings
 .text.mode_1   0x000058ee       0x70 main.o
                0x000058ee                mode_1
 .text.main     0x0000595e       0xb4 main.o
                0x0000595e                main
 .text.avr-libc.fplib
                0x00005a12        0xe c:/program files (x86)/atmel/studio/7.0/toolchain/avr8/avr8-gnu-toolchain/bin/../lib/gcc/avr/5.4.0/../../../../avr/lib/avrxmega4\libm.a(addsf3.o)
                0x00005a12                __subsf3
                0x00005a14                __addsf3
 .text.avr-libc.fplib
                0x00005a20       0xcc c:/program files (x86)/atmel/studio/7.0/toolchain/avr8/avr8-gnu-toolchain/bin/../lib/gcc/avr/5.4.0/../../../../avr/lib/avrxmega4\libm.a(addsf3x.o)
                0x00005a42                __addsf3x
 .text.avr-libc.fplib
                0x00005aec        0xa c:/program files (x86)/atmel/studio/7.0/toolchain/avr8/avr8-gnu-toolchain/bin/../lib/gcc/avr/5.4.0/../../../../avr/lib/avrxmega4\libm.a(cmpsf2.o)
                0x00005aec                __nesf2
                0x00005aec                __eqsf2
                0x00005aec                __cmpsf2
                0x00005aec                __ltsf2
                0x00005aec                __lesf2
 .text.avr-libc.fplib
                0x00005af6        0x8 c:/program files (x86)/atmel/studio/7.0/toolchain/avr8/avr8-gnu-toolchain/bin/../lib/gcc/avr/5.4.0/../../../../avr/lib/avrxmega4\libm.a(divsf3.o)
                0x00005af6                __divsf3
 .text.avr-libc.fplib
                0x00005afe       0xdc c:/program files (x86)/atmel/studio/7.0/toolchain/avr8/avr8-gnu-toolchain/bin/../lib/gcc/avr/5.4.0/../../../../avr/lib/avrxmega4\libm.a(divsf3x.o)
                0x00005b1e                __divsf3x
                0x00005b24                __divsf3_pse
 .text.avr-libc.fplib
                0x00005bda        0xe c:/program files (x86)/atmel/studio/7.0/toolchain/avr8/avr8-gnu-toolchain/bin/../lib/gcc/avr/5.4.0/../../../../avr/lib/avrxmega4\libm.a(fixsfsi.o)
                0x00005bda                __fixsfsi
 .text.avr-libc.fplib
                0x00005be8       0x5e c:/program files (x86)/atmel/studio/7.0/toolchain/avr8/avr8-gnu-toolchain/bin/../lib/gcc/avr/5.4.0/../../../../avr/lib/avrxmega4\libm.a(fixunssfsi.o)
                0x00005be8                __fixunssfsi
 .text.avr-libc.fplib
                0x00005c46       0x7a c:/program files (x86)/atmel/studio/7.0/toolchain/avr8/avr8-gnu-toolchain/bin/../lib/gcc/avr/5.4.0/../../../../avr/lib/avrxmega4\libm.a(floatsisf.o)
                0x00005c46                __floatunsisf
                0x00005c4a                __floatsisf
 .text.avr-libc.fplib
                0x00005cc0       0x48 c:/program files (x86)/atmel/studio/7.0/toolchain/avr8/avr8-gnu-toolchain/bin/../lib/gcc/avr/5.4.0/../../../../avr/lib/avrxmega4\libm.a(fp_cmp.o)
                0x00005cc0                __fp_cmp
 .text.avr-libc.fplib
                0x00005d08        0xc c:/program files (x86)/atmel/studio/7.0/toolchain/avr8/avr8-gnu-toolchain/bin/../lib/gcc/avr/5.4.0/../../../../avr/lib/avrxmega4\libm.a(fp_inf.o)
                0x00005d08                __fp_inf
 .text.avr-libc.fplib
                0x00005d14        0x6 c:/program files (x86)/atmel/studio/7.0/toolchain/avr8/avr8-gnu-toolchain/bin/../lib/gcc/avr/5.4.0/../../../../avr/lib/avrxmega4\libm.a(fp_nan.o)
                0x00005d14                __fp_nan
 .text.avr-libc.fplib
                0x00005d1a        0xe c:/program files (x86)/atmel/studio/7.0/toolchain/avr8/avr8-gnu-toolchain/bin/../lib/gcc/avr/5.4.0/../../../../avr/lib/avrxmega4\libm.a(fp_pscA.o)
                0x00005d1a                __fp_pscA
 .text.avr-libc.fplib
                0x00005d28        0xe c:/program files (x86)/atmel/studio/7.0/toolchain/avr8/avr8-gnu-toolchain/bin/../lib/gcc/avr/5.4.0/../../../../avr/lib/avrxmega4\libm.a(fp_pscB.o)
                0x00005d28                __fp_pscB
 .text.avr-libc.fplib
                0x00005d36       0x22 c:/program files (x86)/atmel/studio/7.0/toolchain/avr8/avr8-gnu-toolchain/bin/../lib/gcc/avr/5.4.0/../../../../avr/lib/avrxmega4\libm.a(fp_round.o)
                0x00005d36                __fp_round
 .text.avr-libc.fplib
                0x00005d58       0x44 c:/program files (x86)/atmel/studio/7.0/toolchain/avr8/avr8-gnu-toolchain/bin/../lib/gcc/avr/5.4.0/../../../../avr/lib/avrxmega4\libm.a(fp_split3.o)
                0x00005d58                __fp_split3
                0x00005d68                __fp_splitA
 .text.avr-libc.fplib
                0x00005d9c        0xe c:/program files (x86)/atmel/studio/7.0/toolchain/avr8/avr8-gnu-toolchain/bin/../lib/gcc/avr/5.4.0/../../../../avr/lib/avrxmega4\libm.a(fp_zero.o)
                0x00005d9c                __fp_zero
                0x00005d9e                __fp_szero
 .text.avr-libc.fplib
                0x00005daa        0xa c:/program files (x86)/atmel/studio/7.0/toolchain/avr8/avr8-gnu-toolchain/bin/../lib/gcc/avr/5.4.0/../../../../avr/lib/avrxmega4\libm.a(gesf2.o)
                0x00005daa                __gesf2
                0x00005daa                __gtsf2
 .text.avr-libc.fplib
                0x00005db4       0xa0 c:/program files (x86)/atmel/studio/7.0/toolchain/avr8/avr8-gnu-toolchain/bin/../lib/gcc/avr/5.4.0/../../../../avr/lib/avrxmega4\libm.a(log.o)
                0x00005dc4                log
 .text.avr-libc.fplib
                0x00005e54        0x8 c:/program files (x86)/atmel/studio/7.0/toolchain/avr8/avr8-gnu-toolchain/bin/../lib/gcc/avr/5.4.0/../../../../avr/lib/avrxmega4\libm.a(mulsf3.o)
                0x00005e54                __mulsf3
 .text.avr-libc.fplib
                0x00005e5c       0xd2 c:/program files (x86)/atmel/studio/7.0/toolchain/avr8/avr8-gnu-toolchain/bin/../lib/gcc/avr/5.4.0/../../../../avr/lib/avrxmega4\libm.a(mulsf3x.o)
                0x00005e7a                __mulsf3x
                0x00005e80                __mulsf3_pse
 .text.avr-libc.fplib
                0x00005f2e       0x1c c:/program files (x86)/atmel/studio/7.0/toolchain/avr8/avr8-gnu-toolchain/bin/../lib/gcc/avr/5.4.0/../../../../avr/lib/avrxmega4\libm.a(fp_mpack.o)
                0x00005f2e                __fp_mpack
                0x00005f32                __fp_mpack_finite
 .text.avr-libc.fplib
                0x00005f4a       0x4e c:/program files (x86)/atmel/studio/7.0/toolchain/avr8/avr8-gnu-toolchain/bin/../lib/gcc/avr/5.4.0/../../../../avr/lib/avrxmega4\libm.a(fp_powser.o)
                0x00005f4a                __fp_powser
 .text.libgcc.div
                0x00005f98       0x28 c:/program files (x86)/atmel/studio/7.0/toolchain/avr8/avr8-gnu-toolchain/bin/../lib/gcc/avr/5.4.0/avrxmega4\libgcc.a(_divmodhi4.o)
                0x00005f98                _div
                0x00005f98                __divmodhi4
 .text.libgcc.div
                0x00005fc0       0x44 c:/program files (x86)/atmel/studio/7.0/toolchain/avr8/avr8-gnu-toolchain/bin/../lib/gcc/avr/5.4.0/avrxmega4\libgcc.a(_udivmodsi4.o)
                0x00005fc0                __udivmodsi4
 .text.libgcc.div
                0x00006004       0x2e c:/program files (x86)/atmel/studio/7.0/toolchain/avr8/avr8-gnu-toolchain/bin/../lib/gcc/avr/5.4.0/avrxmega4\libgcc.a(_divmodsi4.o)
                0x00006004                __divmodsi4
 .text.libgcc.div
                0x00006032       0x10 c:/program files (x86)/atmel/studio/7.0/toolchain/avr8/avr8-gnu-toolchain/bin/../lib/gcc/avr/5.4.0/avrxmega4\libgcc.a(_negsi2.o)
                0x00006032                __negsi2
 .text.libgcc.mul
                0x00006042       0x1e c:/program files (x86)/atmel/studio/7.0/toolchain/avr8/avr8-gnu-toolchain/bin/../lib/gcc/avr/5.4.0/avrxmega4\libgcc.a(_umulhisi3.o)
                0x00006042                __umulhisi3
 .text.libgcc.mul
                0x00006060       0x16 c:/program files (x86)/atmel/studio/7.0/toolchain/avr8/avr8-gnu-toolchain/bin/../lib/gcc/avr/5.4.0/avrxmega4\libgcc.a(_muluhisi3.o)
                0x00006060                __muluhisi3
 .text.libgcc.div
                0x00006076       0x28 c:/program files (x86)/atmel/studio/7.0/toolchain/avr8/avr8-gnu-toolchain/bin/../lib/gcc/avr/5.4.0/avrxmega4\libgcc.a(_udivmodhi4.o)
                0x00006076                __udivmodhi4
 .text.avr-libc
                0x0000609e       0x38 c:/program files (x86)/atmel/studio/7.0/toolchain/avr8/avr8-gnu-toolchain/bin/../lib/gcc/avr/5.4.0/../../../../avr/lib/avrxmega4\libc.a(calloc.o)
                0x0000609e                calloc
 .text.avr-libc
                0x000060d6      0x242 c:/program files (x86)/atmel/studio/7.0/toolchain/avr8/avr8-gnu-toolchain/bin/../lib/gcc/avr/5.4.0/../../../../avr/lib/avrxmega4\libc.a(malloc.o)
                0x000060d6                malloc
                0x00006206                free
 .text.avr-libc
                0x00006318      0x1ca c:/program files (x86)/atmel/studio/7.0/toolchain/avr8/avr8-gnu-toolchain/bin/../lib/gcc/avr/5.4.0/../../../../avr/lib/avrxmega4\libc.a(realloc.o)
                0x00006318                realloc
 .text.avr-libc
                0x000064e2       0x12 c:/program files (x86)/atmel/studio/7.0/toolchain/avr8/avr8-gnu-toolchain/bin/../lib/gcc/avr/5.4.0/../../../../avr/lib/avrxmega4\libc.a(memcpy.o)
                0x000064e2                memcpy
 .text.avr-libc
                0x000064f4        0xe c:/program files (x86)/atmel/studio/7.0/toolchain/avr8/avr8-gnu-toolchain/bin/../lib/gcc/avr/5.4.0/../../../../avr/lib/avrxmega4\libc.a(memset.o)
                0x000064f4                memset
 .text.avr-libc
                0x00006502       0x10 C:/Program Files (x86)/Atmel/Studio/7.0/Packs/Atmel/AVR-Dx_DFP/1.9.103/gcc/dev/avr128da48/avrxmega4\libavr128da48.a(eerd_byte.o)
                0x00006502                eeprom_read_byte
                0x0000650a                eeprom_mapen
 .text.avr-libc
                0x00006512        0xe C:/Program Files (x86)/Atmel/Studio/7.0/Packs/Atmel/AVR-Dx_DFP/1.9.103/gcc/dev/avr128da48/avrxmega4\libavr128da48.a(eerd_dword.o)
                0x00006512                eeprom_read_float
                0x00006512                eeprom_read_dword
 .text.avr-libc
                0x00006520        0xc C:/Program Files (x86)/Atmel/Studio/7.0/Packs/Atmel/AVR-Dx_DFP/1.9.103/gcc/dev/avr128da48/avrxmega4\libavr128da48.a(ccp_write.o)
                0x00006520                ccp_write_io
                0x0000652c                . = ALIGN (0x2)
 *(.fini9)
 .fini9         0x0000652c        0x0 c:/program files (x86)/atmel/studio/7.0/toolchain/avr8/avr8-gnu-toolchain/bin/../lib/gcc/avr/5.4.0/avrxmega4\libgcc.a(_exit.o)
                0x0000652c                _exit
                0x0000652c                exit
 *(.fini9)
 *(.fini8)
 *(.fini8)
 *(.fini7)
 *(.fini7)
 *(.fini6)
 *(.fini6)
 *(.fini5)
 *(.fini5)
 *(.fini4)
 *(.fini4)
 *(.fini3)
 *(.fini3)
 *(.fini2)
 *(.fini2)
 *(.fini1)
 *(.fini1)
 *(.fini0)
 .fini0         0x0000652c        0x4 c:/program files (x86)/atmel/studio/7.0/toolchain/avr8/avr8-gnu-toolchain/bin/../lib/gcc/avr/5.4.0/avrxmega4\libgcc.a(_exit.o)
 *(.fini0)
                0x00006530                _etext = .

.data           0x00804000      0x4c8 load address 0x00006530
                0x00804000                PROVIDE (__data_start, .)
 *(.data)
 .data          0x00804000        0x6 c:/program files (x86)/atmel/studio/7.0/toolchain/avr8/avr8-gnu-toolchain/bin/../lib/gcc/avr/5.4.0/../../../../avr/lib/avrxmega4\libc.a(malloc.o)
                0x00804000                __malloc_heap_end
                0x00804002                __malloc_heap_start
                0x00804004                __malloc_margin
 *(.data*)
 .data.previous_x2.5650
                0x00804006        0x2 main.o
 .data.unit_mode_pwm
                0x00804008        0x1 main.o
                0x00804008                unit_mode_pwm
 .data.LPM_60   0x00804009        0x2 main.o
                0x00804009                LPM_60
 .data.LPM_50   0x0080400b        0x2 main.o
                0x0080400b                LPM_50
 .data.LPM_40   0x0080400d        0x2 main.o
                0x0080400d                LPM_40
 .data.LPM_30   0x0080400f        0x2 main.o
                0x0080400f                LPM_30
 .data.LPM_20   0x00804011        0x2 main.o
                0x00804011                LPM_20
 .data.value_ok_flag
                0x00804013        0x1 main.o
                0x00804013                value_ok_flag
 .data.update_power_save_icon_flag
                0x00804014        0x1 main.o
                0x00804014                update_power_save_icon_flag
 .data.previous_unit_mode
                0x00804015        0x1 main.o
                0x00804015                previous_unit_mode
 .data.unit_mode
                0x00804016        0x1 main.o
                0x00804016                unit_mode
 .data.pre_def  0x00804017        0x6 main.o
                0x00804017                pre_def
 *(.gnu.linkonce.d*)
 *(.rodata)
 *(.rodata*)
 .rodata.str1.1
                0x0080401d      0x4ab main.o
 *(.gnu.linkonce.r*)
                0x008044c8                . = ALIGN (0x2)
                0x008044c8                _edata = .
                0x008044c8                PROVIDE (__data_end, .)

.bss            0x008044c8       0xbb
                0x008044c8                PROVIDE (__bss_start, .)
 *(.bss)
 *(.bss*)
 .bss.smart_icon_serial.5548
                0x008044c8        0x2 main.o
 .bss.lpm60_flag
                0x008044ca        0x1 main.o
                0x008044ca                lpm60_flag
 .bss.lpm50_flag
                0x008044cb        0x1 main.o
                0x008044cb                lpm50_flag
 .bss.lpm40_flag
                0x008044cc        0x1 main.o
                0x008044cc                lpm40_flag
 .bss.lpm30_flag
                0x008044cd        0x1 main.o
                0x008044cd                lpm30_flag
 .bss.lpm20_flag
                0x008044ce        0x1 main.o
                0x008044ce                lpm20_flag
 .bss.Duty_cycle
                0x008044cf        0x2 main.o
                0x008044cf                Duty_cycle
 .bss.long_press_pwms_set
                0x008044d1        0x4 main.o
                0x008044d1                long_press_pwms_set
 .bss.pwm_value
                0x008044d5        0x1 main.o
                0x008044d5                pwm_value
 .bss.countRunTime
                0x008044d6        0x1 main.o
                0x008044d6                countRunTime
 .bss.mode_button_flag
                0x008044d7        0x1 main.o
                0x008044d7                mode_button_flag
 .bss.value_decrement_flag
                0x008044d8        0x1 main.o
                0x008044d8                value_decrement_flag
 .bss.value_increment_flag
                0x008044d9        0x1 main.o
                0x008044d9                value_increment_flag
 .bss.return_val
                0x008044da        0x2 main.o
                0x008044da                return_val
 .bss.smart_switch_timmer
                0x008044dc        0x4 main.o
                0x008044dc                smart_switch_timmer
 .bss.power_save_motor_on_timmer
                0x008044e0        0x4 main.o
                0x008044e0                power_save_motor_on_timmer
 .bss.power_save_icon_blink_flag
                0x008044e4        0x1 main.o
                0x008044e4                power_save_icon_blink_flag
 .bss.power_save_mode_on_flag
                0x008044e5        0x1 main.o
                0x008044e5                power_save_mode_on_flag
 .bss.power_save_timer_on_flag
                0x008044e6        0x1 main.o
                0x008044e6                power_save_timer_on_flag
 .bss.foot_switch_press_count
                0x008044e7        0x1 main.o
                0x008044e7                foot_switch_press_count
 .bss.smart_switch_cont_motor_on_flag
                0x008044e8        0x1 main.o
                0x008044e8                smart_switch_cont_motor_on_flag
 .bss.smart_switch_normal_motor_on_flag
                0x008044e9        0x1 main.o
                0x008044e9                smart_switch_normal_motor_on_flag
 .bss.foot_switch_detect_isr_flag
                0x008044ea        0x1 main.o
                0x008044ea                foot_switch_detect_isr_flag
 .bss.foot_switch_release_flag
                0x008044eb        0x1 main.o
                0x008044eb                foot_switch_release_flag
 .bss.foot_switch_press_flag
                0x008044ec        0x1 main.o
                0x008044ec                foot_switch_press_flag
 .bss.foot_switch_connected_flag
                0x008044ed        0x1 main.o
                0x008044ed                foot_switch_connected_flag
 .bss.smart_switch_delete_flag
                0x008044ee        0x1 main.o
                0x008044ee                smart_switch_delete_flag
 .bss.smart_switch_icon_update_flag
                0x008044ef        0x1 main.o
                0x008044ef                smart_switch_icon_update_flag
 .bss.previous_power_save_mode_flag
                0x008044f0        0x1 main.o
                0x008044f0                previous_power_save_mode_flag
 .bss.update_bar_flag
                0x008044f1        0x1 main.o
                0x008044f1                update_bar_flag
 .bss.unit_icon_update_flag
                0x008044f2        0x1 main.o
                0x008044f2                unit_icon_update_flag
 .bss.update_pressure_flag
                0x008044f3        0x1 main.o
                0x008044f3                update_pressure_flag
 .bss.Service_alarm_flag_run
                0x008044f4        0x1 main.o
                0x008044f4                Service_alarm_flag_run
 .bss.Service_alarm_flag
                0x008044f5        0x1 main.o
                0x008044f5                Service_alarm_flag
 .bss.backlit_on_flag
                0x008044f6        0x1 main.o
                0x008044f6                backlit_on_flag
 .bss.ntc_raw_adc
                0x008044f7        0x4 main.o
                0x008044f7                ntc_raw_adc
 .bss.current   0x008044fb        0x4 main.o
                0x008044fb                current
 .bss.R_ntc     0x008044ff        0x4 main.o
                0x008044ff                R_ntc
 .bss.temperature
                0x00804503        0x4 main.o
                0x00804503                temperature
 .bss.voltage   0x00804507        0x4 main.o
                0x00804507                voltage
 .bss.play_pause_button_press_flag
                0x0080450b        0x1 main.o
                0x0080450b                play_pause_button_press_flag
 .bss.button_motor_on_off_flag
                0x0080450c        0x1 main.o
                0x0080450c                button_motor_on_off_flag
 .bss.speed_button_press_flag
                0x0080450d        0x1 main.o
                0x0080450d                speed_button_press_flag
 .bss.unit_button_pressed_flag
                0x0080450e        0x1 main.o
                0x0080450e                unit_button_pressed_flag
 .bss.smart_switch_mode_flag
                0x0080450f        0x1 main.o
                0x0080450f                smart_switch_mode_flag
 .bss.g_currentMillis_runTime
                0x00804510        0x4 main.o
                0x00804510                g_currentMillis_runTime
 .bss.blink_flag
                0x00804514        0x1 main.o
                0x00804514                blink_flag
 .bss._300sec   0x00804515        0x1 main.o
                0x00804515                _300sec
 .bss._1sec     0x00804516        0x1 main.o
                0x00804516                _1sec
 .bss.g_foot_sw_blink_millis
                0x00804517        0x4 main.o
                0x00804517                g_foot_sw_blink_millis
 .bss.millis3   0x0080451b        0x4 main.o
                0x0080451b                millis3
 .bss.millis2   0x0080451f        0x4 main.o
                0x0080451f                millis2
 .bss.millis1   0x00804523        0x4 main.o
                0x00804523                millis1
 .bss.millis    0x00804527        0x4 main.o
                0x00804527                millis
 .bss.currentMillis
                0x0080452b        0x4 main.o
                0x0080452b                currentMillis
 .bss.allowedPressureDifference
                0x0080452f        0x4 main.o
                0x0080452f                allowedPressureDifference
 .bss.currentPressure
                0x00804533        0x4 main.o
                0x00804533                currentPressure
 .bss.previous_pressure
                0x00804537        0x4 main.o
                0x00804537                previous_pressure
 .bss.current_pressure_mpa
                0x0080453b        0x4 main.o
                0x0080453b                current_pressure_mpa
 .bss.current_pressure_cmh2O
                0x0080453f        0x4 main.o
                0x0080453f                current_pressure_cmh2O
 .bss.current_pressure_mmhg
                0x00804543        0x4 main.o
                0x00804543                current_pressure_mmhg
 .bss.previous_uc_ams_reset_flag
                0x00804547        0x1 main.o
                0x00804547                previous_uc_ams_reset_flag
 .bss.previous_soft_hard_reset_flag
                0x00804548        0x1 main.o
                0x00804548                previous_soft_hard_reset_flag
 .bss.timeout_count
                0x00804549        0x2 main.o
                0x00804549                timeout_count
 .bss.i2c_timeout_flag
                0x0080454b        0x1 main.o
                0x0080454b                i2c_timeout_flag
 *(COMMON)
 COMMON         0x0080454c       0x33 main.o
                0x0080454c                buff
                0x0080457e                alarm_motor_temp_flag
 COMMON         0x0080457f        0x4 c:/program files (x86)/atmel/studio/7.0/toolchain/avr8/avr8-gnu-toolchain/bin/../lib/gcc/avr/5.4.0/../../../../avr/lib/avrxmega4\libc.a(malloc.o)
                0x0080457f                __brkval
                0x00804581                __flp
                0x00804583                PROVIDE (__bss_end, .)
                0x00006530                __data_load_start = LOADADDR (.data)
                0x000069f8                __data_load_end = (__data_load_start + SIZEOF (.data))

.noinit         0x00804583        0x0
                [!provide]                PROVIDE (__noinit_start, .)
 *(.noinit*)
                [!provide]                PROVIDE (__noinit_end, .)
                0x00804583                _end = .
                0x00804583                PROVIDE (__heap_start, .)

.eeprom         0x00810000        0x0
 *(.eeprom*)
                0x00810000                __eeprom_end = .

.fuse
 *(.fuse)
 *(.lfuse)
 *(.hfuse)
 *(.efuse)

.lock
 *(.lock*)

.signature
 *(.signature*)

.user_signatures
 *(.user_signatures*)

.stab
 *(.stab)

.stabstr
 *(.stabstr)

.stab.excl
 *(.stab.excl)

.stab.exclstr
 *(.stab.exclstr)

.stab.index
 *(.stab.index)

.stab.indexstr
 *(.stab.indexstr)

.comment        0x00000000       0x30
 *(.comment)
 .comment       0x00000000       0x30 main.o
                                 0x31 (size before relaxing)
 .comment       0x00000030       0x31 c:/program files (x86)/atmel/studio/7.0/toolchain/avr8/avr8-gnu-toolchain/bin/../lib/gcc/avr/5.4.0/../../../../avr/lib/avrxmega4\libc.a(calloc.o)
 .comment       0x00000030       0x31 c:/program files (x86)/atmel/studio/7.0/toolchain/avr8/avr8-gnu-toolchain/bin/../lib/gcc/avr/5.4.0/../../../../avr/lib/avrxmega4\libc.a(malloc.o)
 .comment       0x00000030       0x31 c:/program files (x86)/atmel/studio/7.0/toolchain/avr8/avr8-gnu-toolchain/bin/../lib/gcc/avr/5.4.0/../../../../avr/lib/avrxmega4\libc.a(realloc.o)

.note.gnu.avr.deviceinfo
                0x00000000       0x40
 .note.gnu.avr.deviceinfo
                0x00000000       0x40 C:/Program Files (x86)/Atmel/Studio/7.0/Packs/Atmel/AVR-Dx_DFP/1.9.103/gcc/dev/avr128da48/avrxmega4/crtavr128da48.o

.note.gnu.build-id
 *(.note.gnu.build-id)

.debug
 *(.debug)

.line
 *(.line)

.debug_srcinfo
 *(.debug_srcinfo)

.debug_sfnames
 *(.debug_sfnames)

.debug_aranges  0x00000000      0x438
 *(.debug_aranges)
 .debug_aranges
                0x00000000      0x3d8 main.o
 .debug_aranges
                0x000003d8       0x20 C:/Program Files (x86)/Atmel/Studio/7.0/Packs/Atmel/AVR-Dx_DFP/1.9.103/gcc/dev/avr128da48/avrxmega4\libavr128da48.a(eerd_byte.o)
 .debug_aranges
                0x000003f8       0x20 C:/Program Files (x86)/Atmel/Studio/7.0/Packs/Atmel/AVR-Dx_DFP/1.9.103/gcc/dev/avr128da48/avrxmega4\libavr128da48.a(eerd_dword.o)
 .debug_aranges
                0x00000418       0x20 C:/Program Files (x86)/Atmel/Studio/7.0/Packs/Atmel/AVR-Dx_DFP/1.9.103/gcc/dev/avr128da48/avrxmega4\libavr128da48.a(ccp_write.o)

.debug_pubnames
 *(.debug_pubnames)

.debug_info     0x00000000     0x9e17
 *(.debug_info .gnu.linkonce.wi.*)
 .debug_info    0x00000000     0x2c24 C:/Program Files (x86)/Atmel/Studio/7.0/Packs/Atmel/AVR-Dx_DFP/1.9.103/gcc/dev/avr128da48/avrxmega4/crtavr128da48.o
 .debug_info    0x00002c24     0x7015 main.o
 .debug_info    0x00009c39       0x9f C:/Program Files (x86)/Atmel/Studio/7.0/Packs/Atmel/AVR-Dx_DFP/1.9.103/gcc/dev/avr128da48/avrxmega4\libavr128da48.a(eerd_byte.o)
 .debug_info    0x00009cd8       0xa0 C:/Program Files (x86)/Atmel/Studio/7.0/Packs/Atmel/AVR-Dx_DFP/1.9.103/gcc/dev/avr128da48/avrxmega4\libavr128da48.a(eerd_dword.o)
 .debug_info    0x00009d78       0x9f C:/Program Files (x86)/Atmel/Studio/7.0/Packs/Atmel/AVR-Dx_DFP/1.9.103/gcc/dev/avr128da48/avrxmega4\libavr128da48.a(ccp_write.o)

.debug_abbrev   0x00000000     0x2f48
 *(.debug_abbrev)
 .debug_abbrev  0x00000000     0x29ce C:/Program Files (x86)/Atmel/Studio/7.0/Packs/Atmel/AVR-Dx_DFP/1.9.103/gcc/dev/avr128da48/avrxmega4/crtavr128da48.o
 .debug_abbrev  0x000029ce      0x53e main.o
 .debug_abbrev  0x00002f0c       0x14 C:/Program Files (x86)/Atmel/Studio/7.0/Packs/Atmel/AVR-Dx_DFP/1.9.103/gcc/dev/avr128da48/avrxmega4\libavr128da48.a(eerd_byte.o)
 .debug_abbrev  0x00002f20       0x14 C:/Program Files (x86)/Atmel/Studio/7.0/Packs/Atmel/AVR-Dx_DFP/1.9.103/gcc/dev/avr128da48/avrxmega4\libavr128da48.a(eerd_dword.o)
 .debug_abbrev  0x00002f34       0x14 C:/Program Files (x86)/Atmel/Studio/7.0/Packs/Atmel/AVR-Dx_DFP/1.9.103/gcc/dev/avr128da48/avrxmega4\libavr128da48.a(ccp_write.o)

.debug_line     0x00000000     0x38e2
 *(.debug_line .debug_line.* .debug_line_end)
 .debug_line    0x00000000      0x1f3 C:/Program Files (x86)/Atmel/Studio/7.0/Packs/Atmel/AVR-Dx_DFP/1.9.103/gcc/dev/avr128da48/avrxmega4/crtavr128da48.o
 .debug_line    0x000001f3     0x35a1 main.o
 .debug_line    0x00003794       0x79 C:/Program Files (x86)/Atmel/Studio/7.0/Packs/Atmel/AVR-Dx_DFP/1.9.103/gcc/dev/avr128da48/avrxmega4\libavr128da48.a(eerd_byte.o)
 .debug_line    0x0000380d       0x6e C:/Program Files (x86)/Atmel/Studio/7.0/Packs/Atmel/AVR-Dx_DFP/1.9.103/gcc/dev/avr128da48/avrxmega4\libavr128da48.a(eerd_dword.o)
 .debug_line    0x0000387b       0x67 C:/Program Files (x86)/Atmel/Studio/7.0/Packs/Atmel/AVR-Dx_DFP/1.9.103/gcc/dev/avr128da48/avrxmega4\libavr128da48.a(ccp_write.o)

.debug_frame    0x00000000      0xf28
 *(.debug_frame)
 .debug_frame   0x00000000      0xf28 main.o

.debug_str      0x00000000     0x3bd6
 *(.debug_str)
 .debug_str     0x00000000     0x1320 C:/Program Files (x86)/Atmel/Studio/7.0/Packs/Atmel/AVR-Dx_DFP/1.9.103/gcc/dev/avr128da48/avrxmega4/crtavr128da48.o
 .debug_str     0x00001320     0x28b6 main.o
                               0x2b29 (size before relaxing)

.debug_loc      0x00000000     0x3fdb
 *(.debug_loc)
 .debug_loc     0x00000000     0x3fdb main.o

.debug_macinfo
 *(.debug_macinfo)

.debug_weaknames
 *(.debug_weaknames)

.debug_funcnames
 *(.debug_funcnames)

.debug_typenames
 *(.debug_typenames)

.debug_varnames
 *(.debug_varnames)

.debug_pubtypes
 *(.debug_pubtypes)

.debug_ranges   0x00000000      0x428
 *(.debug_ranges)
 .debug_ranges  0x00000000      0x428 main.o

.debug_macro
 *(.debug_macro)
OUTPUT(Dc_suction_pump.elf elf32-avr)
LOAD linker stubs
