Archive member included to satisfy reference by file (symbol)

c:/program files (x86)/atmel/studio/7.0/toolchain/avr8/avr8-gnu-toolchain/bin/../lib/gcc/avr/5.4.0/../../../../avr/lib/avrxmega4\libm.a(addsf3.o)
                              main.o (__subsf3)
c:/program files (x86)/atmel/studio/7.0/toolchain/avr8/avr8-gnu-toolchain/bin/../lib/gcc/avr/5.4.0/../../../../avr/lib/avrxmega4\libm.a(addsf3x.o)
                              c:/program files (x86)/atmel/studio/7.0/toolchain/avr8/avr8-gnu-toolchain/bin/../lib/gcc/avr/5.4.0/../../../../avr/lib/avrxmega4\libm.a(addsf3.o) (__addsf3x)
c:/program files (x86)/atmel/studio/7.0/toolchain/avr8/avr8-gnu-toolchain/bin/../lib/gcc/avr/5.4.0/../../../../avr/lib/avrxmega4\libm.a(cmpsf2.o)
                              main.o (__eqsf2)
c:/program files (x86)/atmel/studio/7.0/toolchain/avr8/avr8-gnu-toolchain/bin/../lib/gcc/avr/5.4.0/../../../../avr/lib/avrxmega4\libm.a(divsf3.o)
                              main.o (__divsf3)
c:/program files (x86)/atmel/studio/7.0/toolchain/avr8/avr8-gnu-toolchain/bin/../lib/gcc/avr/5.4.0/../../../../avr/lib/avrxmega4\libm.a(divsf3x.o)
                              c:/program files (x86)/atmel/studio/7.0/toolchain/avr8/avr8-gnu-toolchain/bin/../lib/gcc/avr/5.4.0/../../../../avr/lib/avrxmega4\libm.a(divsf3.o) (__divsf3x)
c:/program files (x86)/atmel/studio/7.0/toolchain/avr8/avr8-gnu-toolchain/bin/../lib/gcc/avr/5.4.0/../../../../avr/lib/avrxmega4\libm.a(fixsfsi.o)
                              main.o (__fixsfsi)
c:/program files (x86)/atmel/studio/7.0/toolchain/avr8/avr8-gnu-toolchain/bin/../lib/gcc/avr/5.4.0/../../../../avr/lib/avrxmega4\libm.a(fixunssfsi.o)
                              main.o (__fixunssfsi)
c:/program files (x86)/atmel/studio/7.0/toolchain/avr8/avr8-gnu-toolchain/bin/../lib/gcc/avr/5.4.0/../../../../avr/lib/avrxmega4\libm.a(floatsisf.o)
                              main.o (__floatunsisf)
c:/program files (x86)/atmel/studio/7.0/toolchain/avr8/avr8-gnu-toolchain/bin/../lib/gcc/avr/5.4.0/../../../../avr/lib/avrxmega4\libm.a(fp_cmp.o)
                              c:/program files (x86)/atmel/studio/7.0/toolchain/avr8/avr8-gnu-toolchain/bin/../lib/gcc/avr/5.4.0/../../../../avr/lib/avrxmega4\libm.a(cmpsf2.o) (__fp_cmp)
c:/program files (x86)/atmel/studio/7.0/toolchain/avr8/avr8-gnu-toolchain/bin/../lib/gcc/avr/5.4.0/../../../../avr/lib/avrxmega4\libm.a(fp_inf.o)
                              c:/program files (x86)/atmel/studio/7.0/toolchain/avr8/avr8-gnu-toolchain/bin/../lib/gcc/avr/5.4.0/../../../../avr/lib/avrxmega4\libm.a(addsf3x.o) (__fp_inf)
c:/program files (x86)/atmel/studio/7.0/toolchain/avr8/avr8-gnu-toolchain/bin/../lib/gcc/avr/5.4.0/../../../../avr/lib/avrxmega4\libm.a(fp_nan.o)
                              c:/program files (x86)/atmel/studio/7.0/toolchain/avr8/avr8-gnu-toolchain/bin/../lib/gcc/avr/5.4.0/../../../../avr/lib/avrxmega4\libm.a(addsf3x.o) (__fp_nan)
c:/program files (x86)/atmel/studio/7.0/toolchain/avr8/avr8-gnu-toolchain/bin/../lib/gcc/avr/5.4.0/../../../../avr/lib/avrxmega4\libm.a(fp_pscA.o)
                              c:/program files (x86)/atmel/studio/7.0/toolchain/avr8/avr8-gnu-toolchain/bin/../lib/gcc/avr/5.4.0/../../../../avr/lib/avrxmega4\libm.a(addsf3x.o) (__fp_pscA)
c:/program files (x86)/atmel/studio/7.0/toolchain/avr8/avr8-gnu-toolchain/bin/../lib/gcc/avr/5.4.0/../../../../avr/lib/avrxmega4\libm.a(fp_pscB.o)
                              c:/program files (x86)/atmel/studio/7.0/toolchain/avr8/avr8-gnu-toolchain/bin/../lib/gcc/avr/5.4.0/../../../../avr/lib/avrxmega4\libm.a(addsf3x.o) (__fp_pscB)
c:/program files (x86)/atmel/studio/7.0/toolchain/avr8/avr8-gnu-toolchain/bin/../lib/gcc/avr/5.4.0/../../../../avr/lib/avrxmega4\libm.a(fp_round.o)
                              c:/program files (x86)/atmel/studio/7.0/toolchain/avr8/avr8-gnu-toolchain/bin/../lib/gcc/avr/5.4.0/../../../../avr/lib/avrxmega4\libm.a(addsf3.o) (__fp_round)
c:/program files (x86)/atmel/studio/7.0/toolchain/avr8/avr8-gnu-toolchain/bin/../lib/gcc/avr/5.4.0/../../../../avr/lib/avrxmega4\libm.a(fp_split3.o)
                              c:/program files (x86)/atmel/studio/7.0/toolchain/avr8/avr8-gnu-toolchain/bin/../lib/gcc/avr/5.4.0/../../../../avr/lib/avrxmega4\libm.a(addsf3x.o) (__fp_split3)
c:/program files (x86)/atmel/studio/7.0/toolchain/avr8/avr8-gnu-toolchain/bin/../lib/gcc/avr/5.4.0/../../../../avr/lib/avrxmega4\libm.a(fp_zero.o)
                              c:/program files (x86)/atmel/studio/7.0/toolchain/avr8/avr8-gnu-toolchain/bin/../lib/gcc/avr/5.4.0/../../../../avr/lib/avrxmega4\libm.a(addsf3x.o) (__fp_zero)
c:/program files (x86)/atmel/studio/7.0/toolchain/avr8/avr8-gnu-toolchain/bin/../lib/gcc/avr/5.4.0/../../../../avr/lib/avrxmega4\libm.a(gesf2.o)
                              main.o (__gtsf2)
c:/program files (x86)/atmel/studio/7.0/toolchain/avr8/avr8-gnu-toolchain/bin/../lib/gcc/avr/5.4.0/../../../../avr/lib/avrxmega4\libm.a(log.o)
                              main.o (log)
[...]
Memory Configuration

Name             Origin             Length             Attributes
text             0x00000000         0x00020000         xr
data             0x00804000         0x00004000         rw !x
eeprom           0x00810000         0x00000200         rw !x
fuse             0x00820000         0x00000010         rw !x
lock             0x00830000         0x00000400         rw !x
signature        0x00840000         0x00000400         rw !x
user_signatures  0x00850000         0x00000400         rw !x
*default*        0x00000000         0xffffffff

Linker script and memory map

Address of section .data set to 0x804000
                0x00008000                __RODATA_PM_OFFSET__ = 0x8000
LOAD C:/Program Files (x86)/Atmel/Studio/7.0/Packs/Atmel/AVR-Dx_DFP/1.9.103/gcc/dev/avr128da48/avrxmega4/crtavr128da48.o
LOAD main.o
START GROUP
LOAD c:/program files (x86)/atmel/studio/7.0/toolchain/avr8/avr8-gnu-toolchain/bin/../lib/gcc/avr/5.4.0/../../../../avr/lib/avrxmega4\libm.a
END GROUP
START GROUP
LOAD c:/program files (x86)/atmel/studio/7.0/toolchain/avr8/avr8-gnu-toolchain/bin/../lib/gcc/avr/5.4.0/avrxmega4\libgcc.a
LOAD c:/program files (x86)/atmel/studio/7.0/toolchain/avr8/avr8-gnu-toolchain/bin/../lib/gcc/avr/5.4.0/../../../../avr/lib/avrxmega4\libm.a
LOAD c:/program files (x86)/atmel/studio/7.0/toolchain/avr8/avr8-gnu-toolchain/bin/../lib/gcc/avr/5.4.0/../../../../avr/lib/avrxmega4\libc.a
LOAD C:/Program Files (x86)/Atmel/Studio/7.0/Packs/Atmel/AVR-Dx_DFP/1.9.103/gcc/dev/avr128da48/avrxmega4\libavr128da48.a
END GROUP
                [0x00000000]                __TEXT_REGION_ORIGIN__ = DEFINED (__TEXT_REGION_ORIGIN__)?__TEXT_REGION_ORIGIN__:0x0
                [0x00804000]                __DATA_REGION_ORIGIN__ = DEFINED (__DATA_REGION_ORIGIN__)?__DATA_REGION_ORIGIN__:0x802000
                [0x00020000]                __TEXT_REGION_LENGTH__ = DEFINED (__TEXT_REGION_LENGTH__)?__TEXT_REGION_LENGTH__:0x100000
                [0x00004000]                __DATA_REGION_LENGTH__ = DEFINED (__DATA_REGION_LENGTH__)?__DATA_REGION_LENGTH__:0xffa0
                [0x00000200]                __EEPROM_REGION_LENGTH__ = DEFINED (__EEPROM_REGION_LENGTH__)?__EEPROM_REGION_LENGTH__:0x10000
                [0x00000010]                __FUSE_REGION_LENGTH__ = DEFINED (__FUSE_REGION_LENGTH__)?__FUSE_REGION_LENGTH__:0x400
                0x00000400                __LOCK_REGION_LENGTH__ = DEFINED (__LOCK_REGION_LENGTH__)?__LOCK_REGION_LENGTH__:0x400
                0x00000400                __SIGNATURE_REGION_LENGTH__ = DEFINED (__SIGNATURE_REGION_LENGTH__)?__SIGNATURE_REGION_LENGTH__:0x400
                0x00000400                __USER_SIGNATURE_REGION_LENGTH__ = DEFINED (__USER_SIGNATURE_REGION_LENGTH__)?__USER_SIGNATURE_REGION_LENGTH__:0x400

.hash
 *(.hash)

.dynsym
 *(.dynsym)

.dynstr
 *(.dynstr)

.gnu.version
 *(.gnu.version)

.gnu.version_d
 *(.gnu.version_d)

.gnu.version_r
 *(.gnu.version_r)

.rel.init
 *(.rel.init)

.rela.init
 *(.rela.init)

.rel.text
 *(.rel.text)
 *(.rel.text.*)
 *(.rel.gnu.linkonce.t*)

.rela.text
 *(.rela.text)
 *(.rela.text.*)
 *(.rela.gnu.linkonce.t*)

.rel.fini
 *(.rel.fini)

.rela.fini
 *(.rela.fini)

.rel.rodata
 *(.rel.rodata)
 *(.rel.rodata.*)
 *(.rel.gnu.linkonce.r*)

.rela.rodata
 *(.rela.rodata)
 *(.rela.rodata.*)
 *(.rela.gnu.linkonce.r*)

.rel.data
 *(.rel.data)
 *(.rel.data.*)
 *(.rel.gnu.linkonce.d*)

.rela.data
 *(.rela.data)
 *(.rela.data.*)
 *(.rela.gnu.linkonce.d*)

.rel.ctors
 *(.rel.ctors)

.rela.ctors
 *(.rela.ctors)

.rel.dtors
 *(.rel.dtors)

.rela.dtors
 *(.rela.dtors)

.rel.got
 *(.rel.got)

.rela.got
 *(.rela.got)

.rel.bss
 *(.rel.bss)

.rela.bss
 *(.rela.bss)

.rel.plt
 *(.rel.plt)

.rela.plt
 *(.rela.plt)

.text           0x00000000     0x61f0
 *(.vectors)
 .vectors       0x00000000       0xe8 C:/Program Files (x86)/Atmel/Studio/7.0/Packs/Atmel/AVR-Dx_DFP/1.9.103/gcc/dev/avr128da48/avrxmega4/crtavr128da48.o
                0x00000000                __vector_default
                0x00000000                __vectors
 *(.vectors)
 *(.progmem.gcc*)
 .progmem.gcc_fplib
                0x000000e8       0x5a c:/program files (x86)/atmel/studio/7.0/toolchain/avr8/avr8-gnu-toolchain/bin/../lib/gcc/avr/5.4.0/../../../../avr/lib/avrxmega4\libm.a(log.o)
                0x00000142                . = ALIGN (0x2)
                0x00000142                __trampolines_start = .
 *(.trampolines)
 .trampolines   0x00000142        0x0 linker stubs
 *(.trampolines*)
                0x00000142                __trampolines_end = .
 *libprintf_flt.a:*(.progmem.data)
 *libc.a:*(.progmem.data)
 *(.progmem*)
 .progmem.data.Pattern_font_30x64
                0x00000142       0xf0 main.o
                0x00000142                Pattern_font_30x64
 .progmem.data.Special_font_30x64
                0x00000232       0xf0 main.o
                0x00000232                Special_font_30x64
 .progmem.data.In_font_30x24
                0x00000322       0x5a main.o
                0x00000322                In_font_30x24
 .progmem.data.Button_font_30x64
                0x0000037c       0xf0 main.o
                0x0000037c                Button_font_30x64
 .progmem.data.Press_font_20x48
                0x0000046c       0x78 main.o
                0x0000046c                Press_font_20x48
 .progmem.data.jersey_numerical_font_24x24_po
                0x000004e4      0x2d0 main.o
                0x000004e4                jersey_numerical_font_24x24_po
 .progmem.data.Run_font_30x32
                0x000007b4       0x78 main.o
                0x000007b4                Run_font_30x32
 .progmem.data.Total_font_30x48
                0x0000082c       0xb4 main.o
                0x0000082c                Total_font_30x48
 .progmem.data.Hours_font_30x48
                0x000008e0       0xb4 main.o
                0x000008e0                Hours_font_30x48
 .progmem.data.Service_font_30x64
                0x00000994       0xf0 main.o
                0x00000994                Service_font_30x64
 .progmem.data.s_alphabet_17X17
                0x00000a84       0x33 main.o
                0x00000a84                s_alphabet_17X17
 .progmem.data.arial_numerical_font_49x40
                0x00000ab7      0x992 main.o
                0x00000ab7                arial_numerical_font_49x40
 .progmem.data.arial_numerical_temp_6_49x40
                0x00001449       0xf5 main.o
                0x00001449                arial_numerical_temp_6_49x40
 .progmem.data.arial_numerical_temp_5_49x40
                0x0000153e       0xf5 main.o
                0x0000153e                arial_numerical_temp_5_49x40
 .progmem.data.arial_numerical_temp_4_49x40
                0x00001633       0xf5 main.o
                0x00001633                arial_numerical_temp_4_49x40
 .progmem.data.arial_numerical_temp_3_49x40
                0x00001728       0xf5 main.o
                0x00001728                arial_numerical_temp_3_49x40
 .progmem.data.jersey_numerical_temp_0_49x40
                0x0000181d       0xf5 main.o
                0x0000181d                jersey_numerical_temp_0_49x40
 .progmem.data.animation_3_foot_24x33
                0x00001912       0x78 main.o
                0x00001912                animation_3_foot_24x33
 .progmem.data.animation_2_foot_24x33
                0x0000198a       0x78 main.o
                0x0000198a                animation_2_foot_24x33
 .progmem.data.animation_1_foot_24x33
                0x00001a02       0x78 main.o
                0x00001a02                animation_1_foot_24x33
 .progmem.data.temp_lpm_15x36
                0x00001a7a       0x4b main.o
                0x00001a7a                temp_lpm_15x36
 .progmem.data.temp_powersave_27x40
                0x00001ac5       0x87 main.o
                0x00001ac5                temp_powersave_27x40
 .progmem.data.temp_decimal_1_6x8
                0x00001b4c        0x6 main.o
                0x00001b4c                temp_decimal_1_6x8
 .progmem.data.temp_mpa_14x54
                0x00001b52       0x62 main.o
                0x00001b52                temp_mpa_14x54
 .progmem.data.temp_cmh2o_13x54
                0x00001bb4       0x5b main.o
                0x00001bb4                temp_cmh2o_13x54
 .progmem.data.temp_2_mmhg_13x48
                0x00001c0f       0x4e main.o
                0x00001c0f                temp_2_mmhg_13x48
 .progmem.data.POWER_ON_48X8
                0x00001c5d       0x30 main.o
                0x00001c5d                POWER_ON_48X8
 .progmem.data.AgVa_logo_56x30
                0x00001c8d       0xd2 main.o
                0x00001c8d                AgVa_logo_56x30
 .progmem.data.service_required_26x32
                0x00001d5f       0x68 main.o
                0x00001d5f                service_required_26x32
                0x00001dc8                . = ALIGN (0x2)
 *fill*         0x00001dc7        0x1 
 *(.jumptables)
 *(.jumptables*)
 *(.lowtext)
 *(.lowtext*)
                0x00001dc8                __ctors_start = .
 *(.ctors)
                0x00001dc8                __ctors_end = .
                0x00001dc8                __dtors_start = .
 *(.dtors)
                0x00001dc8                __dtors_end = .
 SORT(*)(.ctors)
 SORT(*)(.dtors)
 *(.init0)
 .init0         0x00001dc8        0x0 C:/Program Files (x86)/Atmel/Studio/7.0/Packs/Atmel/AVR-Dx_DFP/1.9.103/gcc/dev/avr128da48/avrxmega4/crtavr128da48.o
                0x00001dc8                __init
 *(.init0)
 *(.init1)
 *(.init1)
 *(.init2)
 .init2         0x00001dc8        0xc C:/Program Files (x86)/Atmel/Studio/7.0/Packs/Atmel/AVR-Dx_DFP/1.9.103/gcc/dev/avr128da48/avrxmega4/crtavr128da48.o
 *(.init2)
 *(.init3)
 *(.init3)
 *(.init4)
 .init4         0x00001dd4       0x1a c:/program files (x86)/atmel/studio/7.0/toolchain/avr8/avr8-gnu-toolchain/bin/../lib/gcc/avr/5.4.0/avrxmega4\libgcc.a(_copy_data.o)
                0x00001dd4                __do_copy_data
 .init4         0x00001dee       0x10 c:/program files (x86)/atmel/studio/7.0/toolchain/avr8/avr8-gnu-toolchain/bin/../lib/gcc/avr/5.4.0/avrxmega4\libgcc.a(_clear_bss.o)
                0x00001dee                __do_clear_bss
 *(.init4)
 *(.init5)
 *(.init5)
 *(.init6)
 *(.init6)
 *(.init7)
 *(.init7)
 *(.init8)
 *(.init8)
 *(.init9)
 .init9         0x00001dfe        0x8 C:/Program Files (x86)/Atmel/Studio/7.0/Packs/Atmel/AVR-Dx_DFP/1.9.103/gcc/dev/avr128da48/avrxmega4/crtavr128da48.o
 *(.init9)
 *(.text)
 .text          0x00001e06        0x4 C:/Program Files (x86)/Atmel/Studio/7.0/Packs/Atmel/AVR-Dx_DFP/1.9.103/gcc/dev/avr128da48/avrxmega4/crtavr128da48.o
                0x00001e06                __vector_38
                0x00001e06                __vector_22
                0x00001e06                __vector_28
                0x00001e06                __vector_1
                0x00001e06                __vector_32
                0x00001e06                __vector_24
                0x00001e06                __vector_12
                0x00001e06                __vector_55
                0x00001e06                __vector_46
                0x00001e06                __bad_interrupt
                0x00001e06                __vector_6
                0x00001e06                __vector_31
                0x00001e06                __vector_35
                0x00001e06                __vector_39
                0x00001e06                __vector_3
                0x00001e06                __vector_23
                0x00001e06                __vector_25
                0x00001e06                __vector_11
                0x00001e06                __vector_54
                0x00001e06                __vector_17
                0x00001e06                __vector_19
                0x00001e06                __vector_56
                0x00001e06                __vector_7
                0x00001e06                __vector_49
                0x00001e06                __vector_41
                0x00001e06                __vector_43
                0x00001e06                __vector_27
                0x00001e06                __vector_5
                0x00001e06                __vector_33
                0x00001e06                __vector_47
                0x00001e06                __vector_52
                0x00001e06                __vector_37
                0x00001e06                __vector_4
                0x00001e06                __vector_44
                0x00001e06                __vector_51
                0x00001e06                __vector_9
                0x00001e06                __vector_2
                0x00001e06                __vector_21
                0x00001e06                __vector_15
                0x00001e06                __vector_36
                0x00001e06                __vector_40
                0x00001e06                __vector_8
                0x00001e06                __vector_26
                0x00001e06                __vector_48
                0x00001e06                __vector_14
                0x00001e06                __vector_57
                0x00001e06                __vector_53
                0x00001e06                __vector_10
                0x00001e06                __vector_50
                0x00001e06                __vector_16
                0x00001e06                __vector_18
                0x00001e06                __vector_20
                0x00001e06                __vector_42
                0x00001e0a                . = ALIGN (0x2)
 *(.text.*)
 .text.reverse  0x00001e0a       0x2e main.o
                0x00001e0a                reverse
 .text.intToStr
                0x00001e38       0x7e main.o
                0x00001e38                intToStr
 .text.USART1_init
                0x00001eb6       0x56 main.o
                0x00001eb6                USART1_init
 .text.USART1_sendChar
                0x00001f0c        0xe main.o
                0x00001f0c                USART1_sendChar
 .text.USART1_sendString
                0x00001f1a       0x42 main.o
                0x00001f1a                USART1_sendString
 .text.USART1_sendString_without_newline
                0x00001f5c       0x3c main.o
                0x00001f5c                USART1_sendString_without_newline
 .text.USART1_sendInt
                0x00001f98       0x16 main.o
                0x00001f98                USART1_sendInt
 .text.SPI_0_init
                0x00001fae       0x38 main.o
                0x00001fae                SPI_0_init
 .text.SPI_0_send_char
                0x00001fe6        0xe main.o
                0x00001fe6                SPI_0_send_char
 .text.SPI_0_send_array
                0x00001ff4       0x2c main.o
                0x00001ff4                SPI_0_send_array
 .text.I2C_0_stop_transmission
                0x00002020        0xe main.o
                0x00002020                I2C_0_stop_transmission
 .text.I2C_0_initialization
                0x0000202e       0x18 main.o
                0x0000202e                I2C_0_initialization
 .text.I2C_0_master_initialization
                0x00002046       0x1a main.o
                0x00002046                I2C_0_master_initialization
 .text.I2C_0_sendAddress
                0x00002060       0x90 main.o
                0x00002060                I2C_0_sendAddress
 .text.I2C_0_recieveData
                0x000020f0       0x52 main.o
                0x000020f0                I2C_0_recieveData
 .text.ADC0_init
                0x00002142       0x16 main.o
                0x00002142                ADC0_init
 .text.ADC0_start
                0x00002158        0x8 main.o
                0x00002158                ADC0_start
 .text.ADC0_read
                0x00002160       0x1a main.o
                0x00002160                ADC0_read
 .text.AMS_5812_init
                0x0000217a       0x1a main.o
                0x0000217a                AMS_5812_init
 .text.AMS_raw  0x00002194       0x2e main.o
                0x00002194                AMS_raw
 .text.AMS_5812_psi_read
                0x000021c2       0x1e main.o
                0x000021c2                AMS_5812_psi_read
 .text.AMS_mmhg_average
                0x000021e0       0x68 main.o
                0x000021e0                AMS_mmhg_average
 .text.UC1698U_gpio_init
                0x00002248       0x20 main.o
                0x00002248                UC1698U_gpio_init
 .text.UC1698U_SEND_ARRAY_DATA
                0x00002268       0x28 main.o
                0x00002268                UC1698U_SEND_ARRAY_DATA
 .text.UC1698U_SEND_BYTE_DATA
                0x00002290       0x28 main.o
                0x00002290                UC1698U_SEND_BYTE_DATA
 .text.UC1698U_SEND_CMD
                0x000022b8       0x3a main.o
                0x000022b8                UC1698U_SEND_CMD
 .text.UC1698U_SEND_CMD_DATA
                0x000022f2       0x3a main.o
                0x000022f2                UC1698U_SEND_CMD_DATA
 .text.set_row_addr
                0x0000232c       0x20 main.o
                0x0000232c                set_row_addr
 .text.set_colm_addr
                0x0000234c       0x1a main.o
                0x0000234c                set_colm_addr
 .text.window_program_start_end_colm_row_addr
                0x00002366       0x54 main.o
                0x00002366                window_program_start_end_colm_row_addr
 .text.set_all_pixel_off
                0x000023ba       0x2c main.o
                0x000023ba                set_all_pixel_off
 .text.UC1698U_init
                0x000023e6       0xfc main.o
                0x000023e6                UC1698U_init
 .text.print_icon
                0x000024e2      0x1ce main.o
                0x000024e2                print_icon
 .text.print_number
                0x000026b0      0x1f2 main.o
                0x000026b0                print_number
 .text.print_double_line
                0x000028a2       0x64 main.o
                0x000028a2                print_double_line
 .text.print_line
                0x00002906       0x64 main.o
                0x00002906                print_line
 .text.draw_filled_rectangle
                0x0000296a       0x68 main.o
                0x0000296a                draw_filled_rectangle
 .text.delete_rectangle
                0x000029d2       0x5a main.o
                0x000029d2                delete_rectangle
 .text.keypad_gpio_init
                0x00002a2c       0x6a main.o
                0x00002a2c                keypad_gpio_init
 .text.unit_change
                0x00002a96       0x64 main.o
                0x00002a96                unit_change
 .text.pwm_change
                0x00002afa      0x474 main.o
                0x00002afa                pwm_change
 .text.MOTOR_ON_OFF
                0x00002f6e       0x8c main.o
                0x00002f6e                MOTOR_ON_OFF
 .text.play_pause_button_main
                0x00002ffa       0x7c main.o
                0x00002ffa                play_pause_button_main
 .text.keypad_main
                0x00003076        0xe main.o
                0x00003076                keypad_main
 .text.dc_suction_pressure_main
                0x00003084      0x228 main.o
                0x00003084                dc_suction_pressure_main
 .text.stp_foot_switch_check
                0x000032ac       0x10 main.o
                0x000032ac                stp_foot_switch_check
 .text.ams_reset
                0x000032bc       0x3a main.o
                0x000032bc                ams_reset
 .text.foot_switch_gpio_init
                0x000032f6       0x1e main.o
                0x000032f6                foot_switch_gpio_init
 .text.foot_switch_init
                0x00003314       0x1a main.o
                0x00003314                foot_switch_init
 .text.foot_switch_detect_check
                0x0000332e       0x48 main.o
                0x0000332e                foot_switch_detect_check
 .text.smart_sensing
                0x00003376      0x206 main.o
                0x00003376                smart_sensing
 .text.power_save_protocol
                0x0000357c      0x1ec main.o
                0x0000357c                power_save_protocol
 .text.foot_switch_sensing
                0x00003768       0x2c main.o
                0x00003768                foot_switch_sensing
 .text.foot_switch_main
                0x00003794       0x1c main.o
                0x00003794                foot_switch_main
 .text.NTC_init
                0x000037b0        0x6 main.o
                0x000037b0                NTC_init
 .text.read_ntc
                0x000037b6      0x15a main.o
                0x000037b6                read_ntc
 .text.TCB1_init
                0x00003910       0x2a main.o
                0x00003910                TCB1_init
 .text.TCB2_init
                0x0000393a       0x2a main.o
                0x0000393a                TCB2_init
 .text.timmer_init
                0x00003964        0xa main.o
                0x00003964                timmer_init
 .text.__vector_13
                0x0000396e       0x6c main.o
                0x0000396e                __vector_13
 .text.__vector_30
                0x000039da      0x114 main.o
                0x000039da                __vector_30
 .text.clear_all_keypad_flags
                0x00003aee       0x16 main.o
                0x00003aee                clear_all_keypad_flags
 .text.lcd_all_icon_update
                0x00003b04        0xc main.o
                0x00003b04                lcd_all_icon_update
 .text.lcd_uc1698u_init
                0x00003b10       0x1e main.o
                0x00003b10                lcd_uc1698u_init
 .text.lcd_icon_update
                0x00003b2e       0x70 main.o
                0x00003b2e                lcd_icon_update
 .text.power_on_screen
                0x00003b9e       0x32 main.o
                0x00003b9e                power_on_screen
 .text.partitions
                0x00003bd0       0x54 main.o
                0x00003bd0                partitions
 .text.EDGE     0x00003c24       0x56 main.o
                0x00003c24                EDGE
 .text.show_mmgh_4digit
                0x00003c7a       0xc0 main.o
                0x00003c7a                show_mmgh_4digit
 .text.cmH20_4digit
                0x00003d3a       0xc0 main.o
                0x00003d3a                cmH20_4digit
 .text.MPa_4digit
                0x00003dfa       0xd2 main.o
                0x00003dfa                MPa_4digit
 .text.numDigits
                0x00003ecc       0x44 main.o
                0x00003ecc                numDigits
 .text.printNumScreen_RightJustified
                0x00003f10      0x180 main.o
                0x00003f10                printNumScreen_RightJustified
 .text.bar_draw_delete_rectangle
                0x00004090       0x5a main.o
                0x00004090                bar_draw_delete_rectangle
 .text.bar_draw_filled_rectangle
                0x000040ea       0x5a main.o
                0x000040ea                bar_draw_filled_rectangle
 .text.lcd_pressure_bar_init
                0x00004144        0xe main.o
                0x00004144                lcd_pressure_bar_init
 .text.lcd_loading_page
                0x00004152       0x8a main.o
                0x00004152                lcd_loading_page
 .text.lcd_pressure_bar_main
                0x000041dc       0x8c main.o
                0x000041dc                lcd_pressure_bar_main
 .text.lcd_uc1698u_main_screen
                0x00004268      0x226 main.o
                0x00004268                lcd_uc1698u_main_screen
 .text.TCA0_PWM_init
                0x0000448e       0x44 main.o
                0x0000448e                TCA0_PWM_init
 .text.set_NVM_command_SPM
                0x000044d2        0xa main.o
                0x000044d2                set_NVM_command_SPM
 .text.write_8t_data_in_eeprom_SPM
                0x000044dc       0x2e main.o
                0x000044dc                write_8t_data_in_eeprom_SPM
 .text.read_8t_data_in_eeprom_SPM
                0x0000450a        0xa main.o
                0x0000450a                read_8t_data_in_eeprom_SPM
 .text.ams_check
                0x00004514      0x1a4 main.o
                0x00004514                ams_check
 .text.STP      0x000046b8       0x18 main.o
                0x000046b8                STP
 .text.eeprom_init_read
                0x000046d0       0x48 main.o
                0x000046d0                eeprom_init_read
 .text.read_long_data_in_eeprom_SPM
                0x00004718        0xa main.o
                0x00004718                read_long_data_in_eeprom_SPM
 .text.display_print_function_numerics
                0x00004722       0x76 main.o
                0x00004722                display_print_function_numerics
 .text.write_data_in_eeprom_SPM_32bits
                0x00004798       0x66 main.o
                0x00004798                write_data_in_eeprom_SPM_32bits
 .text.reset_time
                0x000047fe      0x1b2 main.o
                0x000047fe                reset_time
 .text.display_runTime_serviceTime
                0x000049b0       0x74 main.o
                0x000049b0                display_runTime_serviceTime
 .text.calcutale_run_service_time
                0x00004a24      0x144 main.o
                0x00004a24                calcutale_run_service_time
 .text.__vector_34
                0x00004b68       0x54 main.o
                0x00004b68                __vector_34
 .text.__vector_29
                0x00004bbc      0x1a6 main.o
                0x00004bbc                __vector_29
 .text.__vector_45
                0x00004d62       0xb4 main.o
                0x00004d62                __vector_45
 .text.settings
                0x00004e16      0x798 main.o
                0x00004e16                settings
 .text.mode_1   0x000055ae       0x70 main.o
                0x000055ae                mode_1
 .text.main     0x0000561e       0xb4 main.o
                0x0000561e                main
 .text.avr-libc.fplib
                0x000056d2        0xe c:/program files (x86)/atmel/studio/7.0/toolchain/avr8/avr8-gnu-toolchain/bin/../lib/gcc/avr/5.4.0/../../../../avr/lib/avrxmega4\libm.a(addsf3.o)
                0x000056d2                __subsf3
                0x000056d4                __addsf3
 .text.avr-libc.fplib
                0x000056e0       0xcc c:/program files (x86)/atmel/studio/7.0/toolchain/avr8/avr8-gnu-toolchain/bin/../lib/gcc/avr/5.4.0/../../../../avr/lib/avrxmega4\libm.a(addsf3x.o)
                0x00005702                __addsf3x
 .text.avr-libc.fplib
                0x000057ac        0xa c:/program files (x86)/atmel/studio/7.0/toolchain/avr8/avr8-gnu-toolchain/bin/../lib/gcc/avr/5.4.0/../../../../avr/lib/avrxmega4\libm.a(cmpsf2.o)
                0x000057ac                __nesf2
                0x000057ac                __eqsf2
                0x000057ac                __cmpsf2
                0x000057ac                __ltsf2
                0x000057ac                __lesf2
 .text.avr-libc.fplib
                0x000057b6        0x8 c:/program files (x86)/atmel/studio/7.0/toolchain/avr8/avr8-gnu-toolchain/bin/../lib/gcc/avr/5.4.0/../../../../avr/lib/avrxmega4\libm.a(divsf3.o)
                0x000057b6                __divsf3
 .text.avr-libc.fplib
                0x000057be       0xdc c:/program files (x86)/atmel/studio/7.0/toolchain/avr8/avr8-gnu-toolchain/bin/../lib/gcc/avr/5.4.0/../../../../avr/lib/avrxmega4\libm.a(divsf3x.o)
                0x000057de                __divsf3x
                0x000057e4                __divsf3_pse
 .text.avr-libc.fplib
                0x0000589a        0xe c:/program files (x86)/atmel/studio/7.0/toolchain/avr8/avr8-gnu-toolchain/bin/../lib/gcc/avr/5.4.0/../../../../avr/lib/avrxmega4\libm.a(fixsfsi.o)
                0x0000589a                __fixsfsi
 .text.avr-libc.fplib
                0x000058a8       0x5e c:/program files (x86)/atmel/studio/7.0/toolchain/avr8/avr8-gnu-toolchain/bin/../lib/gcc/avr/5.4.0/../../../../avr/lib/avrxmega4\libm.a(fixunssfsi.o)
                0x000058a8                __fixunssfsi
 .text.avr-libc.fplib
                0x00005906       0x7a c:/program files (x86)/atmel/studio/7.0/toolchain/avr8/avr8-gnu-toolchain/bin/../lib/gcc/avr/5.4.0/../../../../avr/lib/avrxmega4\libm.a(floatsisf.o)
                0x00005906                __floatunsisf
                0x0000590a                __floatsisf
 .text.avr-libc.fplib
                0x00005980       0x48 c:/program files (x86)/atmel/studio/7.0/toolchain/avr8/avr8-gnu-toolchain/bin/../lib/gcc/avr/5.4.0/../../../../avr/lib/avrxmega4\libm.a(fp_cmp.o)
                0x00005980                __fp_cmp
 .text.avr-libc.fplib
                0x000059c8        0xc c:/program files (x86)/atmel/studio/7.0/toolchain/avr8/avr8-gnu-toolchain/bin/../lib/gcc/avr/5.4.0/../../../../avr/lib/avrxmega4\libm.a(fp_inf.o)
                0x000059c8                __fp_inf
 .text.avr-libc.fplib
                0x000059d4        0x6 c:/program files (x86)/atmel/studio/7.0/toolchain/avr8/avr8-gnu-toolchain/bin/../lib/gcc/avr/5.4.0/../../../../avr/lib/avrxmega4\libm.a(fp_nan.o)
                0x000059d4                __fp_nan
 .text.avr-libc.fplib
                0x000059da        0xe c:/program files (x86)/atmel/studio/7.0/toolchain/avr8/avr8-gnu-toolchain/bin/../lib/gcc/avr/5.4.0/../../../../avr/lib/avrxmega4\libm.a(fp_pscA.o)
                0x000059da                __fp_pscA
 .text.avr-libc.fplib
                0x000059e8        0xe c:/program files (x86)/atmel/studio/7.0/toolchain/avr8/avr8-gnu-toolchain/bin/../lib/gcc/avr/5.4.0/../../../../avr/lib/avrxmega4\libm.a(fp_pscB.o)
                0x000059e8                __fp_pscB
 .text.avr-libc.fplib
                0x000059f6       0x22 c:/program files (x86)/atmel/studio/7.0/toolchain/avr8/avr8-gnu-toolchain/bin/../lib/gcc/avr/5.4.0/../../../../avr/lib/avrxmega4\libm.a(fp_round.o)
                0x000059f6                __fp_round
 .text.avr-libc.fplib
                0x00005a18       0x44 c:/program files (x86)/atmel/studio/7.0/toolchain/avr8/avr8-gnu-toolchain/bin/../lib/gcc/avr/5.4.0/../../../../avr/lib/avrxmega4\libm.a(fp_split3.o)
                0x00005a18                __fp_split3
                0x00005a28                __fp_splitA
 .text.avr-libc.fplib
                0x00005a5c        0xe c:/program files (x86)/atmel/studio/7.0/toolchain/avr8/avr8-gnu-toolchain/bin/../lib/gcc/avr/5.4.0/../../../../avr/lib/avrxmega4\libm.a(fp_zero.o)
                0x00005a5c                __fp_zero
                0x00005a5e                __fp_szero
 .text.avr-libc.fplib
                0x00005a6a        0xa c:/program files (x86)/atmel/studio/7.0/toolchain/avr8/avr8-gnu-toolchain/bin/../lib/gcc/avr/5.4.0/../../../../avr/lib/avrxmega4\libm.a(gesf2.o)
                0x00005a6a                __gesf2
                0x00005a6a                __gtsf2
 .text.avr-libc.fplib
                0x00005a74       0xa0 c:/program files (x86)/atmel/studio/7.0/toolchain/avr8/avr8-gnu-toolchain/bin/../lib/gcc/avr/5.4.0/../../../../avr/lib/avrxmega4\libm.a(log.o)
                0x00005a84                log
 .text.avr-libc.fplib
                0x00005b14        0x8 c:/program files (x86)/atmel/studio/7.0/toolchain/avr8/avr8-gnu-toolchain/bin/../lib/gcc/avr/5.4.0/../../../../avr/lib/avrxmega4\libm.a(mulsf3.o)
                0x00005b14                __mulsf3
 .text.avr-libc.fplib
                0x00005b1c       0xd2 c:/program files (x86)/atmel/studio/7.0/toolchain/avr8/avr8-gnu-toolchain/bin/../lib/gcc/avr/5.4.0/../../../../avr/lib/avrxmega4\libm.a(mulsf3x.o)
                0x00005b3a                __mulsf3x
                0x00005b40                __mulsf3_pse
 .text.avr-libc.fplib
                0x00005bee       0x1c c:/program files (x86)/atmel/studio/7.0/toolchain/avr8/avr8-gnu-toolchain/bin/../lib/gcc/avr/5.4.0/../../../../avr/lib/avrxmega4\libm.a(fp_mpack.o)
                0x00005bee                __fp_mpack
                0x00005bf2                __fp_mpack_finite
 .text.avr-libc.fplib
                0x00005c0a       0x4e c:/program files (x86)/atmel/studio/7.0/toolchain/avr8/avr8-gnu-toolchain/bin/../lib/gcc/avr/5.4.0/../../../../avr/lib/avrxmega4\libm.a(fp_powser.o)
                0x00005c0a                __fp_powser
 .text.libgcc.div
                0x00005c58       0x28 c:/program files (x86)/atmel/studio/7.0/toolchain/avr8/avr8-gnu-toolchain/bin/../lib/gcc/avr/5.4.0/avrxmega4\libgcc.a(_divmodhi4.o)
                0x00005c58                _div
                0x00005c58                __divmodhi4
 .text.libgcc.div
                0x00005c80       0x44 c:/program files (x86)/atmel/studio/7.0/toolchain/avr8/avr8-gnu-toolchain/bin/../lib/gcc/avr/5.4.0/avrxmega4\libgcc.a(_udivmodsi4.o)
                0x00005c80                __udivmodsi4
 .text.libgcc.div
                0x00005cc4       0x2e c:/program files (x86)/atmel/studio/7.0/toolchain/avr8/avr8-gnu-toolchain/bin/../lib/gcc/avr/5.4.0/avrxmega4\libgcc.a(_divmodsi4.o)
                0x00005cc4                __divmodsi4
 .text.libgcc.div
                0x00005cf2       0x10 c:/program files (x86)/atmel/studio/7.0/toolchain/avr8/avr8-gnu-toolchain/bin/../lib/gcc/avr/5.4.0/avrxmega4\libgcc.a(_negsi2.o)
                0x00005cf2                __negsi2
 .text.libgcc.mul
                0x00005d02       0x1e c:/program files (x86)/atmel/studio/7.0/toolchain/avr8/avr8-gnu-toolchain/bin/../lib/gcc/avr/5.4.0/avrxmega4\libgcc.a(_umulhisi3.o)
                0x00005d02                __umulhisi3
 .text.libgcc.mul
                0x00005d20       0x16 c:/program files (x86)/atmel/studio/7.0/toolchain/avr8/avr8-gnu-toolchain/bin/../lib/gcc/avr/5.4.0/avrxmega4\libgcc.a(_muluhisi3.o)
                0x00005d20                __muluhisi3
 .text.libgcc.div
                0x00005d36       0x28 c:/program files (x86)/atmel/studio/7.0/toolchain/avr8/avr8-gnu-toolchain/bin/../lib/gcc/avr/5.4.0/avrxmega4\libgcc.a(_udivmodhi4.o)
                0x00005d36                __udivmodhi4
 .text.avr-libc
                0x00005d5e       0x38 c:/program files (x86)/atmel/studio/7.0/toolchain/avr8/avr8-gnu-toolchain/bin/../lib/gcc/avr/5.4.0/../../../../avr/lib/avrxmega4\libc.a(calloc.o)
                0x00005d5e                calloc
 .text.avr-libc
                0x00005d96      0x242 c:/program files (x86)/atmel/studio/7.0/toolchain/avr8/avr8-gnu-toolchain/bin/../lib/gcc/avr/5.4.0/../../../../avr/lib/avrxmega4\libc.a(malloc.o)
                0x00005d96                malloc
                0x00005ec6                free
 .text.avr-libc
                0x00005fd8      0x1ca c:/program files (x86)/atmel/studio/7.0/toolchain/avr8/avr8-gnu-toolchain/bin/../lib/gcc/avr/5.4.0/../../../../avr/lib/avrxmega4\libc.a(realloc.o)
                0x00005fd8                realloc
 .text.avr-libc
                0x000061a2       0x12 c:/program files (x86)/atmel/studio/7.0/toolchain/avr8/avr8-gnu-toolchain/bin/../lib/gcc/avr/5.4.0/../../../../avr/lib/avrxmega4\libc.a(memcpy.o)
                0x000061a2                memcpy
 .text.avr-libc
                0x000061b4        0xe c:/program files (x86)/atmel/studio/7.0/toolchain/avr8/avr8-gnu-toolchain/bin/../lib/gcc/avr/5.4.0/../../../../avr/lib/avrxmega4\libc.a(memset.o)
                0x000061b4                memset
 .text.avr-libc
                0x000061c2       0x10 C:/Program Files (x86)/Atmel/Studio/7.0/Packs/Atmel/AVR-Dx_DFP/1.9.103/gcc/dev/avr128da48/avrxmega4\libavr128da48.a(eerd_byte.o)
                0x000061c2                eeprom_read_byte
                0x000061ca                eeprom_mapen
 .text.avr-libc
                0x000061d2        0xe C:/Program Files (x86)/Atmel/Studio/7.0/Packs/Atmel/AVR-Dx_DFP/1.9.103/gcc/dev/avr128da48/avrxmega4\libavr128da48.a(eerd_dword.o)
                0x000061d2                eeprom_read_float
                0x000061d2                eeprom_read_dword
 .text.avr-libc
                0x000061e0        0xc C:/Program Files (x86)/Atmel/Studio/7.0/Packs/Atmel/AVR-Dx_DFP/1.9.103/gcc/dev/avr128da48/avrxmega4\libavr128da48.a(ccp_write.o)
                0x000061e0                ccp_write_io
                0x000061ec                . = ALIGN (0x2)
 *(.fini9)
 .fini9         0x000061ec        0x0 c:/program files (x86)/atmel/studio/7.0/toolchain/avr8/avr8-gnu-toolchain/bin/../lib/gcc/avr/5.4.0/avrxmega4\libgcc.a(_exit.o)
                0x000061ec                _exit
                0x000061ec                exit
 *(.fini9)
 *(.fini8)
 *(.fini8)
 *(.fini7)
 *(.fini7)
 *(.fini6)
 *(.fini6)
 *(.fini5)
 *(.fini5)
 *(.fini4)
 *(.fini4)
 *(.fini3)
 *(.fini3)
 *(.fini2)
 *(.fini2)
 *(.fini1)
 *(.fini1)
 *(.fini0)
 .fini0         0x000061ec        0x4 c:/program files (x86)/atmel/studio/7.0/toolchain/avr8/avr8-gnu-toolchain/bin/../lib/gcc/avr/5.4.0/avrxmega4\libgcc.a(_exit.o)
 *(.fini0)
                0x000061f0                _etext = .

.data           0x00804000      0x506 load address 0x000061f0
                0x00804000                PROVIDE (__data_start, .)
 *(.data)
 .data          0x00804000        0x6 c:/program files (x86)/atmel/studio/7.0/toolchain/avr8/avr8-gnu-toolchain/bin/../lib/gcc/avr/5.4.0/../../../../avr/lib/avrxmega4\libc.a(malloc.o)
                0x00804000                __malloc_heap_end
                0x00804002                __malloc_heap_start
                0x00804004                __malloc_margin
 *(.data*)
 .data.previous_x2.5649
                0x00804006        0x2 main.o
 .data.unit_mode_pwm
                0x00804008        0x1 main.o
                0x00804008                unit_mode_pwm
 .data.LPM_60   0x00804009        0x2 main.o
                0x00804009                LPM_60
 .data.LPM_50   0x0080400b        0x2 main.o
                0x0080400b                LPM_50
 .data.LPM_40   0x0080400d        0x2 main.o
                0x0080400d                LPM_40
 .data.LPM_30   0x0080400f        0x2 main.o
                0x0080400f                LPM_30
 .data.value_ok_flag
                0x00804011        0x1 main.o
                0x00804011                value_ok_flag
 .data.update_power_save_icon_flag
                0x00804012        0x1 main.o
                0x00804012                update_power_save_icon_flag
 .data.previous_unit_mode
                0x00804013        0x1 main.o
                0x00804013                previous_unit_mode
 .data.unit_mode
                0x00804014        0x1 main.o
                0x00804014                unit_mode
 .data.pre_def  0x00804015        0x6 main.o
                0x00804015                pre_def
 *(.gnu.linkonce.d*)
 *(.rodata)
 *(.rodata*)
 .rodata.str1.1
                0x0080401b      0x4ea main.o
 *(.gnu.linkonce.r*)
                0x00804506                . = ALIGN (0x2)
 *fill*         0x00804505        0x1 
                0x00804506                _edata = .
                0x00804506                PROVIDE (__data_end, .)

.bss            0x00804506       0xba
                0x00804506                PROVIDE (__bss_start, .)
 *(.bss)
 *(.bss*)
 .bss.smart_icon_serial.5547
                0x00804506        0x2 main.o
 .bss.lpm60_flag
                0x00804508        0x1 main.o
                0x00804508                lpm60_flag
 .bss.lpm50_flag
                0x00804509        0x1 main.o
                0x00804509                lpm50_flag
 .bss.lpm40_flag
                0x0080450a        0x1 main.o
                0x0080450a                lpm40_flag
 .bss.lpm30_flag
                0x0080450b        0x1 main.o
                0x0080450b                lpm30_flag
 .bss.Duty_cycle
                0x0080450c        0x2 main.o
                0x0080450c                Duty_cycle
 .bss.long_press_pwms_set
                0x0080450e        0x4 main.o
                0x0080450e                long_press_pwms_set
 .bss.pwm_value
                0x00804512        0x1 main.o
                0x00804512                pwm_value
 .bss.countRunTime
                0x00804513        0x1 main.o
                0x00804513                countRunTime
 .bss.mode_button_flag
                0x00804514        0x1 main.o
                0x00804514                mode_button_flag
 .bss.value_decrement_flag
                0x00804515        0x1 main.o
                0x00804515                value_decrement_flag
 .bss.value_increment_flag
                0x00804516        0x1 main.o
                0x00804516                value_increment_flag
 .bss.return_val
                0x00804517        0x2 main.o
                0x00804517                return_val
 .bss.smart_switch_timmer
                0x00804519        0x4 main.o
                0x00804519                smart_switch_timmer
 .bss.power_save_motor_on_timmer
                0x0080451d        0x4 main.o
                0x0080451d                power_save_motor_on_timmer
 .bss.power_save_icon_blink_flag
                0x00804521        0x1 main.o
                0x00804521                power_save_icon_blink_flag
 .bss.power_save_mode_on_flag
                0x00804522        0x1 main.o
                0x00804522                power_save_mode_on_flag
 .bss.power_save_timer_on_flag
                0x00804523        0x1 main.o
                0x00804523                power_save_timer_on_flag
 .bss.foot_switch_press_count
                0x00804524        0x1 main.o
                0x00804524                foot_switch_press_count
 .bss.smart_switch_cont_motor_on_flag
                0x00804525        0x1 main.o
                0x00804525                smart_switch_cont_motor_on_flag
 .bss.smart_switch_normal_motor_on_flag
                0x00804526        0x1 main.o
                0x00804526                smart_switch_normal_motor_on_flag
 .bss.foot_switch_detect_isr_flag
                0x00804527        0x1 main.o
                0x00804527                foot_switch_detect_isr_flag
 .bss.foot_switch_release_flag
                0x00804528        0x1 main.o
                0x00804528                foot_switch_release_flag
 .bss.foot_switch_press_flag
                0x00804529        0x1 main.o
                0x00804529                foot_switch_press_flag
 .bss.foot_switch_connected_flag
                0x0080452a        0x1 main.o
                0x0080452a                foot_switch_connected_flag
 .bss.smart_switch_delete_flag
                0x0080452b        0x1 main.o
                0x0080452b                smart_switch_delete_flag
 .bss.smart_switch_icon_update_flag
                0x0080452c        0x1 main.o
                0x0080452c                smart_switch_icon_update_flag
 .bss.previous_power_save_mode_flag
                0x0080452d        0x1 main.o
                0x0080452d                previous_power_save_mode_flag
 .bss.update_bar_flag
                0x0080452e        0x1 main.o
                0x0080452e                update_bar_flag
 .bss.unit_icon_update_flag
                0x0080452f        0x1 main.o
                0x0080452f                unit_icon_update_flag
 .bss.update_pressure_flag
                0x00804530        0x1 main.o
                0x00804530                update_pressure_flag
 .bss.Service_alarm_flag_run
                0x00804531        0x1 main.o
                0x00804531                Service_alarm_flag_run
 .bss.Service_alarm_flag
                0x00804532        0x1 main.o
                0x00804532                Service_alarm_flag
 .bss.backlit_on_flag
                0x00804533        0x1 main.o
                0x00804533                backlit_on_flag
 .bss.ntc_raw_adc
                0x00804534        0x4 main.o
                0x00804534                ntc_raw_adc
 .bss.current   0x00804538        0x4 main.o
                0x00804538                current
 .bss.R_ntc     0x0080453c        0x4 main.o
                0x0080453c                R_ntc
 .bss.temperature
                0x00804540        0x4 main.o
                0x00804540                temperature
 .bss.voltage   0x00804544        0x4 main.o
                0x00804544                voltage
 .bss.play_pause_button_press_flag
                0x00804548        0x1 main.o
                0x00804548                play_pause_button_press_flag
 .bss.button_motor_on_off_flag
                0x00804549        0x1 main.o
                0x00804549                button_motor_on_off_flag
 .bss.speed_button_press_flag
                0x0080454a        0x1 main.o
                0x0080454a                speed_button_press_flag
 .bss.unit_button_pressed_flag
                0x0080454b        0x1 main.o
                0x0080454b                unit_button_pressed_flag
 .bss.smart_switch_mode_flag
                0x0080454c        0x1 main.o
                0x0080454c                smart_switch_mode_flag
 .bss.g_currentMillis_runTime
                0x0080454d        0x4 main.o
                0x0080454d                g_currentMillis_runTime
 .bss.BOOOOOOL_TEMP1
                0x00804551        0x1 main.o
                0x00804551                BOOOOOOL_TEMP1
 .bss._300sec   0x00804552        0x1 main.o
                0x00804552                _300sec
 .bss._1sec     0x00804553        0x1 main.o
                0x00804553                _1sec
 .bss.g_foot_sw_blink_millis
                0x00804554        0x4 main.o
                0x00804554                g_foot_sw_blink_millis
 .bss.millis3   0x00804558        0x4 main.o
                0x00804558                millis3
 .bss.millis2   0x0080455c        0x4 main.o
                0x0080455c                millis2
 .bss.millis1   0x00804560        0x4 main.o
                0x00804560                millis1
 .bss.millis    0x00804564        0x4 main.o
                0x00804564                millis
 .bss.currentMillis
                0x00804568        0x4 main.o
                0x00804568                currentMillis
 .bss.allowedPressureDifference
                0x0080456c        0x4 main.o
                0x0080456c                allowedPressureDifference
 .bss.currentPressure
                0x00804570        0x4 main.o
                0x00804570                currentPressure
 .bss.previous_pressure
                0x00804574        0x4 main.o
                0x00804574                previous_pressure
 .bss.current_pressure_mpa
                0x00804578        0x4 main.o
                0x00804578                current_pressure_mpa
 .bss.current_pressure_cmh2O
                0x0080457c        0x4 main.o
                0x0080457c                current_pressure_cmh2O
 .bss.current_pressure_mmhg
                0x00804580        0x4 main.o
                0x00804580                current_pressure_mmhg
 .bss.previous_uc_ams_reset_flag
                0x00804584        0x1 main.o
                0x00804584                previous_uc_ams_reset_flag
 .bss.previous_soft_hard_reset_flag
                0x00804585        0x1 main.o
                0x00804585                previous_soft_hard_reset_flag
 .bss.timeout_count
                0x00804586        0x2 main.o
                0x00804586                timeout_count
 .bss.i2c_timeout_flag
                0x00804588        0x1 main.o
                0x00804588                i2c_timeout_flag
 *(COMMON)
 COMMON         0x00804589       0x33 main.o
                0x00804589                buff
                0x008045bb                alarm_motor_temp_flag
 COMMON         0x008045bc        0x4 c:/program files (x86)/atmel/studio/7.0/toolchain/avr8/avr8-gnu-toolchain/bin/../lib/gcc/avr/5.4.0/../../../../avr/lib/avrxmega4\libc.a(malloc.o)
                0x008045bc                __brkval
                0x008045be                __flp
                0x008045c0                PROVIDE (__bss_end, .)
                0x000061f0                __data_load_start = LOADADDR (.data)
                0x000066f6                __data_load_end = (__data_load_start + SIZEOF (.data))

.noinit         0x008045c0        0x0
                [!provide]                PROVIDE (__noinit_start, .)
 *(.noinit*)
                [!provide]                PROVIDE (__noinit_end, .)
                0x008045c0                _end = .
                0x008045c0                PROVIDE (__heap_start, .)

.eeprom         0x00810000        0x0
 *(.eeprom*)
                0x00810000                __eeprom_end = .

.fuse
 *(.fuse)
 *(.lfuse)
 *(.hfuse)
 *(.efuse)

.lock
 *(.lock*)

.signature
 *(.signature*)

.user_signatures
 *(.user_signatures*)

.stab
 *(.stab)

.stabstr
 *(.stabstr)

.stab.excl
 *(.stab.excl)

.stab.exclstr
 *(.stab.exclstr)

.stab.index
 *(.stab.index)

.stab.indexstr
 *(.stab.indexstr)

.comment        0x00000000       0x30
 *(.comment)
 .comment       0x00000000       0x30 main.o
                                 0x31 (size before relaxing)
 .comment       0x00000030       0x31 c:/program files (x86)/atmel/studio/7.0/toolchain/avr8/avr8-gnu-toolchain/bin/../lib/gcc/avr/5.4.0/../../../../avr/lib/avrxmega4\libc.a(calloc.o)
 .comment       0x00000030       0x31 c:/program files (x86)/atmel/studio/7.0/toolchain/avr8/avr8-gnu-toolchain/bin/../lib/gcc/avr/5.4.0/../../../../avr/lib/avrxmega4\libc.a(malloc.o)
 .comment       0x00000030       0x31 c:/program files (x86)/atmel/studio/7.0/toolchain/avr8/avr8-gnu-toolchain/bin/../lib/gcc/avr/5.4.0/../../../../avr/lib/avrxmega4\libc.a(realloc.o)

.note.gnu.avr.deviceinfo
                0x00000000       0x40
 .note.gnu.avr.deviceinfo
                0x00000000       0x40 C:/Program Files (x86)/Atmel/Studio/7.0/Packs/Atmel/AVR-Dx_DFP/1.9.103/gcc/dev/avr128da48/avrxmega4/crtavr128da48.o

.note.gnu.build-id
 *(.note.gnu.build-id)

.debug
 *(.debug)

.line
 *(.line)

.debug_srcinfo
 *(.debug_srcinfo)

.debug_sfnames
 *(.debug_sfnames)

.debug_aranges  0x00000000      0x438
 *(.debug_aranges)
 .debug_aranges
                0x00000000      0x3d8 main.o
 .debug_aranges
                0x000003d8       0x20 C:/Program Files (x86)/Atmel/Studio/7.0/Packs/Atmel/AVR-Dx_DFP/1.9.103/gcc/dev/avr128da48/avrxmega4\libavr128da48.a(eerd_byte.o)
 .debug_aranges
                0x000003f8       0x20 C:/Program Files (x86)/Atmel/Studio/7.0/Packs/Atmel/AVR-Dx_DFP/1.9.103/gcc/dev/avr128da48/avrxmega4\libavr128da48.a(eerd_dword.o)
 .debug_aranges
                0x00000418       0x20 C:/Program Files (x86)/Atmel/Studio/7.0/Packs/Atmel/AVR-Dx_DFP/1.9.103/gcc/dev/avr128da48/avrxmega4\libavr128da48.a(ccp_write.o)

.debug_pubnames
 *(.debug_pubnames)

.debug_info     0x00000000     0x9dce
 *(.debug_info .gnu.linkonce.wi.*)
 .debug_info    0x00000000     0x2c24 C:/Program Files (x86)/Atmel/Studio/7.0/Packs/Atmel/AVR-Dx_DFP/1.9.103/gcc/dev/avr128da48/avrxmega4/crtavr128da48.o
 .debug_info    0x00002c24     0x6fcc main.o
 .debug_info    0x00009bf0       0x9f C:/Program Files (x86)/Atmel/Studio/7.0/Packs/Atmel/AVR-Dx_DFP/1.9.103/gcc/dev/avr128da48/avrxmega4\libavr128da48.a(eerd_byte.o)
 .debug_info    0x00009c8f       0xa0 C:/Program Files (x86)/Atmel/Studio/7.0/Packs/Atmel/AVR-Dx_DFP/1.9.103/gcc/dev/avr128da48/avrxmega4\libavr128da48.a(eerd_dword.o)
 .debug_info    0x00009d2f       0x9f C:/Program Files (x86)/Atmel/Studio/7.0/Packs/Atmel/AVR-Dx_DFP/1.9.103/gcc/dev/avr128da48/avrxmega4\libavr128da48.a(ccp_write.o)

.debug_abbrev   0x00000000     0x2f51
 *(.debug_abbrev)
 .debug_abbrev  0x00000000     0x29ce C:/Program Files (x86)/Atmel/Studio/7.0/Packs/Atmel/AVR-Dx_DFP/1.9.103/gcc/dev/avr128da48/avrxmega4/crtavr128da48.o
 .debug_abbrev  0x000029ce      0x547 main.o
 .debug_abbrev  0x00002f15       0x14 C:/Program Files (x86)/Atmel/Studio/7.0/Packs/Atmel/AVR-Dx_DFP/1.9.103/gcc/dev/avr128da48/avrxmega4\libavr128da48.a(eerd_byte.o)
 .debug_abbrev  0x00002f29       0x14 C:/Program Files (x86)/Atmel/Studio/7.0/Packs/Atmel/AVR-Dx_DFP/1.9.103/gcc/dev/avr128da48/avrxmega4\libavr128da48.a(eerd_dword.o)
 .debug_abbrev  0x00002f3d       0x14 C:/Program Files (x86)/Atmel/Studio/7.0/Packs/Atmel/AVR-Dx_DFP/1.9.103/gcc/dev/avr128da48/avrxmega4\libavr128da48.a(ccp_write.o)

.debug_line     0x00000000     0x3750
 *(.debug_line .debug_line.* .debug_line_end)
 .debug_line    0x00000000      0x1f3 C:/Program Files (x86)/Atmel/Studio/7.0/Packs/Atmel/AVR-Dx_DFP/1.9.103/gcc/dev/avr128da48/avrxmega4/crtavr128da48.o
 .debug_line    0x000001f3     0x340f main.o
 .debug_line    0x00003602       0x79 C:/Program Files (x86)/Atmel/Studio/7.0/Packs/Atmel/AVR-Dx_DFP/1.9.103/gcc/dev/avr128da48/avrxmega4\libavr128da48.a(eerd_byte.o)
 .debug_line    0x0000367b       0x6e C:/Program Files (x86)/Atmel/Studio/7.0/Packs/Atmel/AVR-Dx_DFP/1.9.103/gcc/dev/avr128da48/avrxmega4\libavr128da48.a(eerd_dword.o)
 .debug_line    0x000036e9       0x67 C:/Program Files (x86)/Atmel/Studio/7.0/Packs/Atmel/AVR-Dx_DFP/1.9.103/gcc/dev/avr128da48/avrxmega4\libavr128da48.a(ccp_write.o)

.debug_frame    0x00000000      0xf28
 *(.debug_frame)
 .debug_frame   0x00000000      0xf28 main.o

.debug_str      0x00000000     0x3b72
 *(.debug_str)
 .debug_str     0x00000000     0x1320 C:/Program Files (x86)/Atmel/Studio/7.0/Packs/Atmel/AVR-Dx_DFP/1.9.103/gcc/dev/avr128da48/avrxmega4/crtavr128da48.o
 .debug_str     0x00001320     0x2852 main.o
                               0x2ac3 (size before relaxing)

.debug_loc      0x00000000     0x3fdb
 *(.debug_loc)
 .debug_loc     0x00000000     0x3fdb main.o

.debug_macinfo
 *(.debug_macinfo)

.debug_weaknames
 *(.debug_weaknames)

.debug_funcnames
 *(.debug_funcnames)

.debug_typenames
 *(.debug_typenames)

.debug_varnames
 *(.debug_varnames)

.debug_pubtypes
 *(.debug_pubtypes)

.debug_ranges   0x00000000      0x428
 *(.debug_ranges)
 .debug_ranges  0x00000000      0x428 main.o

.debug_macro
 *(.debug_macro)
OUTPUT(Dc_suction_pump.elf elf32-avr)
LOAD linker stubs
